Component: ARM Compiler 5.05 update 1 (build 106) Tool: armlink [4d0efa]

==============================================================================

Section Cross References

    main.o(.text) refers to controltask.o(.text) for ControtLoopTaskInit
    main.o(.text) refers to remotetask.o(.text) for RemoteTaskInit
    main.o(.text) refers to delay.o(.text) for delay_ms
    main.o(.text) refers to bsp.o(.text) for BSP_Init
    main.o(.text) refers to timer.o(.text) for Get_Time_Micros
    main.o(.text) refers to imu.o(.text) for IMU_getYawPitchRoll
    main.o(.text) refers to iotask.o(.text) for UploadParameter
    main.o(.text) refers to main.o(.data) for system_micrsecond
    main.o(.text) refers to imu.o(.bss) for angle
    bsp.o(.text) refers to misc.o(.text) for NVIC_PriorityGroupConfig
    bsp.o(.text) refers to gun.o(.text) for PWM_Configuration
    bsp.o(.text) refers to led.o(.text) for Led_Configuration
    bsp.o(.text) refers to laser.o(.text) for Laser_Configuration
    bsp.o(.text) refers to timer.o(.text) for TIM2_Configuration
    bsp.o(.text) refers to delay.o(.text) for delay_ms
    bsp.o(.text) refers to mpu6500.o(.text) for MPU6500_Init
    bsp.o(.text) refers to mpu6500_driver.o(.text) for IST8310_Init
    bsp.o(.text) refers to encoder.o(.text) for Quad_Encoder_Configuration
    bsp.o(.text) refers to can1.o(.text) for CAN1_Configuration
    bsp.o(.text) refers to can2.o(.text) for CAN2_Configuration
    bsp.o(.text) refers to usart1.o(.text) for USART1_Configuration
    bsp.o(.text) refers to usart2.o(.text) for Usart2_Init
    bsp.o(.text) refers to usart3.o(.text) for USART3_Configuration
    led.o(.text) refers to stm32f4xx_rcc.o(.text) for RCC_AHB1PeriphClockCmd
    led.o(.text) refers to stm32f4xx_gpio.o(.text) for GPIO_Init
    gun.o(.text) refers to stm32f4xx_rcc.o(.text) for RCC_AHB1PeriphClockCmd
    gun.o(.text) refers to stm32f4xx_gpio.o(.text) for GPIO_Init
    gun.o(.text) refers to stm32f4xx_tim.o(.text) for TIM_TimeBaseInit
    gun.o(.text) refers to gun.o(.data) for _step
    can2.o(.text) refers to stm32f4xx_rcc.o(.text) for RCC_AHB1PeriphClockCmd
    can2.o(.text) refers to stm32f4xx_gpio.o(.text) for GPIO_PinAFConfig
    can2.o(.text) refers to misc.o(.text) for NVIC_Init
    can2.o(.text) refers to stm32f4xx_can.o(.text) for CAN_DeInit
    exti.o(.text) refers to stm32f4xx_rcc.o(.text) for RCC_APB2PeriphClockCmd
    exti.o(.text) refers to stm32f4xx_gpio.o(.text) for GPIO_Init
    exti.o(.text) refers to stm32f4xx_syscfg.o(.text) for SYSCFG_EXTILineConfig
    exti.o(.text) refers to stm32f4xx_exti.o(.text) for EXTI_Init
    exti.o(.text) refers to misc.o(.text) for NVIC_Init
    laser.o(.text) refers to stm32f4xx_rcc.o(.text) for RCC_AHB1PeriphClockCmd
    laser.o(.text) refers to stm32f4xx_gpio.o(.text) for GPIO_Init
    timer.o(.text) refers to stm32f4xx_rcc.o(.text) for RCC_APB2PeriphClockCmd
    timer.o(.text) refers to stm32f4xx_tim.o(.text) for TIM_ARRPreloadConfig
    timer.o(.text) refers to misc.o(.text) for NVIC_Init
    timer.o(.text) refers to stm32f4xx_gpio.o(.text) for GPIO_ToggleBits
    timer.o(.text) refers to controltask.o(.text) for Control_Task
    usart1.o(.text) refers to fifo.o(.text) for FIFO_Init
    usart1.o(.text) refers to stm32f4xx_rcc.o(.text) for RCC_AHB1PeriphClockCmd
    usart1.o(.text) refers to stm32f4xx_gpio.o(.text) for GPIO_PinAFConfig
    usart1.o(.text) refers to stm32f4xx_usart.o(.text) for USART_DeInit
    usart1.o(.text) refers to stm32f4xx_dma.o(.text) for DMA_DeInit
    usart1.o(.text) refers to misc.o(.text) for NVIC_Init
    usart1.o(.text) refers to remotetask.o(.text) for RemoteDataPrcess
    usart1.o(.text) refers to supervisetask.o(.text) for GetLostCounter
    usart1.o(.text) refers to lostcounter.o(.text) for LostCounterFeed
    usart1.o(.text) refers to usart1.o(.bss) for _USART1_RX_BUF
    usart1.o(.text) refers to usart1.o(.data) for this_time_rx_len
    usart2.o(.text) refers to misc.o(.text) for NVIC_Init
    usart2.o(.text) refers to stm32f4xx_rcc.o(.text) for RCC_AHB1PeriphClockCmd
    usart2.o(.text) refers to stm32f4xx_gpio.o(.text) for GPIO_PinAFConfig
    usart2.o(.text) refers to stm32f4xx_usart.o(.text) for USART_Init
    usart2.o(.text) refers to usart2.o(.data) for TxCounter2
    usart2.o(.text) refers to usart2.o(.bss) for Tx2_Buf
    usart3.o(.text) refers to stm32f4xx_rcc.o(.text) for RCC_AHB1PeriphClockCmd
    usart3.o(.text) refers to stm32f4xx_gpio.o(.text) for GPIO_PinAFConfig
    usart3.o(.text) refers to stm32f4xx_usart.o(.text) for USART_Init
    usart3.o(.text) refers to misc.o(.text) for NVIC_Init
    usart3.o(.text) refers to fifo.o(.text) for FIFO_S_Create
    usart3.o(.text) refers to protocal_parser.o(.text) for FrameUnpack
    usart3.o(.text) refers to iotask.o(.text) for SetCaliCmdFlag
    usart3.o(.text) refers to usart3.o(.data) for UART_TranFifo
[...]
    TIM8_Configuration                       0x08000829   Thumb Code    84  timer.o(.text)
    TIM6_Configuration                       0x0800087d   Thumb Code    72  timer.o(.text)
    TIM6_Start                               0x080008c5   Thumb Code    30  timer.o(.text)
    TIM4_Configuration                       0x080008e3   Thumb Code    84  timer.o(.text)
    TIM2_Configuration                       0x08000937   Thumb Code    60  timer.o(.text)
    TIM2_IRQHandler                          0x08000973   Thumb Code    48  timer.o(.text)
    TIM6_DAC_IRQHandler                      0x080009a3   Thumb Code    34  timer.o(.text)
    Get_Time_Micros                          0x080009c5   Thumb Code     8  timer.o(.text)
    USART1_Configuration                     0x080009f1   Thumb Code   302  usart1.o(.text)
    USART1_IRQHandler                        0x08000b1f   Thumb Code   190  usart1.o(.text)
    USART1_GetRxBuf                          0x08000bdd   Thumb Code     4  usart1.o(.text)
    Usart2_Init                              0x08000bfd   Thumb Code   164  usart2.o(.text)
    USART2_IRQHandler                        0x08000ca1   Thumb Code   114  usart2.o(.text)
    Usart2_Send                              0x08000d13   Thumb Code    62  usart2.o(.text)
    Usart2_Send_Byte                         0x08000d51   Thumb Code    46  usart2.o(.text)
    BT_Init                                  0x08000d7f   Thumb Code    12  usart2.o(.text)
    fputc                                    0x08000d8b   Thumb Code    16  usart2.o(.text)
    USART3_Configuration                     0x08000db1   Thumb Code   182  usart3.o(.text)
    UART3_PrintCh                            0x08000e67   Thumb Code    28  usart3.o(.text)
    UART3_PrintBlock                         0x08000e83   Thumb Code    44  usart3.o(.text)
    USART3_IRQHandler                        0x08000eaf   Thumb Code   240  usart3.o(.text)
    CAN1_Configuration                       0x08000fb1   Thumb Code   260  can1.o(.text)
    GYRO_RST                                 0x080010b5   Thumb Code    86  can1.o(.text)
    CAN1_TX_IRQHandler                       0x0800110b   Thumb Code    22  can1.o(.text)
    CAN1_RX0_IRQHandler                      0x08001121   Thumb Code    50  can1.o(.text)
    Quad_Encoder_Configuration               0x08001161   Thumb Code    90  encoder.o(.text)
    Encoder_Start                            0x080011bb   Thumb Code    12  encoder.o(.text)
    GetQuadEncoderDiff                       0x080011c7   Thumb Code    40  encoder.o(.text)
    BSP_FLASH_GetFlashSector                 0x08001203   Thumb Code   116  bsp_flash.o(.text)
    BSP_FLASH_Write                          0x08001277   Thumb Code   168  bsp_flash.o(.text)
    BSP_FLASH_Read                           0x0800131f   Thumb Code    34  bsp_flash.o(.text)
    Reset_Handler                            0x08001371   Thumb Code     8  startup_stm32f4xx.o(.text)
    SysTick_Handler                          0x08001389   Thumb Code     2  startup_stm32f4xx.o(.text)
    ADC_IRQHandler                           0x0800138b   Thumb Code     0  startup_stm32f4xx.o(.text)
    CAN1_RX1_IRQHandler                      0x0800138b   Thumb Code     0  startup_stm32f4xx.o(.text)
    CAN1_SCE_IRQHandler                      0x0800138b   Thumb Code     0  startup_stm32f4xx.o(.text)
    CAN2_RX1_IRQHandler                      0x0800138b   Thumb Code     0  startup_stm32f4xx.o(.text)
    CAN2_SCE_IRQHandler                      0x0800138b   Thumb Code     0  startup_stm32f4xx.o(.text)
    CRYP_IRQHandler                          0x0800138b   Thumb Code     0  startup_stm32f4xx.o(.text)
    DCMI_IRQHandler                          0x0800138b   Thumb Code     0  startup_stm32f4xx.o(.text)
    DMA1_Stream0_IRQHandler                  0x0800138b   Thumb Code     0  startup_stm32f4xx.o(.text)
    DMA1_Stream1_IRQHandler                  0x0800138b   Thumb Code     0  startup_stm32f4xx.o(.text)
    DMA1_Stream2_IRQHandler                  0x0800138b   Thumb Code     0  startup_stm32f4xx.o(.text)
    DMA1_Stream3_IRQHandler                  0x0800138b   Thumb Code     0  startup_stm32f4xx.o(.text)
    DMA1_Stream4_IRQHandler                  0x0800138b   Thumb Code     0  startup_stm32f4xx.o(.text)
    DMA1_Stream5_IRQHandler                  0x0800138b   Thumb Code     0  startup_stm32f4xx.o(.text)
    DMA1_Stream6_IRQHandler                  0x0800138b   Thumb Code     0  startup_stm32f4xx.o(.text)
    DMA1_Stream7_IRQHandler                  0x0800138b   Thumb Code     0  startup_stm32f4xx.o(.text)
    DMA2_Stream0_IRQHandler                  0x0800138b   Thumb Code     0  startup_stm32f4xx.o(.text)
    DMA2_Stream1_IRQHandler                  0x0800138b   Thumb Code     0  startup_stm32f4xx.o(.text)
    DMA2_Stream2_IRQHandler                  0x0800138b   Thumb Code     0  startup_stm32f4xx.o(.text)
    DMA2_Stream3_IRQHandler                  0x0800138b   Thumb Code     0  startup_stm32f4xx.o(.text)
    DMA2_Stream4_IRQHandler                  0x0800138b   Thumb Code     0  startup_stm32f4xx.o(.text)
    DMA2_Stream5_IRQHandler                  0x0800138b   Thumb Code     0  startup_stm32f4xx.o(.text)
    DMA2_Stream6_IRQHandler                  0x0800138b   Thumb Code     0  startup_stm32f4xx.o(.text)
    DMA2_Stream7_IRQHandler                  0x0800138b   Thumb Code     0  startup_stm32f4xx.o(.text)
    ETH_IRQHandler                           0x0800138b   Thumb Code     0  startup_stm32f4xx.o(.text)
    ETH_WKUP_IRQHandler                      0x0800138b   Thumb Code     0  startup_stm32f4xx.o(.text)
    EXTI15_10_IRQHandler                     0x0800138b   Thumb Code     0  startup_stm32f4xx.o(.text)
    EXTI2_IRQHandler                         0x0800138b   Thumb Code     0  startup_stm32f4xx.o(.text)
    EXTI3_IRQHandler                         0x0800138b   Thumb Code     0  startup_stm32f4xx.o(.text)
    EXTI4_IRQHandler                         0x0800138b   Thumb Code     0  startup_stm32f4xx.o(.text)
    EXTI9_5_IRQHandler                       0x0800138b   Thumb Code     0  startup_stm32f4xx.o(.text)
    FLASH_IRQHandler                         0x0800138b   Thumb Code     0  startup_stm32f4xx.o(.text)
    FPU_IRQHandler                           0x0800138b   Thumb Code     0  startup_stm32f4xx.o(.text)
    FSMC_IRQHandler                          0x0800138b   Thumb Code     0  startup_stm32f4xx.o(.text)
    HASH_RNG_IRQHandler                      0x0800138b   Thumb Code     0  startup_stm32f4xx.o(.text)
    I2C1_ER_IRQHandler                       0x0800138b   Thumb Code     0  startup_stm32f4xx.o(.text)
    I2C1_EV_IRQHandler                       0x0800138b   Thumb Code     0  startup_stm32f4xx.o(.text)
    I2C2_ER_IRQHandler                       0x0800138b   Thumb Code     0  startup_stm32f4xx.o(.text)
    I2C2_EV_IRQHandler                       0x0800138b   Thumb Code     0  startup_stm32f4xx.o(.text)
    I2C3_ER_IRQHandler                       0x0800138b   Thumb Code     0  startup_stm32f4xx.o(.text)
    I2C3_EV_IRQHandler                       0x0800138b   Thumb Code     0  startup_stm32f4xx.o(.text)
    OTG_FS_IRQHandler                        0x0800138b   Thumb Code     0  startup_stm32f4xx.o(.text)
    OTG_FS_WKUP_IRQHandler                   0x0800138b   Thumb Code     0  startup_stm32f4xx.o(.text)
    OTG_HS_EP1_IN_IRQHandler                 0x0800138b   Thumb Code     0  startup_stm32f4xx.o(.text)
    OTG_HS_EP1_OUT_IRQHandler                0x0800138b   Thumb Code     0  startup_stm32f4xx.o(.text)
    OTG_HS_IRQHandler                        0x0800138b   Thumb Code     0  startup_stm32f4xx.o(.text)
    OTG_HS_WKUP_IRQHandler                   0x0800138b   Thumb Code     0  startup_stm32f4xx.o(.text)
    PVD_IRQHandler                           0x0800138b   Thumb Code     0  startup_stm32f4xx.o(.text)
    RCC_IRQHandler                           0x0800138b   Thumb Code     0  startup_stm32f4xx.o(.text)
    RTC_Alarm_IRQHandler                     0x0800138b   Thumb Code     0  startup_stm32f4xx.o(.text)
    RTC_WKUP_IRQHandler                      0x0800138b   Thumb Code     0  startup_stm32f4xx.o(.text)
    SDIO_IRQHandler                          0x0800138b   Thumb Code     0  startup_stm32f4xx.o(.text)
    SPI1_IRQHandler                          0x0800138b   Thumb Code     0  startup_stm32f4xx.o(.text)
    SPI2_IRQHandler                          0x0800138b   Thumb Code     0  startup_stm32f4xx.o(.text)
    SPI3_IRQHandler                          0x0800138b   Thumb Code     0  startup_stm32f4xx.o(.text)
    TAMP_STAMP_IRQHandler                    0x0800138b   Thumb Code     0  startup_stm32f4xx.o(.text)
    TIM1_BRK_TIM9_IRQHandler                 0x0800138b   Thumb Code     0  startup_stm32f4xx.o(.text)
    TIM1_CC_IRQHandler                       0x0800138b   Thumb Code     0  startup_stm32f4xx.o(.text)
    TIM1_TRG_COM_TIM11_IRQHandler            0x0800138b   Thumb Code     0  startup_stm32f4xx.o(.text)
    TIM1_UP_TIM10_IRQHandler                 0x0800138b   Thumb Code     0  startup_stm32f4xx.o(.text)
    TIM3_IRQHandler                          0x0800138b   Thumb Code     0  startup_stm32f4xx.o(.text)
    TIM4_IRQHandler                          0x0800138b   Thumb Code     0  startup_stm32f4xx.o(.text)
    TIM5_IRQHandler                          0x0800138b   Thumb Code     0  startup_stm32f4xx.o(.text)
    TIM7_IRQHandler                          0x0800138b   Thumb Code     0  startup_stm32f4xx.o(.text)
    TIM8_BRK_TIM12_IRQHandler                0x0800138b   Thumb Code     0  startup_stm32f4xx.o(.text)
    TIM8_CC_IRQHandler                       0x0800138b   Thumb Code     0  startup_stm32f4xx.o(.text)
    TIM8_TRG_COM_TIM14_IRQHandler            0x0800138b   Thumb Code     0  startup_stm32f4xx.o(.text)
    TIM8_UP_TIM13_IRQHandler                 0x0800138b   Thumb Code     0  startup_stm32f4xx.o(.text)
    UART4_IRQHandler                         0x0800138b   Thumb Code     0  startup_stm32f4xx.o(.text)
    UART5_IRQHandler                         0x0800138b   Thumb Code     0  startup_stm32f4xx.o(.text)
    USART6_IRQHandler                        0x0800138b   Thumb Code     0  startup_stm32f4xx.o(.text)
    WWDG_IRQHandler                          0x0800138b   Thumb Code     0  startup_stm32f4xx.o(.text)
    NMI_Handler                              0x08001395   Thumb Code     2  stm32f4xx_it.o(.text)
    HardFault_Handler                        0x08001397   Thumb Code     4  stm32f4xx_it.o(.text)
    MemManage_Handler                        0x0800139b   Thumb Code     4  stm32f4xx_it.o(.text)
    BusFault_Handler                         0x0800139f   Thumb Code     4  stm32f4xx_it.o(.text)
    UsageFault_Handler                       0x080013a3   Thumb Code     4  stm32f4xx_it.o(.text)
    SVC_Handler                              0x080013a7   Thumb Code     2  stm32f4xx_it.o(.text)
    DebugMon_Handler                         0x080013a9   Thumb Code     2  stm32f4xx_it.o(.text)
    PendSV_Handler                           0x080013ab   Thumb Code     2  stm32f4xx_it.o(.text)
    NVIC_PriorityGroupConfig                 0x080013ad   Thumb Code    10  misc.o(.text)
    NVIC_Init                                0x080013b7   Thumb Code   106  misc.o(.text)
    NVIC_SetVectorTable                      0x08001421   Thumb Code    14  misc.o(.text)
    NVIC_SystemLPConfig                      0x0800142f   Thumb Code    34  misc.o(.text)
    SysTick_CLKSourceConfig                  0x08001451   Thumb Code    40  misc.o(.text)
    CAN_DeInit                               0x0800148d   Thumb Code    50  stm32f4xx_can.o(.text)
    CAN_Init                                 0x080014bf   Thumb Code   276  stm32f4xx_can.o(.text)
    CAN_FilterInit                           0x080015d3   Thumb Code   258  stm32f4xx_can.o(.text)
    CAN_StructInit                           0x080016d5   Thumb Code    32  stm32f4xx_can.o(.text)
    CAN_SlaveStartBank                       0x080016f5   Thumb Code    48  stm32f4xx_can.o(.text)
    CAN_DBGFreeze                            0x08001725   Thumb Code    22  stm32f4xx_can.o(.text)
    CAN_TTComModeCmd                         0x0800173b   Thumb Code   118  stm32f4xx_can.o(.text)
    CAN_Transmit                             0x080017b1   Thumb Code   304  stm32f4xx_can.o(.text)
    CAN_TransmitStatus                       0x080018e1   Thumb Code   138  stm32f4xx_can.o(.text)
    CAN_CancelTransmit                       0x0800196b   Thumb Code    48  stm32f4xx_can.o(.text)
    CAN_Receive                              0x0800199b   Thumb Code   240  stm32f4xx_can.o(.text)
    CAN_FIFORelease                          0x08001a8b   Thumb Code    22  stm32f4xx_can.o(.text)
    CAN_MessagePending                       0x08001aa1   Thumb Code    30  stm32f4xx_can.o(.text)
    CAN_OperatingModeRequest                 0x08001abf   Thumb Code   162  stm32f4xx_can.o(.text)
    CAN_Sleep                                0x08001b61   Thumb Code    30  stm32f4xx_can.o(.text)
    CAN_WakeUp                               0x08001b7f   Thumb Code    48  stm32f4xx_can.o(.text)
    CAN_GetLastErrorCode                     0x08001baf   Thumb Code    12  stm32f4xx_can.o(.text)
    CAN_GetReceiveErrorCounter               0x08001bbb   Thumb Code    10  stm32f4xx_can.o(.text)
    CAN_GetLSBTransmitErrorCounter           0x08001bc5   Thumb Code    12  stm32f4xx_can.o(.text)
    CAN_ITConfig                             0x08001bd1   Thumb Code    18  stm32f4xx_can.o(.text)
    CAN_GetFlagStatus                        0x08001be3   Thumb Code   120  stm32f4xx_can.o(.text)
    CAN_ClearFlag                            0x08001c5b   Thumb Code    52  stm32f4xx_can.o(.text)
    CAN_GetITStatus                          0x08001ca1   Thumb Code   310  stm32f4xx_can.o(.text)
    CAN_ClearITPendingBit                    0x08001dd7   Thumb Code   162  stm32f4xx_can.o(.text)
    DMA_DeInit                               0x08001e7d   Thumb Code   324  stm32f4xx_dma.o(.text)
    DMA_Init                                 0x08001fc1   Thumb Code    82  stm32f4xx_dma.o(.text)
    DMA_StructInit                           0x08002013   Thumb Code    34  stm32f4xx_dma.o(.text)
    DMA_Cmd                                  0x08002035   Thumb Code    22  stm32f4xx_dma.o(.text)
    DMA_PeriphIncOffsetSizeConfig            0x0800204b   Thumb Code    22  stm32f4xx_dma.o(.text)
    DMA_FlowControllerConfig                 0x08002061   Thumb Code    22  stm32f4xx_dma.o(.text)
    DMA_SetCurrDataCounter                   0x08002077   Thumb Code     4  stm32f4xx_dma.o(.text)
    DMA_GetCurrDataCounter                   0x0800207b   Thumb Code     8  stm32f4xx_dma.o(.text)
    DMA_DoubleBufferModeConfig               0x08002083   Thumb Code    24  stm32f4xx_dma.o(.text)
    DMA_DoubleBufferModeCmd                  0x0800209b   Thumb Code    22  stm32f4xx_dma.o(.text)
    DMA_MemoryTargetConfig                   0x080020b1   Thumb Code    10  stm32f4xx_dma.o(.text)
    DMA_GetCurrentMemoryTarget               0x080020bb   Thumb Code    20  stm32f4xx_dma.o(.text)
    DMA_GetCmdStatus                         0x080020cf   Thumb Code    20  stm32f4xx_dma.o(.text)
    DMA_GetFIFOStatus                        0x080020e3   Thumb Code    12  stm32f4xx_dma.o(.text)
    DMA_GetFlagStatus                        0x080020ef   Thumb Code    56  stm32f4xx_dma.o(.text)
    DMA_ClearFlag                            0x08002127   Thumb Code    40  stm32f4xx_dma.o(.text)
    DMA_ITConfig                             0x0800214f   Thumb Code    58  stm32f4xx_dma.o(.text)
    DMA_GetITStatus                          0x08002189   Thumb Code    84  stm32f4xx_dma.o(.text)
    DMA_ClearITPendingBit                    0x080021dd   Thumb Code    40  stm32f4xx_dma.o(.text)
    EXTI_DeInit                              0x08002225   Thumb Code    28  stm32f4xx_exti.o(.text)
    EXTI_Init                                0x08002241   Thumb Code   142  stm32f4xx_exti.o(.text)
    EXTI_StructInit                          0x080022cf   Thumb Code    16  stm32f4xx_exti.o(.text)
    EXTI_GenerateSWInterrupt                 0x080022df   Thumb Code    16  stm32f4xx_exti.o(.text)
    EXTI_GetFlagStatus                       0x080022ef   Thumb Code    22  stm32f4xx_exti.o(.text)
    EXTI_ClearFlag                           0x08002305   Thumb Code     8  stm32f4xx_exti.o(.text)
    EXTI_GetITStatus                         0x0800230d   Thumb Code    34  stm32f4xx_exti.o(.text)
    EXTI_ClearITPendingBit                   0x0800232f   Thumb Code     8  stm32f4xx_exti.o(.text)
    FLASH_SetLatency                         0x08002341   Thumb Code     6  stm32f4xx_flash.o(.text)
    FLASH_PrefetchBufferCmd                  0x08002347   Thumb Code    30  stm32f4xx_flash.o(.text)
    FLASH_InstructionCacheCmd                0x08002365   Thumb Code    30  stm32f4xx_flash.o(.text)
    FLASH_DataCacheCmd                       0x08002383   Thumb Code    30  stm32f4xx_flash.o(.text)
    FLASH_InstructionCacheReset              0x080023a1   Thumb Code    14  stm32f4xx_flash.o(.text)
    FLASH_DataCacheReset                     0x080023af   Thumb Code    14  stm32f4xx_flash.o(.text)
    FLASH_Unlock                             0x080023bd   Thumb Code    26  stm32f4xx_flash.o(.text)
    FLASH_Lock                               0x080023d7   Thumb Code    18  stm32f4xx_flash.o(.text)
    FLASH_GetStatus                          0x080023e9   Thumb Code    74  stm32f4xx_flash.o(.text)
    FLASH_WaitForLastOperation               0x08002433   Thumb Code    34  stm32f4xx_flash.o(.text)
    FLASH_EraseSector                        0x08002455   Thumb Code   140  stm32f4xx_flash.o(.text)
    FLASH_EraseAllSectors                    0x080024e1   Thumb Code   112  stm32f4xx_flash.o(.text)
    FLASH_ProgramDoubleWord                  0x08002551   Thumb Code    86  stm32f4xx_flash.o(.text)
    FLASH_ProgramWord                        0x080025a7   Thumb Code    82  stm32f4xx_flash.o(.text)
    FLASH_ProgramHalfWord                    0x080025f9   Thumb Code    82  stm32f4xx_flash.o(.text)
    FLASH_ProgramByte                        0x0800264b   Thumb Code    78  stm32f4xx_flash.o(.text)
    FLASH_OB_Unlock                          0x08002699   Thumb Code    26  stm32f4xx_flash.o(.text)
    FLASH_OB_Lock                            0x080026b3   Thumb Code    18  stm32f4xx_flash.o(.text)
    FLASH_OB_WRPConfig                       0x080026c5   Thumb Code    54  stm32f4xx_flash.o(.text)
    FLASH_OB_RDPConfig                       0x080026fb   Thumb Code    24  stm32f4xx_flash.o(.text)
    FLASH_OB_UserConfig                      0x08002713   Thumb Code    68  stm32f4xx_flash.o(.text)
    FLASH_OB_BORConfig                       0x08002757   Thumb Code    22  stm32f4xx_flash.o(.text)
    FLASH_OB_Launch                          0x0800276d   Thumb Code    26  stm32f4xx_flash.o(.text)
    FLASH_OB_GetUser                         0x08002787   Thumb Code    10  stm32f4xx_flash.o(.text)
    FLASH_OB_GetWRP                          0x08002791   Thumb Code     8  stm32f4xx_flash.o(.text)
    FLASH_OB_GetRDP                          0x08002799   Thumb Code    20  stm32f4xx_flash.o(.text)
    FLASH_OB_GetBOR                          0x080027ad   Thumb Code    10  stm32f4xx_flash.o(.text)
    FLASH_ITConfig                           0x080027b7   Thumb Code    34  stm32f4xx_flash.o(.text)
    FLASH_GetFlagStatus                      0x080027d9   Thumb Code    22  stm32f4xx_flash.o(.text)
    FLASH_ClearFlag                          0x080027ef   Thumb Code     8  stm32f4xx_flash.o(.text)
    GPIO_DeInit                              0x080027fd   Thumb Code   220  stm32f4xx_gpio.o(.text)
    GPIO_Init                                0x080028d9   Thumb Code   144  stm32f4xx_gpio.o(.text)
    GPIO_StructInit                          0x08002969   Thumb Code    18  stm32f4xx_gpio.o(.text)
    GPIO_PinLockConfig                       0x0800297b   Thumb Code    34  stm32f4xx_gpio.o(.text)
    GPIO_ReadInputDataBit                    0x0800299d   Thumb Code    18  stm32f4xx_gpio.o(.text)
    GPIO_ReadInputData                       0x080029af   Thumb Code     8  stm32f4xx_gpio.o(.text)
    GPIO_ReadOutputDataBit                   0x080029b7   Thumb Code    18  stm32f4xx_gpio.o(.text)
    GPIO_ReadOutputData                      0x080029c9   Thumb Code     8  stm32f4xx_gpio.o(.text)
    GPIO_SetBits                             0x080029d1   Thumb Code     4  stm32f4xx_gpio.o(.text)
    GPIO_ResetBits                           0x080029d5   Thumb Code     4  stm32f4xx_gpio.o(.text)
    GPIO_WriteBit                            0x080029d9   Thumb Code    10  stm32f4xx_gpio.o(.text)
    GPIO_Write                               0x080029e3   Thumb Code     4  stm32f4xx_gpio.o(.text)
    GPIO_ToggleBits                          0x080029e7   Thumb Code     8  stm32f4xx_gpio.o(.text)
    GPIO_PinAFConfig                         0x080029ef   Thumb Code    70  stm32f4xx_gpio.o(.text)
    RCC_DeInit                               0x08002a59   Thumb Code    60  stm32f4xx_rcc.o(.text)
    RCC_HSEConfig                            0x08002a95   Thumb Code    14  stm32f4xx_rcc.o(.text)
    RCC_GetFlagStatus                        0x08002aa3   Thumb Code    60  stm32f4xx_rcc.o(.text)
    RCC_WaitForHSEStartUp                    0x08002adf   Thumb Code    56  stm32f4xx_rcc.o(.text)
    RCC_AdjustHSICalibrationValue            0x08002b17   Thumb Code    20  stm32f4xx_rcc.o(.text)
    RCC_HSICmd                               0x08002b2b   Thumb Code     6  stm32f4xx_rcc.o(.text)
    RCC_LSEConfig                            0x08002b31   Thumb Code    46  stm32f4xx_rcc.o(.text)
    RCC_LSICmd                               0x08002b5f   Thumb Code     6  stm32f4xx_rcc.o(.text)
    RCC_PLLConfig                            0x08002b65   Thumb Code    32  stm32f4xx_rcc.o(.text)
    RCC_PLLCmd                               0x08002b85   Thumb Code     6  stm32f4xx_rcc.o(.text)
    RCC_PLLI2SConfig                         0x08002b8b   Thumb Code    14  stm32f4xx_rcc.o(.text)
    RCC_PLLI2SCmd                            0x08002b99   Thumb Code     6  stm32f4xx_rcc.o(.text)
    RCC_ClockSecuritySystemCmd               0x08002b9f   Thumb Code     6  stm32f4xx_rcc.o(.text)
    RCC_MCO1Config                           0x08002ba5   Thumb Code    28  stm32f4xx_rcc.o(.text)
    RCC_MCO2Config                           0x08002bc1   Thumb Code    28  stm32f4xx_rcc.o(.text)
    RCC_SYSCLKConfig                         0x08002bdd   Thumb Code    20  stm32f4xx_rcc.o(.text)
    RCC_GetSYSCLKSource                      0x08002bf1   Thumb Code    12  stm32f4xx_rcc.o(.text)
    RCC_HCLKConfig                           0x08002bfd   Thumb Code    20  stm32f4xx_rcc.o(.text)
    RCC_PCLK1Config                          0x08002c11   Thumb Code    20  stm32f4xx_rcc.o(.text)
    RCC_PCLK2Config                          0x08002c25   Thumb Code    22  stm32f4xx_rcc.o(.text)
    RCC_GetClocksFreq                        0x08002c3b   Thumb Code   222  stm32f4xx_rcc.o(.text)
    RCC_RTCCLKConfig                         0x08002d19   Thumb Code    54  stm32f4xx_rcc.o(.text)
    RCC_RTCCLKCmd                            0x08002d4f   Thumb Code     8  stm32f4xx_rcc.o(.text)
    RCC_BackupResetCmd                       0x08002d57   Thumb Code     8  stm32f4xx_rcc.o(.text)
    RCC_I2SCLKConfig                         0x08002d5f   Thumb Code     6  stm32f4xx_rcc.o(.text)
    RCC_AHB1PeriphClockCmd                   0x08002d65   Thumb Code    34  stm32f4xx_rcc.o(.text)
    RCC_AHB2PeriphClockCmd                   0x08002d87   Thumb Code    34  stm32f4xx_rcc.o(.text)
    RCC_AHB3PeriphClockCmd                   0x08002da9   Thumb Code    34  stm32f4xx_rcc.o(.text)
    RCC_APB1PeriphClockCmd                   0x08002dcb   Thumb Code    34  stm32f4xx_rcc.o(.text)
    RCC_APB2PeriphClockCmd                   0x08002ded   Thumb Code    34  stm32f4xx_rcc.o(.text)
    RCC_AHB1PeriphResetCmd                   0x08002e0f   Thumb Code    34  stm32f4xx_rcc.o(.text)
    RCC_AHB2PeriphResetCmd                   0x08002e31   Thumb Code    72  stm32f4xx_rcc.o(.text)
    RCC_AHB3PeriphResetCmd                   0x08002e79   Thumb Code    34  stm32f4xx_rcc.o(.text)
    RCC_APB1PeriphResetCmd                   0x08002e9b   Thumb Code    34  stm32f4xx_rcc.o(.text)
    RCC_APB2PeriphResetCmd                   0x08002ebd   Thumb Code    34  stm32f4xx_rcc.o(.text)
    RCC_AHB1PeriphClockLPModeCmd             0x08002edf   Thumb Code    34  stm32f4xx_rcc.o(.text)
    RCC_AHB2PeriphClockLPModeCmd             0x08002f01   Thumb Code    34  stm32f4xx_rcc.o(.text)
    RCC_AHB3PeriphClockLPModeCmd             0x08002f23   Thumb Code    34  stm32f4xx_rcc.o(.text)
    RCC_APB1PeriphClockLPModeCmd             0x08002f45   Thumb Code    34  stm32f4xx_rcc.o(.text)
    RCC_APB2PeriphClockLPModeCmd             0x08002f67   Thumb Code    34  stm32f4xx_rcc.o(.text)
    RCC_ITConfig                             0x08002f89   Thumb Code    34  stm32f4xx_rcc.o(.text)
    RCC_ClearFlag                            0x08002fab   Thumb Code    18  stm32f4xx_rcc.o(.text)
    RCC_GetITStatus                          0x08002fbd   Thumb Code    22  stm32f4xx_rcc.o(.text)
    RCC_ClearITPendingBit                    0x08002fd3   Thumb Code     8  stm32f4xx_rcc.o(.text)
    SPI_I2S_DeInit                           0x08002fe1   Thumb Code    76  stm32f4xx_spi.o(.text)
    SPI_Init                                 0x0800302d   Thumb Code    60  stm32f4xx_spi.o(.text)
    I2S_Init                                 0x08003069   Thumb Code   350  stm32f4xx_spi.o(.text)
    SPI_StructInit                           0x080031c7   Thumb Code    24  stm32f4xx_spi.o(.text)
    I2S_StructInit                           0x080031df   Thumb Code    20  stm32f4xx_spi.o(.text)
    SPI_Cmd                                  0x080031f3   Thumb Code    24  stm32f4xx_spi.o(.text)
    I2S_Cmd                                  0x0800320b   Thumb Code    24  stm32f4xx_spi.o(.text)
    SPI_DataSizeConfig                       0x08003223   Thumb Code    18  stm32f4xx_spi.o(.text)
    SPI_BiDirectionalLineConfig              0x08003235   Thumb Code    28  stm32f4xx_spi.o(.text)
    SPI_NSSInternalSoftwareConfig            0x08003251   Thumb Code    30  stm32f4xx_spi.o(.text)
    SPI_SSOutputCmd                          0x0800326f   Thumb Code    24  stm32f4xx_spi.o(.text)
    SPI_TIModeCmd                            0x08003287   Thumb Code    24  stm32f4xx_spi.o(.text)
    I2S_FullDuplexConfig                     0x0800329f   Thumb Code    80  stm32f4xx_spi.o(.text)
    SPI_I2S_ReceiveData                      0x080032ef   Thumb Code     6  stm32f4xx_spi.o(.text)
    SPI_I2S_SendData                         0x080032f5   Thumb Code     4  stm32f4xx_spi.o(.text)
    SPI_CalculateCRC                         0x080032f9   Thumb Code    24  stm32f4xx_spi.o(.text)
    SPI_TransmitCRC                          0x08003311   Thumb Code    10  stm32f4xx_spi.o(.text)
    SPI_GetCRC                               0x0800331b   Thumb Code    16  stm32f4xx_spi.o(.text)
    SPI_GetCRCPolynomial                     0x0800332b   Thumb Code     6  stm32f4xx_spi.o(.text)
    SPI_I2S_DMACmd                           0x08003331   Thumb Code    18  stm32f4xx_spi.o(.text)
    SPI_I2S_ITConfig                         0x08003343   Thumb Code    32  stm32f4xx_spi.o(.text)
    SPI_I2S_GetFlagStatus                    0x08003363   Thumb Code    18  stm32f4xx_spi.o(.text)
    SPI_I2S_ClearFlag                        0x08003375   Thumb Code     6  stm32f4xx_spi.o(.text)
    SPI_I2S_GetITStatus                      0x0800337b   Thumb Code    52  stm32f4xx_spi.o(.text)
    SPI_I2S_ClearITPendingBit                0x080033af   Thumb Code    42  stm32f4xx_spi.o(.text)
    SYSCFG_DeInit                            0x080033d9   Thumb Code    22  stm32f4xx_syscfg.o(.text)
    SYSCFG_MemoryRemapConfig                 0x080033ef   Thumb Code     6  stm32f4xx_syscfg.o(.text)
    SYSCFG_EXTILineConfig                    0x080033f5   Thumb Code    66  stm32f4xx_syscfg.o(.text)
    SYSCFG_ETH_MediaInterfaceConfig          0x08003437   Thumb Code     6  stm32f4xx_syscfg.o(.text)
    SYSCFG_CompensationCellCmd               0x0800343d   Thumb Code     6  stm32f4xx_syscfg.o(.text)
    SYSCFG_GetCompensationCellStatus         0x08003443   Thumb Code    22  stm32f4xx_syscfg.o(.text)
    TIM_DeInit                               0x08003465   Thumb Code   346  stm32f4xx_tim.o(.text)
    TIM_TimeBaseInit                         0x080035bf   Thumb Code   104  stm32f4xx_tim.o(.text)
    TIM_TimeBaseStructInit                   0x08003627   Thumb Code    18  stm32f4xx_tim.o(.text)
    TIM_PrescalerConfig                      0x08003639   Thumb Code     6  stm32f4xx_tim.o(.text)
    TIM_CounterModeConfig                    0x0800363f   Thumb Code    18  stm32f4xx_tim.o(.text)
    TIM_SetCounter                           0x08003651   Thumb Code     4  stm32f4xx_tim.o(.text)
    TIM_SetAutoreload                        0x08003655   Thumb Code     4  stm32f4xx_tim.o(.text)
    TIM_GetCounter                           0x08003659   Thumb Code     6  stm32f4xx_tim.o(.text)
    TIM_GetPrescaler                         0x0800365f   Thumb Code     6  stm32f4xx_tim.o(.text)
    TIM_UpdateDisableConfig                  0x08003665   Thumb Code    24  stm32f4xx_tim.o(.text)
    TIM_UpdateRequestConfig                  0x0800367d   Thumb Code    24  stm32f4xx_tim.o(.text)
    TIM_ARRPreloadConfig                     0x08003695   Thumb Code    24  stm32f4xx_tim.o(.text)
    TIM_SelectOnePulseMode                   0x080036ad   Thumb Code    18  stm32f4xx_tim.o(.text)
    TIM_SetClockDivision                     0x080036bf   Thumb Code    18  stm32f4xx_tim.o(.text)
    TIM_Cmd                                  0x080036d1   Thumb Code    24  stm32f4xx_tim.o(.text)
    TIM_OC1Init                              0x080036e9   Thumb Code   114  stm32f4xx_tim.o(.text)
    TIM_OC2Init                              0x0800375b   Thumb Code   154  stm32f4xx_tim.o(.text)
    TIM_OC3Init                              0x080037f5   Thumb Code   204  stm32f4xx_tim.o(.text)
    TIM_OC4Init                              0x080038c1   Thumb Code   112  stm32f4xx_tim.o(.text)
    TIM_OCStructInit                         0x08003931   Thumb Code    20  stm32f4xx_tim.o(.text)
    TIM_SelectOCxM                           0x08003945   Thumb Code    86  stm32f4xx_tim.o(.text)
    TIM_SetCompare1                          0x0800399b   Thumb Code     4  stm32f4xx_tim.o(.text)
    TIM_SetCompare2                          0x0800399f   Thumb Code     4  stm32f4xx_tim.o(.text)
    TIM_SetCompare3                          0x080039a3   Thumb Code     4  stm32f4xx_tim.o(.text)
    TIM_SetCompare4                          0x080039a7   Thumb Code     4  stm32f4xx_tim.o(.text)
    TIM_ForcedOC1Config                      0x080039ab   Thumb Code    18  stm32f4xx_tim.o(.text)
    TIM_ForcedOC2Config                      0x080039bd   Thumb Code    26  stm32f4xx_tim.o(.text)
    TIM_ForcedOC3Config                      0x080039d7   Thumb Code    18  stm32f4xx_tim.o(.text)
    TIM_ForcedOC4Config                      0x080039e9   Thumb Code    26  stm32f4xx_tim.o(.text)
    TIM_OC1PreloadConfig                     0x08003a03   Thumb Code    18  stm32f4xx_tim.o(.text)
    TIM_OC2PreloadConfig                     0x08003a15   Thumb Code    26  stm32f4xx_tim.o(.text)
    TIM_OC3PreloadConfig                     0x08003a2f   Thumb Code    18  stm32f4xx_tim.o(.text)
    TIM_OC4PreloadConfig                     0x08003a41   Thumb Code    26  stm32f4xx_tim.o(.text)
    TIM_OC1FastConfig                        0x08003a5b   Thumb Code    18  stm32f4xx_tim.o(.text)
    TIM_OC2FastConfig                        0x08003a6d   Thumb Code    26  stm32f4xx_tim.o(.text)
    TIM_OC3FastConfig                        0x08003a87   Thumb Code    18  stm32f4xx_tim.o(.text)
    TIM_OC4FastConfig                        0x08003a99   Thumb Code    26  stm32f4xx_tim.o(.text)
    TIM_ClearOC1Ref                          0x08003ab3   Thumb Code    18  stm32f4xx_tim.o(.text)
    TIM_ClearOC2Ref                          0x08003ac5   Thumb Code    24  stm32f4xx_tim.o(.text)
    TIM_ClearOC3Ref                          0x08003add   Thumb Code    18  stm32f4xx_tim.o(.text)
    TIM_ClearOC4Ref                          0x08003aef   Thumb Code    24  stm32f4xx_tim.o(.text)
    TIM_OC1PolarityConfig                    0x08003b07   Thumb Code    18  stm32f4xx_tim.o(.text)
    TIM_OC1NPolarityConfig                   0x08003b19   Thumb Code    18  stm32f4xx_tim.o(.text)
    TIM_OC2PolarityConfig                    0x08003b2b   Thumb Code    26  stm32f4xx_tim.o(.text)
    TIM_OC2NPolarityConfig                   0x08003b45   Thumb Code    26  stm32f4xx_tim.o(.text)
    TIM_OC3PolarityConfig                    0x08003b5f   Thumb Code    26  stm32f4xx_tim.o(.text)
    TIM_OC3NPolarityConfig                   0x08003b79   Thumb Code    26  stm32f4xx_tim.o(.text)
    TIM_OC4PolarityConfig                    0x08003b93   Thumb Code    26  stm32f4xx_tim.o(.text)
    TIM_CCxCmd                               0x08003bad   Thumb Code    30  stm32f4xx_tim.o(.text)
    TIM_CCxNCmd                              0x08003bcb   Thumb Code    30  stm32f4xx_tim.o(.text)
    TIM_SetIC4Prescaler                      0x08003be9   Thumb Code    26  stm32f4xx_tim.o(.text)
    TIM_SetIC3Prescaler                      0x08003c53   Thumb Code    18  stm32f4xx_tim.o(.text)
    TIM_SetIC2Prescaler                      0x08003cad   Thumb Code    26  stm32f4xx_tim.o(.text)
    TIM_SetIC1Prescaler                      0x08003d21   Thumb Code    18  stm32f4xx_tim.o(.text)
    TIM_ICInit                               0x08003d6d   Thumb Code   110  stm32f4xx_tim.o(.text)
    TIM_ICStructInit                         0x08003ddb   Thumb Code    18  stm32f4xx_tim.o(.text)
    TIM_PWMIConfig                           0x08003ded   Thumb Code   124  stm32f4xx_tim.o(.text)
    TIM_GetCapture1                          0x08003e69   Thumb Code     6  stm32f4xx_tim.o(.text)
    TIM_GetCapture2                          0x08003e6f   Thumb Code     6  stm32f4xx_tim.o(.text)
    TIM_GetCapture3                          0x08003e75   Thumb Code     6  stm32f4xx_tim.o(.text)
    TIM_GetCapture4                          0x08003e7b   Thumb Code     6  stm32f4xx_tim.o(.text)
    TIM_BDTRConfig                           0x08003e81   Thumb Code    32  stm32f4xx_tim.o(.text)
    TIM_BDTRStructInit                       0x08003ea1   Thumb Code    18  stm32f4xx_tim.o(.text)
    TIM_CtrlPWMOutputs                       0x08003eb3   Thumb Code    30  stm32f4xx_tim.o(.text)
    TIM_SelectCOM                            0x08003ed1   Thumb Code    24  stm32f4xx_tim.o(.text)
    TIM_CCPreloadControl                     0x08003ee9   Thumb Code    24  stm32f4xx_tim.o(.text)
    TIM_ITConfig                             0x08003f01   Thumb Code    18  stm32f4xx_tim.o(.text)
    TIM_GenerateEvent                        0x08003f13   Thumb Code     4  stm32f4xx_tim.o(.text)
    TIM_GetFlagStatus                        0x08003f17   Thumb Code    18  stm32f4xx_tim.o(.text)
    TIM_ClearFlag                            0x08003f29   Thumb Code     6  stm32f4xx_tim.o(.text)
    TIM_GetITStatus                          0x08003f2f   Thumb Code    34  stm32f4xx_tim.o(.text)
    TIM_ClearITPendingBit                    0x08003f51   Thumb Code     6  stm32f4xx_tim.o(.text)
    TIM_DMAConfig                            0x08003f57   Thumb Code    10  stm32f4xx_tim.o(.text)
    TIM_DMACmd                               0x08003f61   Thumb Code    18  stm32f4xx_tim.o(.text)
    TIM_SelectCCDMA                          0x08003f73   Thumb Code    24  stm32f4xx_tim.o(.text)
    TIM_InternalClockConfig                  0x08003f8b   Thumb Code    12  stm32f4xx_tim.o(.text)
    TIM_SelectInputTrigger                   0x08003f97   Thumb Code    18  stm32f4xx_tim.o(.text)
    TIM_ITRxExternalClockConfig              0x08003fa9   Thumb Code    24  stm32f4xx_tim.o(.text)
    TIM_TIxExternalClockConfig               0x08003fc1   Thumb Code    62  stm32f4xx_tim.o(.text)
    TIM_ETRConfig                            0x08003fff   Thumb Code    28  stm32f4xx_tim.o(.text)
    TIM_ETRClockMode1Config                  0x0800401b   Thumb Code    54  stm32f4xx_tim.o(.text)
    TIM_ETRClockMode2Config                  0x08004051   Thumb Code    32  stm32f4xx_tim.o(.text)
    TIM_SelectOutputTrigger                  0x08004071   Thumb Code    18  stm32f4xx_tim.o(.text)
    TIM_SelectSlaveMode                      0x08004083   Thumb Code    18  stm32f4xx_tim.o(.text)
    TIM_SelectMasterSlaveMode                0x08004095   Thumb Code    18  stm32f4xx_tim.o(.text)
    TIM_EncoderInterfaceConfig               0x080040a7   Thumb Code    66  stm32f4xx_tim.o(.text)
    TIM_SelectHallSensor                     0x080040e9   Thumb Code    24  stm32f4xx_tim.o(.text)
    TIM_RemapConfig                          0x08004101   Thumb Code     6  stm32f4xx_tim.o(.text)
    USART_DeInit                             0x08004109   Thumb Code   156  stm32f4xx_usart.o(.text)
    USART_Init                               0x080041a5   Thumb Code   204  stm32f4xx_usart.o(.text)
    USART_StructInit                         0x08004271   Thumb Code    24  stm32f4xx_usart.o(.text)
    USART_ClockInit                          0x08004289   Thumb Code    32  stm32f4xx_usart.o(.text)
    USART_ClockStructInit                    0x080042a9   Thumb Code    12  stm32f4xx_usart.o(.text)
    USART_Cmd                                0x080042b5   Thumb Code    24  stm32f4xx_usart.o(.text)
    USART_SetPrescaler                       0x080042cd   Thumb Code    16  stm32f4xx_usart.o(.text)
    USART_OverSampling8Cmd                   0x080042dd   Thumb Code    22  stm32f4xx_usart.o(.text)
    USART_OneBitMethodCmd                    0x080042f3   Thumb Code    24  stm32f4xx_usart.o(.text)
    USART_SendData                           0x0800430b   Thumb Code     8  stm32f4xx_usart.o(.text)
    USART_ReceiveData                        0x08004313   Thumb Code    10  stm32f4xx_usart.o(.text)
    USART_SetAddress                         0x0800431d   Thumb Code    18  stm32f4xx_usart.o(.text)
    USART_ReceiverWakeUpCmd                  0x0800432f   Thumb Code    24  stm32f4xx_usart.o(.text)
    USART_WakeUpConfig                       0x08004347   Thumb Code    18  stm32f4xx_usart.o(.text)
    USART_LINBreakDetectLengthConfig         0x08004359   Thumb Code    18  stm32f4xx_usart.o(.text)
    USART_LINCmd                             0x0800436b   Thumb Code    24  stm32f4xx_usart.o(.text)
    USART_SendBreak                          0x08004383   Thumb Code    10  stm32f4xx_usart.o(.text)
    USART_HalfDuplexCmd                      0x0800438d   Thumb Code    24  stm32f4xx_usart.o(.text)
    USART_SetGuardTime                       0x080043a5   Thumb Code    16  stm32f4xx_usart.o(.text)
    USART_SmartCardCmd                       0x080043b5   Thumb Code    24  stm32f4xx_usart.o(.text)
    USART_SmartCardNACKCmd                   0x080043cd   Thumb Code    24  stm32f4xx_usart.o(.text)
    USART_IrDAConfig                         0x080043e5   Thumb Code    18  stm32f4xx_usart.o(.text)
    USART_IrDACmd                            0x080043f7   Thumb Code    24  stm32f4xx_usart.o(.text)
    USART_DMACmd                             0x0800440f   Thumb Code    18  stm32f4xx_usart.o(.text)
    USART_ITConfig                           0x08004421   Thumb Code    74  stm32f4xx_usart.o(.text)
    USART_GetFlagStatus                      0x0800446b   Thumb Code    26  stm32f4xx_usart.o(.text)
    USART_ClearFlag                          0x08004485   Thumb Code    18  stm32f4xx_usart.o(.text)
    USART_GetITStatus                        0x08004497   Thumb Code   110  stm32f4xx_usart.o(.text)
    USART_ClearITPendingBit                  0x08004505   Thumb Code    30  stm32f4xx_usart.o(.text)
    SystemInit                               0x08004601   Thumb Code    88  system_stm32f4xx.o(.text)
    SystemCoreClockUpdate                    0x08004659   Thumb Code   174  system_stm32f4xx.o(.text)
    invSqrt                                  0x08004735   Thumb Code    56  imu.o(.text)
    Init_Quaternion                          0x0800476d   Thumb Code   664  imu.o(.text)
    IMU_getValues                            0x08004a05   Thumb Code   196  imu.o(.text)
    IMU_AHRSupdate                           0x08004ac9   Thumb Code  2512  imu.o(.text)
    IMU_getQ                                 0x08005499   Thumb Code    56  imu.o(.text)
    IMU_getYawPitchRoll                      0x080054d1   Thumb Code   552  imu.o(.text)
    GetPitchYawGxGyGz                        0x080056f9   Thumb Code   218  imu.o(.text)
    MPU6050_DataSave                         0x08005825   Thumb Code   494  mpu6500.o(.text)
    MPU6500_ReadValue                        0x08005a13   Thumb Code   558  mpu6500.o(.text)
    MPU6050_getlastMotion6                   0x08005c41   Thumb Code   142  mpu6500.o(.text)
    MPU6500_CE                               0x08005d2b   Thumb Code    78  mpu6500.o(.text)
    MPU6500_Date_Offset                      0x08005d79   Thumb Code   318  mpu6500.o(.text)
    MPU6500_Init                             0x08005eb7   Thumb Code   116  mpu6500.o(.text)
    SPI5_Read_Write_Byte                     0x08005f39   Thumb Code    78  mpu6500_driver.o(.text)
    MPU6500_Write_Reg                        0x08005f87   Thumb Code    40  mpu6500_driver.o(.text)
    MPU6500_Read_Reg                         0x08005fef   Thumb Code    40  mpu6500_driver.o(.text)
    IST8310_Init                             0x080060dd   Thumb Code   242  mpu6500_driver.o(.text)
    HMC58X3_newValues                        0x080061cf   Thumb Code   334  mpu6500_driver.o(.text)
    IST8310_getRaw                           0x0800631d   Thumb Code   158  mpu6500_driver.o(.text)
    IST8310_getlastValues                    0x080063bb   Thumb Code    22  mpu6500_driver.o(.text)
    IST8310_mgetValues                       0x080063d1   Thumb Code   106  mpu6500_driver.o(.text)
    SPI5_Init                                0x0800643b   Thumb Code   212  mpu6500_driver.o(.text)
    Is_AppParam_Calied                       0x0800652d   Thumb Code     6  iotask.o(.text)
    AppParamInit                             0x08006547   Thumb Code   276  iotask.o(.text)
    SetGimbalCaliData                        0x0800665b   Thumb Code    24  iotask.o(.text)
    SetGyroCaliData                          0x08006673   Thumb Code    28  iotask.o(.text)
    SetAccCaliData                           0x0800668f   Thumb Code    24  iotask.o(.text)
    SetMagCaliData                           0x080066a7   Thumb Code    24  iotask.o(.text)
    SetPIDCaliData                           0x080066bf   Thumb Code   280  iotask.o(.text)
    GetGimbalCaliData                        0x080067d7   Thumb Code    16  iotask.o(.text)
    GetGyroCaliData                          0x080067e7   Thumb Code    20  iotask.o(.text)
    GetAccCaliData                           0x080067fb   Thumb Code    20  iotask.o(.text)
    GetMagCaliData                           0x0800680f   Thumb Code    20  iotask.o(.text)
    IsGimbalCalied                           0x08006823   Thumb Code    16  iotask.o(.text)
    IsGyroCalied                             0x08006833   Thumb Code    16  iotask.o(.text)
    IsAccCalied                              0x08006843   Thumb Code    18  iotask.o(.text)
    IsMagCalied                              0x08006855   Thumb Code    18  iotask.o(.text)
    SetCaliCmdFlag                           0x08006867   Thumb Code    12  iotask.o(.text)
    ResetCaliCmdFlag                         0x08006873   Thumb Code    12  iotask.o(.text)
    GetCaliCmdFlagGrp                        0x0800687f   Thumb Code     6  iotask.o(.text)
    IsCaliCmdFlagSet                         0x08006885   Thumb Code    18  iotask.o(.text)
    Sensor_Offset_Param_Init                 0x08006897   Thumb Code   112  iotask.o(.text)
    MagEndCaliProcess                        0x08006907   Thumb Code   190  iotask.o(.text)
    MagStartCaliProcess                      0x080069c5   Thumb Code    26  iotask.o(.text)
    GimbalCaliProcess                        0x080069df   Thumb Code   134  iotask.o(.text)
    GyroCaliProcess                          0x08006a65   Thumb Code   202  iotask.o(.text)
    CalibrateLoop                            0x08006b2f   Thumb Code   234  iotask.o(.text)
    PIDCaliProcess                           0x08006c19   Thumb Code    22  iotask.o(.text)
    UploadParameter                          0x08006c2f   Thumb Code   616  iotask.o(.text)
    PrintFSM                                 0x08006ec9   Thumb Code    64  controltask.o(.text)
    PrintError                               0x08006f09   Thumb Code   192  controltask.o(.text)
    GetWorkState                             0x08006fcf   Thumb Code     6  controltask.o(.text)
    CMControlLoop                            0x08006fd5   Thumb Code  1132  controltask.o(.text)
    ShooterMControlLoop                      0x08007441   Thumb Code   160  controltask.o(.text)
    SetGimbalMotorOutput                     0x080074e1   Thumb Code    82  controltask.o(.text)
    GMYawControlLoop                         0x08007533   Thumb Code   274  controltask.o(.text)
    GMPitchControlLoop                       0x08007645   Thumb Code   272  controltask.o(.text)
    GimbalYawControlModeSwitch               0x08007755   Thumb Code   440  controltask.o(.text)
    ControtLoopTaskInit                      0x0800790d   Thumb Code   268  controltask.o(.text)
    WorkStateFSM                             0x08007a37   Thumb Code   292  controltask.o(.text)
    Control_Task                             0x08007b5b   Thumb Code    94  controltask.o(.text)
    GetRemoteSwitchAction                    0x08007c11   Thumb Code   120  remotetask.o(.text)
    IsRemoteBeingAction                      0x08007c89   Thumb Code   238  remotetask.o(.text)
    SetInputMode                             0x08007d77   Thumb Code    40  remotetask.o(.text)
    GetInputMode                             0x08007d9f   Thumb Code     6  remotetask.o(.text)
    SetShootState                            0x08007da5   Thumb Code     6  remotetask.o(.text)
    RemoteShootControl                       0x08007dab   Thumb Code   342  remotetask.o(.text)
    MouseShootControl                        0x08007f01   Thumb Code   470  remotetask.o(.text)
    GimbalAngleLimit                         0x080080d7   Thumb Code    60  remotetask.o(.text)
    MouseKeyControlProcess                   0x08008113   Thumb Code   460  remotetask.o(.text)
    RemoteControlProcess                     0x080082df   Thumb Code   216  remotetask.o(.text)
    RemoteDataPrcess                         0x080083b7   Thumb Code   284  remotetask.o(.text)
    GetShootState                            0x080084d3   Thumb Code     6  remotetask.o(.text)
    GetFrictionState                         0x080084d9   Thumb Code     6  remotetask.o(.text)
    SetFrictionState                         0x080084df   Thumb Code     6  remotetask.o(.text)
    RemoteTaskInit                           0x080084e5   Thumb Code    78  remotetask.o(.text)
    GetEncoderBias                           0x08008555   Thumb Code    26  canbustask.o(.text)
    EncoderProcess                           0x0800856f   Thumb Code   202  canbustask.o(.text)
    CanReceiveMsgProcess                     0x08008639   Thumb Code   554  canbustask.o(.text)
    Set_CM_Speed                             0x08008863   Thumb Code    92  canbustask.o(.text)
    Set_CM_Speed2                            0x080088bf   Thumb Code    80  canbustask.o(.text)
    Set_Gimbal_Current                       0x0800890f   Thumb Code    82  canbustask.o(.text)
    LED_TOGGLE                               0x08008995   Thumb Code   224  supervisetask.o(.text)
    Get_Lost_Error                           0x08008a75   Thumb Code    10  supervisetask.o(.text)
    GetLostCounter                           0x08008a7f   Thumb Code    18  supervisetask.o(.text)
    SuperviseTask                            0x08008a91   Thumb Code   426  supervisetask.o(.text)
    Set_Error_Flag                           0x08008c3b   Thumb Code     2  supervisetask.o(.text)
    Is_Lost_Error_Set                        0x08008c3d   Thumb Code    22  supervisetask.o(.text)
    Is_Serious_Error                         0x08008c53   Thumb Code    36  supervisetask.o(.text)
    FrameUnpack                              0x08008d19   Thumb Code   234  protocal_parser.o(.text)
    FramePack                                0x08008e03   Thumb Code    50  protocal_parser.o(.text)
    SetFrameLength                           0x08008e35   Thumb Code    10  protocal_parser.o(.text)
    SetFrameCmd                              0x08008e3f   Thumb Code    10  protocal_parser.o(.text)
    GetFrameCmd                              0x08008e49   Thumb Code     6  protocal_parser.o(.text)
    GetFrameDataAddress                      0x08008e4f   Thumb Code     6  protocal_parser.o(.text)
    Version_Send                             0x08008e55   Thumb Code    94  protocal_parser.o(.text)
    IMU_Info_Send                            0x08008eb3   Thumb Code   122  protocal_parser.o(.text)
    Sensor_Info_Send                         0x08008f2d   Thumb Code   140  protocal_parser.o(.text)
    Mag_Cali_Info_Send                       0x08008fb9   Thumb Code   122  protocal_parser.o(.text)
    Offset_Info_Send                         0x08009033   Thumb Code   174  protocal_parser.o(.text)
    Cali_Feedback_Info_Send                  0x080090e1   Thumb Code    88  protocal_parser.o(.text)
    Robot_Error_Code_Send                    0x08009139   Thumb Code     2  protocal_parser.o(.text)
    PID_Paremeter_Send                       0x0800913b   Thumb Code   270  protocal_parser.o(.text)
    FIFO_Init                                0x08009249   Thumb Code    78  fifo.o(.text)
    FIFO_Create                              0x08009297   Thumb Code    80  fifo.o(.text)
    FIFO_Destory                             0x080092e7   Thumb Code    40  fifo.o(.text)
    FIFO_S_Init                              0x0800930f   Thumb Code    62  fifo.o(.text)
    FIFO_S_Create                            0x0800934d   Thumb Code    60  fifo.o(.text)
    FIFO_S_Destory                           0x08009389   Thumb Code    40  fifo.o(.text)
    FIFO_Put                                 0x080093b1   Thumb Code   106  fifo.o(.text)
    FIFO_S_Put                               0x0800941b   Thumb Code    68  fifo.o(.text)
    FIFO_S_Puts                              0x0800945f   Thumb Code    98  fifo.o(.text)
    FIFO_Get                                 0x080094c1   Thumb Code   106  fifo.o(.text)
    FIFO_S_Get                               0x0800952b   Thumb Code    58  fifo.o(.text)
    FIFO_GetHead                             0x08009565   Thumb Code   162  fifo.o(.text)
    FIFO_S_GetHead                           0x08009607   Thumb Code    76  fifo.o(.text)
    FIFO_PreRead                             0x08009653   Thumb Code   108  fifo.o(.text)
    FIFO_S_PreRead                           0x080096bf   Thumb Code    48  fifo.o(.text)
    FIFO_IsEmpty                             0x080096ef   Thumb Code    24  fifo.o(.text)
    FIFO_S_IsEmpty                           0x08009707   Thumb Code    24  fifo.o(.text)
    FIFO_IsFull                              0x0800971f   Thumb Code    24  fifo.o(.text)
    FIFO_S_IsFull                            0x08009737   Thumb Code    24  fifo.o(.text)
    FIFO_CountUsed                           0x0800974f   Thumb Code    16  fifo.o(.text)
    FIFO_S_CountUsed                         0x0800975f   Thumb Code    16  fifo.o(.text)
    FIFO_CountFree                           0x0800976f   Thumb Code    16  fifo.o(.text)
    FIFO_S_CountFree                         0x0800977f   Thumb Code    16  fifo.o(.text)
    FIFO_Flush                               0x0800978f   Thumb Code    50  fifo.o(.text)
    FIFO_S_Flush                             0x080097c1   Thumb Code    44  fifo.o(.text)
    RampInit                                 0x080097ed   Thumb Code     8  ramp.o(.text)
    RampCalc                                 0x080097f5   Thumb Code    66  ramp.o(.text)
    RampSetCounter                           0x08009837   Thumb Code     4  ramp.o(.text)
    RampResetCounter                         0x0800983b   Thumb Code     6  ramp.o(.text)
    RampSetScale                             0x08009841   Thumb Code     4  ramp.o(.text)
    RampIsOverflow                           0x08009845   Thumb Code    18  ramp.o(.text)
    LostCounterFeed                          0x0800985d   Thumb Code     8  lostcounter.o(.text)
    LostCounterCount                         0x08009865   Thumb Code    10  lostcounter.o(.text)
    LostCounterOverflowCheck                 0x0800986f   Thumb Code    14  lostcounter.o(.text)
    PID_Reset                                0x0800987d   Thumb Code    50  pid_regulator.o(.text)
    PID_Calc                                 0x080098af   Thumb Code   234  pid_regulator.o(.text)
    Get_CRC8_Check_Sum                       0x0800999d   Thumb Code    30  mf_crc8.o(.text)
    Verify_CRC8_Check_Sum                    0x080099bb   Thumb Code    46  mf_crc8.o(.text)
    Append_CRC8_Check_Sum                    0x080099e9   Thumb Code    36  mf_crc8.o(.text)
    Get_CRC16_Check_Sum                      0x08009a11   Thumb Code    46  mf_crc16.o(.text)
    Verify_CRC16_Check_Sum                   0x08009a3f   Thumb Code    60  mf_crc16.o(.text)
    Append_CRC16_Check_Sum                   0x08009a7b   Thumb Code    44  mf_crc16.o(.text)
    __aeabi_memcpy                           0x08009ab1   Thumb Code    36  memcpya.o(.text)
    __aeabi_memcpy4                          0x08009ab1   Thumb Code     0  memcpya.o(.text)
    __aeabi_memcpy8                          0x08009ab1   Thumb Code     0  memcpya.o(.text)
    __aeabi_memset                           0x08009ad5   Thumb Code    14  memseta.o(.text)
    __aeabi_memset4                          0x08009ad5   Thumb Code     0  memseta.o(.text)
    __aeabi_memset8                          0x08009ad5   Thumb Code     0  memseta.o(.text)
    __aeabi_memclr                           0x08009ae3   Thumb Code     4  memseta.o(.text)
    __aeabi_memclr4                          0x08009ae3   Thumb Code     0  memseta.o(.text)
    __aeabi_memclr8                          0x08009ae3   Thumb Code     0  memseta.o(.text)
    _memset$wrapper                          0x08009ae7   Thumb Code    18  memseta.o(.text)
    __aeabi_dadd                             0x08009af9   Thumb Code   322  dadd.o(.text)
    __aeabi_dsub                             0x08009c3b   Thumb Code     6  dadd.o(.text)
    __aeabi_drsub                            0x08009c41   Thumb Code     6  dadd.o(.text)
    __aeabi_dmul                             0x08009c47   Thumb Code   228  dmul.o(.text)
    __aeabi_ddiv                             0x08009d2b   Thumb Code   222  ddiv.o(.text)
    __aeabi_i2d                              0x08009e09   Thumb Code    34  dflti.o(.text)
    __aeabi_d2uiz                            0x08009e2b   Thumb Code    50  dfixui.o(.text)
    __aeabi_f2d                              0x08009e5d   Thumb Code    38  f2d.o(.text)
    __aeabi_cdcmpeq                          0x08009e85   Thumb Code     0  cdcmple.o(.text)
    __aeabi_cdcmple                          0x08009e85   Thumb Code    48  cdcmple.o(.text)
    __aeabi_cdrcmple                         0x08009eb5   Thumb Code    48  cdrcmple.o(.text)
    __aeabi_d2f                              0x08009ee5   Thumb Code    56  d2f.o(.text)
    __aeabi_uidiv                            0x08009f1d   Thumb Code     0  uidiv.o(.text)
    __aeabi_uidivmod                         0x08009f1d   Thumb Code    44  uidiv.o(.text)
    __aeabi_llsl                             0x08009f49   Thumb Code    30  llshl.o(.text)
    _ll_shift_l                              0x08009f49   Thumb Code     0  llshl.o(.text)
    __aeabi_llsr                             0x08009f67   Thumb Code    32  llushr.o(.text)
    _ll_ushift_r                             0x08009f67   Thumb Code     0  llushr.o(.text)
    __aeabi_lasr                             0x08009f87   Thumb Code    36  llsshr.o(.text)
    _ll_sshift_r                             0x08009f87   Thumb Code     0  llsshr.o(.text)
    __I$use$fp                               0x08009fab   Thumb Code     0  iusefp.o(.text)
    _float_round                             0x08009fab   Thumb Code    18  fepilogue.o(.text)
    _float_epilogue                          0x08009fbd   Thumb Code    92  fepilogue.o(.text)
    _double_round                            0x0800a019   Thumb Code    30  depilogue.o(.text)
    _double_epilogue                         0x0800a037   Thumb Code   156  depilogue.o(.text)
    _dsqrt                                   0x0800a0d3   Thumb Code   162  dsqrt.o(.text)
    __scatterload                            0x0800a175   Thumb Code    28  init.o(.text)
    __scatterload_rt2                        0x0800a175   Thumb Code     0  init.o(.text)
    __decompress                             0x0800a199   Thumb Code     0  __dczerorl2.o(.text)
    __decompress1                            0x0800a199   Thumb Code    86  __dczerorl2.o(.text)
    __0printf$1                              0x0800a1f1   Thumb Code    22  printf1.o(i.__0printf$1)
    __1printf$1                              0x0800a1f1   Thumb Code     0  printf1.o(i.__0printf$1)
    __2printf                                0x0800a1f1   Thumb Code     0  printf1.o(i.__0printf$1)
    __ARM_fpclassify                         0x0800a211   Thumb Code    48  fpclassify.o(i.__ARM_fpclassify)
    __hardfp_asin                            0x0800a241   Thumb Code   770  asin.o(i.__hardfp_asin)
    __hardfp_atan                            0x0800a5a1   Thumb Code   622  atan.o(i.__hardfp_atan)
    __hardfp_atan2                           0x0800a879   Thumb Code   432  atan2.o(i.__hardfp_atan2)
    __hardfp_fabs                            0x0800aa69   Thumb Code    20  fabs.o(i.__hardfp_fabs)
    __hardfp_sqrt                            0x0800aa7d   Thumb Code   122  sqrt.o(i.__hardfp_sqrt)
    __kernel_poly                            0x0800aaf7   Thumb Code   248  poly.o(i.__kernel_poly)
    __mathlib_dbl_infnan                     0x0800abef   Thumb Code    20  dunder.o(i.__mathlib_dbl_infnan)
    __mathlib_dbl_infnan2                    0x0800ac03   Thumb Code    20  dunder.o(i.__mathlib_dbl_infnan2)
    __mathlib_dbl_invalid                    0x0800ac19   Thumb Code    24  dunder.o(i.__mathlib_dbl_invalid)
    __mathlib_dbl_underflow                  0x0800ac39   Thumb Code    24  dunder.o(i.__mathlib_dbl_underflow)
    __scatterload_copy                       0x0800ac59   Thumb Code    14  handlers.o(i.__scatterload_copy)
    __scatterload_null                       0x0800ac67   Thumb Code     2  handlers.o(i.__scatterload_null)
    __scatterload_zeroinit                   0x0800ac69   Thumb Code    14  handlers.o(i.__scatterload_zeroinit)
    __set_errno                              0x0800ac79   Thumb Code     6  errno.o(i.__set_errno)
    atan                                     0x0800add9   Thumb Code    16  atan.o(i.atan)
    fabs                                     0x0800ade9   Thumb Code    24  fabs.o(i.fabs)
    free                                     0x0800ae01   Thumb Code    76  malloc.o(i.free)
    malloc                                   0x0800ae51   Thumb Code    92  malloc.o(i.malloc)
    sqrt                                     0x0800aebd   Thumb Code   110  sqrt.o(i.sqrt)
    lost_counter_len                         0x0800af2c   Data          44  supervisetask.o(.constdata)
    CRC8_INIT                                0x0800af58   Data           1  mf_crc8.o(.constdata)
    CRC8_TAB                                 0x0800af59   Data         256  mf_crc8.o(.constdata)
    wCRC_Table                               0x0800b05a   Data         512  mf_crc16.o(.constdata)
    __mathlib_zero                           0x0800b348   Data           8  qnan.o(.constdata)
    Region$$Table$$Base                      0x0800b350   Number         0  anon$$obj.o(Region$$Table)
    Region$$Table$$Limit                     0x0800b370   Number         0  anon$$obj.o(Region$$Table)
    Upload_Speed                             0x20000000   Data           4  main.o(.data)
    power1                                   0x20000004   Data           2  main.o(.data)
    power2                                   0x20000006   Data           2  main.o(.data)
    system_micrsecond                        0x20000008   Data           4  main.o(.data)
    count2                                   0x20000014   Data           1  usart2.o(.data)
    TxCounter2                               0x20000015   Data           1  usart2.o(.data)
    UART_TranFifo                            0x2000001c   Data           4  usart3.o(.data)
    SystemCoreClock                          0x20000034   Data           4  system_stm32f4xx.o(.data)
    AHBPrescTable                            0x20000038   Data          16  system_stm32f4xx.o(.data)
    exInt                                    0x20000048   Data           4  imu.o(.data)
    eyInt                                    0x2000004c   Data           4  imu.o(.data)
    ezInt                                    0x20000050   Data           4  imu.o(.data)
    q0                                       0x20000054   Data           4  imu.o(.data)
    q1                                       0x20000058   Data           4  imu.o(.data)
    q2                                       0x2000005c   Data           4  imu.o(.data)
    q3                                       0x20000060   Data           4  imu.o(.data)
    lastUpdate                               0x20000088   Data           4  imu.o(.data)
    now                                      0x2000008c   Data           4  imu.o(.data)
    yaw_temp                                 0x20000090   Data           4  imu.o(.data)
    pitch_temp                               0x20000094   Data           4  imu.o(.data)
    roll_temp                                0x20000098   Data           4  imu.o(.data)
    last_yaw_temp                            0x2000009c   Data           4  imu.o(.data)
    last_pitch_temp                          0x200000a0   Data           4  imu.o(.data)
    last_roll_temp                           0x200000a4   Data           4  imu.o(.data)
    yaw_angle                                0x200000a8   Data           4  imu.o(.data)
    pitch_angle                              0x200000ac   Data           4  imu.o(.data)
    roll_angle                               0x200000b0   Data           4  imu.o(.data)
    offset_flag                              0x200000b8   Data           1  mpu6500.o(.data)
    MPU6500_Acc_Offset                       0x200000ba   Data           6  mpu6500.o(.data)
    MPU6500_Gyro_Offset                      0x200000c0   Data           6  mpu6500.o(.data)
    MPU6500_Acc                              0x200000c6   Data           6  mpu6500.o(.data)
    MPU6500_Gyro                             0x200000cc   Data           6  mpu6500.o(.data)
    mpu6500_tempreature                      0x200000d4   Data           4  mpu6500.o(.data)
    mpu6500_tempreature_temp                 0x200000d8   Data           2  mpu6500.o(.data)
    mpu6500_tempreature_Offset               0x200000da   Data           2  mpu6500.o(.data)
    MPU6050_Lastax                           0x200000dc   Data           2  mpu6500.o(.data)
    MPU6050_Lastay                           0x200000de   Data           2  mpu6500.o(.data)
    MPU6050_Lastaz                           0x200000e0   Data           2  mpu6500.o(.data)
    MPU6050_Lastgx                           0x200000e2   Data           2  mpu6500.o(.data)
    MPU6050_Lastgy                           0x200000e4   Data           2  mpu6500.o(.data)
    MPU6050_Lastgz                           0x200000e6   Data           2  mpu6500.o(.data)
    HMC5883_lastx                            0x200000e8   Data           4  mpu6500_driver.o(.data)
    HMC5883_lasty                            0x200000ec   Data           4  mpu6500_driver.o(.data)
    HMC5883_lastz                            0x200000f0   Data           4  mpu6500_driver.o(.data)
    PIDCaliData                              0x20000100   Data           8  iotask.o(.data)
    GimbalSavedCaliData                      0x20000108   Data           5  iotask.o(.data)
    GyroSavedCaliData                        0x2000010d   Data           7  iotask.o(.data)
    PitchPositionSavedPID                    0x20000114   Data           8  iotask.o(.data)
    PitchSpeedSavedPID                       0x2000011c   Data           8  iotask.o(.data)
    YawPositionSavedPID                      0x20000124   Data           8  iotask.o(.data)
    YawSpeedSavedPID                         0x2000012c   Data           8  iotask.o(.data)
    app_param_calied_flag                    0x20000134   Data           1  iotask.o(.data)
    GMPPositionPID                           0x20000170   Data          80  controltask.o(.data)
    GMPSpeedPID                              0x200001c0   Data          80  controltask.o(.data)
    GMYPositionPID                           0x20000210   Data          80  controltask.o(.data)
    GMYSpeedPID                              0x20000260   Data          80  controltask.o(.data)
    CMRotatePID                              0x200002b0   Data          80  controltask.o(.data)
    CM1SpeedPID                              0x20000300   Data          80  controltask.o(.data)
    CM2SpeedPID                              0x20000350   Data          80  controltask.o(.data)
    CM3SpeedPID                              0x200003a0   Data          80  controltask.o(.data)
    CM4SpeedPID                              0x200003f0   Data          80  controltask.o(.data)
    ShootMotorPositionPID                    0x20000440   Data          80  controltask.o(.data)
    ShootMotorSpeedPID                       0x20000490   Data          80  controltask.o(.data)
    lastWorkState                            0x200004e0   Data           1  controltask.o(.data)
    workState                                0x200004e1   Data           1  controltask.o(.data)
    GMPitchRamp                              0x200004e4   Data          36  controltask.o(.data)
    GMYawRamp                                0x20000508   Data          36  controltask.o(.data)
    pwm_ccr                                  0x2000052c   Data           2  controltask.o(.data)
    time_old                                 0x20000534   Data           4  controltask.o(.data)
    ChassisSpeedRef                          0x2000054c   Data           6  remotetask.o(.data)
    friction_wheel_state                     0x20000552   Data           1  remotetask.o(.data)
    frictionRamp                             0x20000558   Data          36  remotetask.o(.data)
    LRSpeedRamp                              0x2000057c   Data          36  remotetask.o(.data)
    FBSpeedRamp                              0x200005a0   Data          36  remotetask.o(.data)
    ZGyroModuleAngle                         0x200005d4   Data           4  canbustask.o(.data)
    lost_counter                             0x200005d8   Data          44  supervisetask.o(.data)
    lost_err                                 0x20000604   Data           4  supervisetask.o(.data)
    CRC_INIT                                 0x2000061a   Data           2  mf_crc16.o(.data)
    __stdout                                 0x2000061c   Data           4  stdout.o(.data)
    __microlib_freelist                      0x20000620   Data           4  mvars.o(.data)
    __microlib_freelist_initialised          0x20000624   Data           4  mvars.o(.data)
    Rx2_Buf                                  0x20000758   Data         256  usart2.o(.bss)
    Tx2_Buf                                  0x20000858   Data         256  usart2.o(.bss)
    mygetqval                                0x20000a58   Data          36  imu.o(.bss)
    angle                                    0x20000a8c   Data          12  imu.o(.bss)
    mpu6500_buf                              0x20000a98   Data          14  mpu6500.o(.bss)
    MPU6050_Raw_Data                         0x20000aa6   Data          20  mpu6500.o(.bss)
    MPU6050_Real_Data                        0x20000abc   Data          40  mpu6500.o(.bss)
    ahrs                                     0x20000ae4   Data          12  mpu6500.o(.bss)
    MPU6050_FIFO                             0x20000af0   Data         132  mpu6500.o(.bss)
    HMC5883_FIFO                             0x20000b74   Data          66  mpu6500.o(.bss)
    MagMaxMinData                            0x20000bd0   Data          12  mpu6500_driver.o(.bss)
    gAppParamStruct                          0x20000bdc   Data          87  iotask.o(.bss)
    AccSavedCaliData                         0x20000c46   Data          19  iotask.o(.bss)
    MagSavedCaliData                         0x20000c59   Data          19  iotask.o(.bss)
    RC_CtrlData                              0x20000c6c   Data          22  remotetask.o(.bss)
    GimbalRef                                0x20000c84   Data          24  remotetask.o(.bss)
    CM1Encoder                               0x20000cb4   Data          68  canbustask.o(.bss)
    CM2Encoder                               0x20000cf8   Data          68  canbustask.o(.bss)
    CM3Encoder                               0x20000d3c   Data          68  canbustask.o(.bss)
    CM4Encoder                               0x20000d80   Data          68  canbustask.o(.bss)
    GMYawEncoder                             0x20000dc4   Data          68  canbustask.o(.bss)
    GMPitchEncoder                           0x20000e08   Data          68  canbustask.o(.bss)
    __heap_base                              0x20000f58   Data           0  startup_stm32f4xx.o(HEAP)
    __heap_limit                             0x20001158   Data           0  startup_stm32f4xx.o(HEAP)
    __initial_sp                             0x20001b58   Data           0  startup_stm32f4xx.o(STACK)



==============================================================================

Memory Map of the image

  Image Entry point : 0x08000189

  Load Region LR_IROM1 (Base: 0x08000000, Size: 0x0000b99c, Max: 0x00200000, ABSOLUTE, COMPRESSED[0x0000b43c])

    Execution Region ER_IROM1 (Base: 0x08000000, Size: 0x0000b370, Max: 0x00200000, ABSOLUTE)

    Base Addr    Size         Type   Attr      Idx    E Section Name        Object

    0x08000000   0x00000188   Data   RO          526    RESET               startup_stm32f4xx.o
    0x08000188   0x00000000   Code   RO         1635  * .ARM.Collect$$$$00000000  mc_w.l(entry.o)
    0x08000188   0x00000004   Code   RO         1986    .ARM.Collect$$$$00000001  mc_w.l(entry2.o)
    0x0800018c   0x00000004   Code   RO         1989    .ARM.Collect$$$$00000004  mc_w.l(entry5.o)
    0x08000190   0x00000000   Code   RO         1991    .ARM.Collect$$$$00000008  mc_w.l(entry7b.o)
    0x08000190   0x00000000   Code   RO         1993    .ARM.Collect$$$$0000000A  mc_w.l(entry8b.o)
    0x08000190   0x00000008   Code   RO         1994    .ARM.Collect$$$$0000000B  mc_w.l(entry9a.o)
    0x08000198   0x00000000   Code   RO         1996    .ARM.Collect$$$$0000000D  mc_w.l(entry10a.o)
    0x08000198   0x00000000   Code   RO         1998    .ARM.Collect$$$$0000000F  mc_w.l(entry11a.o)
    0x08000198   0x00000004   Code   RO         1987    .ARM.Collect$$$$00002712  mc_w.l(entry2.o)
    0x0800019c   0x0000005c   Code   RO            3    .text               main.o
    0x080001f8   0x0000007c   Code   RO          204    .text               bsp.o
    0x08000274   0x00000078   Code   RO          231    .text               led.o
    0x080002ec   0x00000244   Code   RO          251    .text               gun.o
    0x08000530   0x0000014c   Code   RO          275    .text               can2.o
    0x0800067c   0x0000006c   Code   RO          298    .text               delay.o
    0x080006e8   0x00000104   Code   RO          318    .text               exti.o
    0x080007ec   0x0000003c   Code   RO          338    .text               laser.o
    0x08000828   0x000001b8   Code   RO          358    .text               timer.o
    0x080009e0   0x0000021c   Code   RO          381    .text               usart1.o
    0x08000bfc   0x000001b4   Code   RO          410    .text               usart2.o
    0x08000db0   0x00000200   Code   RO          434    .text               usart3.o
    0x08000fb0   0x000001b0   Code   RO          461    .text               can1.o
    0x08001160   0x0000009c   Code   RO          481    .text               encoder.o
    0x080011fc   0x00000174   Code   RO          503    .text               bsp_flash.o
    0x08001370   0x00000024   Code   RO          527    .text               startup_stm32f4xx.o
    0x08001394   0x00000018   Code   RO          533    .text               stm32f4xx_it.o
    0x080013ac   0x000000e0   Code   RO          556    .text               misc.o
    0x0800148c   0x000009f0   Code   RO          625    .text               stm32f4xx_can.o
    0x08001e7c   0x000003a8   Code   RO          694    .text               stm32f4xx_dma.o
    0x08002224   0x0000011c   Code   RO          717    .text               stm32f4xx_exti.o
    0x08002340   0x000004bc   Code   RO          740    .text               stm32f4xx_flash.o
    0x080027fc   0x0000025c   Code   RO          763    .text               stm32f4xx_gpio.o
    0x08002a58   0x00000588   Code   RO          809    .text               stm32f4xx_rcc.o
    0x08002fe0   0x000003f8   Code   RO          834    .text               stm32f4xx_spi.o
    0x080033d8   0x0000008c   Code   RO          857    .text               stm32f4xx_syscfg.o
    0x08003464   0x00000ca2   Code   RO          880    .text               stm32f4xx_tim.o
    0x08004106   0x00000002   PAD
    0x08004108   0x0000041a   Code   RO          903    .text               stm32f4xx_usart.o
    0x08004522   0x00000002   PAD
    0x08004524   0x00000210   Code   RO          926    .text               system_stm32f4xx.o
    0x08004734   0x000010f0   Code   RO          975    .text               imu.o
    0x08005824   0x00000714   Code   RO         1003    .text               mpu6500.o
    0x08005f38   0x000005f4   Code   RO         1038    .text               mpu6500_driver.o
    0x0800652c   0x0000099c   Code   RO         1070    .text               iotask.o
    0x08006ec8   0x00000d48   Code   RO         1098    .text               controltask.o
    0x08007c10   0x00000944   Code   RO         1124    .text               remotetask.o
    0x08008554   0x00000440   Code   RO         1151    .text               canbustask.o
    0x08008994   0x00000304   Code   RO         1178    .text               supervisetask.o
    0x08008c98   0x000005b0   Code   RO         1206    .text               Protocol.lib(protocal_parser.o)
    0x08009248   0x000005a4   Code   RO         1297    .text               RMLib.lib(fifo.o)
    0x080097ec   0x00000070   Code   RO         1377    .text               RMLib.lib(ramp.o)
    0x0800985c   0x00000020   Code   RO         1510    .text               RMLib.lib(lostcounter.o)
    0x0800987c   0x00000120   Code   RO         1533    .text               RMLib.lib(pid_regulator.o)
    0x0800999c   0x00000074   Code   RO         1557    .text               Protocol.lib(mf_crc8.o)
    0x08009a10   0x000000a0   Code   RO         1572    .text               Protocol.lib(mf_crc16.o)
    0x08009ab0   0x00000024   Code   RO         1638    .text               mc_w.l(memcpya.o)
    0x08009ad4   0x00000024   Code   RO         1640    .text               mc_w.l(memseta.o)
    0x08009af8   0x0000014e   Code   RO         1933    .text               mf_w.l(dadd.o)
    0x08009c46   0x000000e4   Code   RO         1935    .text               mf_w.l(dmul.o)
    0x08009d2a   0x000000de   Code   RO         1937    .text               mf_w.l(ddiv.o)
    0x08009e08   0x00000022   Code   RO         1941    .text               mf_w.l(dflti.o)
    0x08009e2a   0x00000032   Code   RO         1943    .text               mf_w.l(dfixui.o)
    0x08009e5c   0x00000026   Code   RO         1945    .text               mf_w.l(f2d.o)
    0x08009e82   0x00000002   PAD
    0x08009e84   0x00000030   Code   RO         1947    .text               mf_w.l(cdcmple.o)
    0x08009eb4   0x00000030   Code   RO         1949    .text               mf_w.l(cdrcmple.o)
    0x08009ee4   0x00000038   Code   RO         1951    .text               mf_w.l(d2f.o)
    0x08009f1c   0x0000002c   Code   RO         2001    .text               mc_w.l(uidiv.o)
    0x08009f48   0x0000001e   Code   RO         2005    .text               mc_w.l(llshl.o)
    0x08009f66   0x00000020   Code   RO         2007    .text               mc_w.l(llushr.o)
    0x08009f86   0x00000024   Code   RO         2009    .text               mc_w.l(llsshr.o)
    0x08009faa   0x00000000   Code   RO         2020    .text               mc_w.l(iusefp.o)
    0x08009faa   0x0000006e   Code   RO         2021    .text               mf_w.l(fepilogue.o)
    0x0800a018   0x000000ba   Code   RO         2023    .text               mf_w.l(depilogue.o)
    0x0800a0d2   0x000000a2   Code   RO         2025    .text               mf_w.l(dsqrt.o)
    0x0800a174   0x00000024   Code   RO         2029    .text               mc_w.l(init.o)
    0x0800a198   0x00000056   Code   RO         2039    .text               mc_w.l(__dczerorl2.o)
    0x0800a1ee   0x00000002   PAD
    0x0800a1f0   0x00000020   Code   RO         1689    i.__0printf$1       mc_w.l(printf1.o)
    0x0800a210   0x00000030   Code   RO         1981    i.__ARM_fpclassify  m_wm.l(fpclassify.o)
    0x0800a240   0x00000360   Code   RO         1591    i.__hardfp_asin     m_wm.l(asin.o)
    0x0800a5a0   0x000002d8   Code   RO         1953    i.__hardfp_atan     m_wm.l(atan.o)
    0x0800a878   0x000001f0   Code   RO         1605    i.__hardfp_atan2    m_wm.l(atan2.o)
    0x0800aa68   0x00000014   Code   RO         1617    i.__hardfp_fabs     m_wm.l(fabs.o)
    0x0800aa7c   0x0000007a   Code   RO         1623    i.__hardfp_sqrt     m_wm.l(sqrt.o)
    0x0800aaf6   0x000000f8   Code   RO         1983    i.__kernel_poly     m_wm.l(poly.o)
    0x0800abee   0x00000014   Code   RO         1968    i.__mathlib_dbl_infnan  m_wm.l(dunder.o)
    0x0800ac02   0x00000014   Code   RO         1969    i.__mathlib_dbl_infnan2  m_wm.l(dunder.o)
    0x0800ac16   0x00000002   PAD
    0x0800ac18   0x00000020   Code   RO         1970    i.__mathlib_dbl_invalid  m_wm.l(dunder.o)
    0x0800ac38   0x00000020   Code   RO         1973    i.__mathlib_dbl_underflow  m_wm.l(dunder.o)
    0x0800ac58   0x0000000e   Code   RO         2033    i.__scatterload_copy  mc_w.l(handlers.o)
    0x0800ac66   0x00000002   Code   RO         2034    i.__scatterload_null  mc_w.l(handlers.o)
    0x0800ac68   0x0000000e   Code   RO         2035    i.__scatterload_zeroinit  mc_w.l(handlers.o)
    0x0800ac76   0x00000002   PAD
    0x0800ac78   0x0000000c   Code   RO         2015    i.__set_errno       mc_w.l(errno.o)
    0x0800ac84   0x00000154   Code   RO         1696    i._printf_core      mc_w.l(printf1.o)
    0x0800add8   0x00000010   Code   RO         1955    i.atan              m_wm.l(atan.o)
    0x0800ade8   0x00000018   Code   RO         1619    i.fabs              m_wm.l(fabs.o)
    0x0800ae00   0x00000050   Code   RO         1905    i.free              mc_w.l(malloc.o)
    0x0800ae50   0x0000006c   Code   RO         1906    i.malloc            mc_w.l(malloc.o)
    0x0800aebc   0x0000006e   Code   RO         1625    i.sqrt              m_wm.l(sqrt.o)
    0x0800af2a   0x00000002   PAD
    0x0800af2c   0x0000002c   Data   RO         1180    .constdata          supervisetask.o
    0x0800af58   0x00000101   Data   RO         1558    .constdata          Protocol.lib(mf_crc8.o)
    0x0800b059   0x00000001   PAD
    0x0800b05a   0x00000200   Data   RO         1573    .constdata          Protocol.lib(mf_crc16.o)
    0x0800b25a   0x00000006   PAD
    0x0800b260   0x00000050   Data   RO         1594    .constdata          m_wm.l(asin.o)
    0x0800b2b0   0x00000098   Data   RO         1956    .constdata          m_wm.l(atan.o)
    0x0800b348   0x00000008   Data   RO         1985    .constdata          m_wm.l(qnan.o)
    0x0800b350   0x00000020   Data   RO         2031    Region$$Table       anon$$obj.o


    Execution Region RW_IRAM1 (Base: 0x20000000, Size: 0x00001b58, Max: 0x00030000, ABSOLUTE, COMPRESSED[0x000000cc])

    Base Addr    Size         Type   Attr      Idx    E Section Name        Object

    0x20000000   0x0000000c   Data   RW            4    .data               main.o
    0x2000000c   0x00000004   Data   RW          252    .data               gun.o
    0x20000010   0x00000004   Data   RW          383    .data               usart1.o
    0x20000014   0x00000008   Data   RW          412    .data               usart2.o
    0x2000001c   0x00000004   Data   RW          436    .data               usart3.o
    0x20000020   0x00000001   Data   RW          482    .data               encoder.o
    0x20000021   0x00000010   Data   RW          810    .data               stm32f4xx_rcc.o
    0x20000031   0x00000003   PAD
    0x20000034   0x00000014   Data   RW          927    .data               system_stm32f4xx.o
    0x20000048   0x00000070   Data   RW          977    .data               imu.o
    0x200000b8   0x00000030   Data   RW         1005    .data               mpu6500.o
    0x200000e8   0x0000000c   Data   RW         1040    .data               mpu6500_driver.o
    0x200000f4   0x0000007a   Data   RW         1072    .data               iotask.o
    0x2000016e   0x00000002   PAD
    0x20000170   0x000003dc   Data   RW         1099    .data               controltask.o
    0x2000054c   0x00000082   Data   RW         1126    .data               remotetask.o
    0x200005ce   0x00000002   PAD
    0x200005d0   0x00000008   Data   RW         1153    .data               canbustask.o
    0x200005d8   0x0000003c   Data   RW         1181    .data               supervisetask.o
    0x20000614   0x00000005   Data   RW         1208    .data               Protocol.lib(protocal_parser.o)
    0x20000619   0x00000001   PAD
    0x2000061a   0x00000002   Data   RW         1574    .data               Protocol.lib(mf_crc16.o)
    0x2000061c   0x00000004   Data   RW         2000    .data               mc_w.l(stdout.o)
    0x20000620   0x00000004   Data   RW         2011    .data               mc_w.l(mvars.o)
    0x20000624   0x00000004   Data   RW         2012    .data               mc_w.l(mvars.o)
    0x20000628   0x00000004   Data   RW         2016    .data               mc_w.l(errno.o)
    0x2000062c   0x0000012c   Zero   RW          382    .bss                usart1.o
    0x20000758   0x00000200   Zero   RW          411    .bss                usart2.o
    0x20000958   0x00000100   Zero   RW          435    .bss                usart3.o
    0x20000a58   0x00000040   Zero   RW          976    .bss                imu.o
    0x20000a98   0x00000138   Zero   RW         1004    .bss                mpu6500.o
    0x20000bd0   0x0000000c   Zero   RW         1039    .bss                mpu6500_driver.o
    0x20000bdc   0x00000090   Zero   RW         1071    .bss                iotask.o
    0x20000c6c   0x00000047   Zero   RW         1125    .bss                remotetask.o
    0x20000cb3   0x00000001   PAD
    0x20000cb4   0x00000198   Zero   RW         1152    .bss                canbustask.o
    0x20000e4c   0x0000010a   Zero   RW         1207    .bss                Protocol.lib(protocal_parser.o)
    0x20000f56   0x00000002   PAD
    0x20000f58   0x00000200   Zero   RW          525    HEAP                startup_stm32f4xx.o
    0x20001158   0x00000a00   Zero   RW          524    STACK               startup_stm32f4xx.o


==============================================================================

Image component sizes


      Code (inc. data)   RO Data    RW Data    ZI Data      Debug   Object Name

       124          6          0          0          0        551   bsp.o
       372         48          0          0          0       2238   bsp_flash.o
       432         14          0          0          0       1301   can1.o
       332         10          0          0          0       1076   can2.o
      1088         52          0          8        408       3458   canbustask.o
      3400        614          0        988          0       6919   controltask.o
       108          0          0          0          0       1230   delay.o
       156         14          0          1          0       1278   encoder.o
       260          8          0          0          0        951   exti.o
       580         18          0          4          0       1064   gun.o
      4336        356          0        112         64       4517   imu.o
      2460        210          0        122        144       9999   iotask.o
        60          6          0          0          0        538   laser.o
       120          8          0          0          0        576   led.o
        92         18          0         12          0     305131   main.o
       224         20          0          0          0     210993   misc.o
      1812        122          0         48        312       8538   mpu6500.o
      1524         46          0         12         12       5836   mpu6500_driver.o
      2372        174          0        130         71       8152   remotetask.o
        36          8        392          0       3072        844   startup_stm32f4xx.o
      2544         38          0          0          0      16244   stm32f4xx_can.o
       936         32          0          0          0      18889   stm32f4xx_dma.o
       284         10          0          0          0       4679   stm32f4xx_exti.o
      1212         26          0          0          0      12229   stm32f4xx_flash.o
       604         36          0          0          0      10405   stm32f4xx_gpio.o
        24          0          0          0          0       1158   stm32f4xx_it.o
      1416         48          0         16          0      23899   stm32f4xx_rcc.o
      1016         22          0          0          0      14853   stm32f4xx_spi.o
       140         12          0          0          0       1699   stm32f4xx_syscfg.o
      3234         60          0          0          0      42052   stm32f4xx_tim.o
      1050         26          0          0          0      13724   stm32f4xx_usart.o
       772         34         44         60          0       5239   supervisetask.o
       528         46          0         20          0       1907   system_stm32f4xx.o
       440         20          0          0          0       1729   timer.o
       540         28          0          4        300       2773   usart1.o
       436         22          0          8        512       2351   usart2.o
       512         18          0          4        256       2948   usart3.o

    ----------------------------------------------------------------------
     35580       2230        468       1556       5152     751968   Object Totals
         0          0         32          0          0          0   (incl. Generated)
         4          0          0          7          1          0   (incl. Padding)

    ----------------------------------------------------------------------

      Code (inc. data)   RO Data    RW Data    ZI Data      Debug   Library Member Name

       160         10        512          2          0       2386   mf_crc16.o
       116          4        257          0          0       1882   mf_crc8.o
      1456         28          0          5        266      13116   protocal_parser.o
      1444          0          0          0          0       8256   fifo.o
        32          0          0          0          0       1640   lostcounter.o
       288          4          0          0          0       1785   pid_regulator.o
       112          6          0          0          0       2612   ramp.o
       864         94         80          0          0        280   asin.o
       744        106        152          0          0        352   atan.o
       496         64          0          0          0        192   atan2.o
       104         16          0          0          0        496   dunder.o
        44          0          0          0          0        248   fabs.o
        48          0          0          0          0        124   fpclassify.o
       248          0          0          0          0        152   poly.o
         0          0          8          0          0          0   qnan.o
       232          0          0          0          0        296   sqrt.o
        86          0          0          0          0          0   __dczerorl2.o
         0          0          0          0          0          0   entry.o
         0          0          0          0          0          0   entry10a.o
         0          0          0          0          0          0   entry11a.o
         8          4          0          0          0          0   entry2.o
         4          0          0          0          0          0   entry5.o
         0          0          0          0          0          0   entry7b.o
         0          0          0          0          0          0   entry8b.o
         8          4          0          0          0          0   entry9a.o
        12          6          0          4          0         68   errno.o
        30          0          0          0          0          0   handlers.o
        36          8          0          0          0         68   init.o
         0          0          0          0          0          0   iusefp.o
        30          0          0          0          0         68   llshl.o
        36          0          0          0          0         68   llsshr.o
        32          0          0          0          0         68   llushr.o
       188         20          0          0          0        160   malloc.o
        36          0          0          0          0         68   memcpya.o
        36          0          0          0          0        108   memseta.o
         0          0          0          8          0          0   mvars.o
       372         14          0          0          0        184   printf1.o
         0          0          0          4          0          0   stdout.o
        44          0          0          0          0         80   uidiv.o
        48          0          0          0          0         68   cdcmple.o
        48          0          0          0          0         68   cdrcmple.o
        56          0          0          0          0         88   d2f.o
       334          0          0          0          0        148   dadd.o
       222          0          0          0          0        100   ddiv.o
       186          0          0          0          0        176   depilogue.o
        50          0          0          0          0         76   dfixui.o
        34          0          0          0          0         76   dflti.o
       228          0          0          0          0         96   dmul.o
       162          0          0          0          0        100   dsqrt.o
        38          0          0          0          0         68   f2d.o
       110          0          0          0          0        168   fepilogue.o

    ----------------------------------------------------------------------
      8872        388       1016         24        268      35989   Library Totals
        10          0          7          1          2          0   (incl. Padding)

    ----------------------------------------------------------------------

      Code (inc. data)   RO Data    RW Data    ZI Data      Debug   Library Name

      1732         42        769          7        266      17384   Protocol.lib
      1876         10          0          0          0      14293   RMLib.lib
      2780        280        240          0          0       2140   m_wm.l
       958         56          0         16          0        940   mc_w.l
      1516          0          0          0          0       1232   mf_w.l

    ----------------------------------------------------------------------
      8872        388       1016         24        268      35989   Library Totals

    ----------------------------------------------------------------------

==============================================================================


      Code (inc. data)   RO Data    RW Data    ZI Data      Debug   

     44452       2618       1484       1580       5420     776349   Grand Totals
     44452       2618       1484        204       5420     776349   ELF Image Totals (compressed)
     44452       2618       1484        204          0          0   ROM Totals

==============================================================================

    Total RO  Size (Code + RO Data)                45936 (  44.86kB)
    Total RW  Size (RW Data + ZI Data)              7000 (   6.84kB)
    Total ROM Size (Code + RO Data + RW Data)      46140 (  45.06kB)

==============================================================================

