Component: ARM Compiler 5.05 update 1 (build 106) Tool: armlink [4d0efa]

==============================================================================

Section Cross References

    main.o(.text) refers to controltask.o(.text) for ControtLoopTaskInit
    main.o(.text) refers to remotetask.o(.text) for RemoteTaskInit
    main.o(.text) refers to delay.o(.text) for delay_ms
    main.o(.text) refers to bsp.o(.text) for BSP_Init
    main.o(.text) refers to timer.o(.text) for Get_Time_Micros
    main.o(.text) refers to imu.o(.text) for IMU_getYawPitchRoll
    main.o(.text) refers to iotask.o(.text) for UploadParameter
    main.o(.text) refers to main.o(.data) for system_micrsecond
    main.o(.text) refers to imu.o(.bss) for angle
    bsp.o(.text) refers to misc.o(.text) for NVIC_PriorityGroupConfig
    bsp.o(.text) refers to gun.o(.text) for PWM_Configuration
    bsp.o(.text) refers to led.o(.text) for Led_Configuration
    bsp.o(.text) refers to laser.o(.text) for Laser_Configuration
    bsp.o(.text) refers to timer.o(.text) for TIM2_Configuration
    bsp.o(.text) refers to delay.o(.text) for delay_ms
    bsp.o(.text) refers to mpu6500.o(.text) for MPU6500_Init
    bsp.o(.text) refers to mpu6500_driver.o(.text) for IST8310_Init
    bsp.o(.text) refers to encoder.o(.text) for Quad_Encoder_Configuration
    bsp.o(.text) refers to can1.o(.text) for CAN1_Configuration
    bsp.o(.text) refers to can2.o(.text) for CAN2_Configuration
    bsp.o(.text) refers to usart1.o(.text) for USART1_Configuration
    bsp.o(.text) refers to usart2.o(.text) for Usart2_Init
    bsp.o(.text) refers to usart3.o(.text) for USART3_Configuration
    led.o(.text) refers to stm32f4xx_rcc.o(.text) for RCC_AHB1PeriphClockCmd
    led.o(.text) refers to stm32f4xx_gpio.o(.text) for GPIO_Init
    gun.o(.text) refers to stm32f4xx_rcc.o(.text) for RCC_AHB1PeriphClockCmd
    gun.o(.text) refers to stm32f4xx_gpio.o(.text) for GPIO_Init
    gun.o(.text) refers to stm32f4xx_tim.o(.text) for TIM_TimeBaseInit
    can2.o(.text) refers to stm32f4xx_rcc.o(.text) for RCC_AHB1PeriphClockCmd
    can2.o(.text) refers to stm32f4xx_gpio.o(.text) for GPIO_PinAFConfig
    can2.o(.text) refers to misc.o(.text) for NVIC_Init
    can2.o(.text) refers to stm32f4xx_can.o(.text) for CAN_DeInit
    can2.o(.text) refers to canbustask.o(.text) for CanReceiveMsgProcess
    exti.o(.text) refers to stm32f4xx_rcc.o(.text) for RCC_APB2PeriphClockCmd
    exti.o(.text) refers to stm32f4xx_gpio.o(.text) for GPIO_Init
    exti.o(.text) refers to stm32f4xx_syscfg.o(.text) for SYSCFG_EXTILineConfig
    exti.o(.text) refers to stm32f4xx_exti.o(.text) for EXTI_Init
    exti.o(.text) refers to misc.o(.text) for NVIC_Init
    laser.o(.text) refers to stm32f4xx_rcc.o(.text) for RCC_AHB1PeriphClockCmd
    laser.o(.text) refers to stm32f4xx_gpio.o(.text) for GPIO_Init
    timer.o(.text) refers to stm32f4xx_rcc.o(.text) for RCC_APB2PeriphClockCmd
    timer.o(.text) refers to stm32f4xx_tim.o(.text) for TIM_ARRPreloadConfig
    timer.o(.text) refers to misc.o(.text) for NVIC_Init
    timer.o(.text) refers to stm32f4xx_gpio.o(.text) for GPIO_ToggleBits
    timer.o(.text) refers to controltask.o(.text) for Control_Task
    usart1.o(.text) refers to fifo.o(.text) for FIFO_Init
    usart1.o(.text) refers to stm32f4xx_rcc.o(.text) for RCC_AHB1PeriphClockCmd
    usart1.o(.text) refers to stm32f4xx_gpio.o(.text) for GPIO_PinAFConfig
    usart1.o(.text) refers to stm32f4xx_usart.o(.text) for USART_DeInit
    usart1.o(.text) refers to stm32f4xx_dma.o(.text) for DMA_DeInit
    usart1.o(.text) refers to misc.o(.text) for NVIC_Init
    usart1.o(.text) refers to remotetask.o(.text) for RemoteDataPrcess
    usart1.o(.text) refers to supervisetask.o(.text) for GetLostCounter
    usart1.o(.text) refers to lostcounter.o(.text) for LostCounterFeed
    usart1.o(.text) refers to usart1.o(.bss) for _USART1_RX_BUF
    usart1.o(.text) refers to usart1.o(.data) for this_time_rx_len
    usart2.o(.text) refers to misc.o(.text) for NVIC_Init
    usart2.o(.text) refers to stm32f4xx_rcc.o(.text) for RCC_AHB1PeriphClockCmd
    usart2.o(.text) refers to stm32f4xx_gpio.o(.text) for GPIO_PinAFConfig
    usart2.o(.text) refers to stm32f4xx_usart.o(.text) for USART_Init
    usart2.o(.text) refers to usart2.o(.data) for TxCounter2
    usart2.o(.text) refers to usart2.o(.bss) for Tx2_Buf
    usart3.o(.text) refers to stm32f4xx_rcc.o(.text) for RCC_AHB1PeriphClockCmd
    usart3.o(.text) refers to stm32f4xx_gpio.o(.text) for GPIO_PinAFConfig
    usart3.o(.text) refers to stm32f4xx_usart.o(.text) for USART_Init
    usart3.o(.text) refers to misc.o(.text) for NVIC_Init
    usart3.o(.text) refers to fifo.o(.text) for FIFO_S_Create
    usart3.o(.text) refers to protocal_parser.o(.text) for FrameUnpack
    usart3.o(.text) refers to iotask.o(.text) for SetCaliCmdFlag
    usart3.o(.text) refers to usart3.o(.data) for UART_TranFifo
[...]
    USART1_IRQHandler                        0x080009af   Thumb Code   190  usart1.o(.text)
    USART1_GetRxBuf                          0x08000a6d   Thumb Code     4  usart1.o(.text)
    Usart2_Init                              0x08000a8d   Thumb Code   164  usart2.o(.text)
    USART2_IRQHandler                        0x08000b31   Thumb Code   126  usart2.o(.text)
    Usart2_Send                              0x08000baf   Thumb Code    62  usart2.o(.text)
    Usart2_Send_Byte                         0x08000bed   Thumb Code    46  usart2.o(.text)
    BT_Init                                  0x08000c1b   Thumb Code    12  usart2.o(.text)
    fputc                                    0x08000c27   Thumb Code    16  usart2.o(.text)
    USART3_Configuration                     0x08000c51   Thumb Code   182  usart3.o(.text)
    UART3_PrintCh                            0x08000d07   Thumb Code    28  usart3.o(.text)
    UART3_PrintBlock                         0x08000d23   Thumb Code    44  usart3.o(.text)
    USART3_IRQHandler                        0x08000d4f   Thumb Code   240  usart3.o(.text)
    Usart6_Init                              0x08000e51   Thumb Code   166  usart6.o(.text)
    USART6_IRQHandler                        0x08000ef7   Thumb Code   120  usart6.o(.text)
    Usart6_Send                              0x08000f6f   Thumb Code    62  usart6.o(.text)
    Usart6_Send_Byte                         0x08000fad   Thumb Code    46  usart6.o(.text)
    CAN1_Configuration                       0x08000ff1   Thumb Code   260  can1.o(.text)
    GYRO_RST                                 0x080010f5   Thumb Code    86  can1.o(.text)
    CAN1_TX_IRQHandler                       0x0800114b   Thumb Code    22  can1.o(.text)
    CAN1_RX0_IRQHandler                      0x08001161   Thumb Code    50  can1.o(.text)
    Quad_Encoder_Configuration               0x080011a1   Thumb Code    90  encoder.o(.text)
    Encoder_Start                            0x080011fb   Thumb Code    12  encoder.o(.text)
    GetQuadEncoderDiff                       0x08001207   Thumb Code    40  encoder.o(.text)
    BSP_FLASH_GetFlashSector                 0x08001243   Thumb Code   116  bsp_flash.o(.text)
    BSP_FLASH_Write                          0x080012b7   Thumb Code   168  bsp_flash.o(.text)
    BSP_FLASH_Read                           0x0800135f   Thumb Code    34  bsp_flash.o(.text)
    Reset_Handler                            0x080013b1   Thumb Code     8  startup_stm32f4xx.o(.text)
    SysTick_Handler                          0x080013c9   Thumb Code     2  startup_stm32f4xx.o(.text)
    ADC_IRQHandler                           0x080013cb   Thumb Code     0  startup_stm32f4xx.o(.text)
    CAN1_RX1_IRQHandler                      0x080013cb   Thumb Code     0  startup_stm32f4xx.o(.text)
    CAN1_SCE_IRQHandler                      0x080013cb   Thumb Code     0  startup_stm32f4xx.o(.text)
    CAN2_RX1_IRQHandler                      0x080013cb   Thumb Code     0  startup_stm32f4xx.o(.text)
    CAN2_SCE_IRQHandler                      0x080013cb   Thumb Code     0  startup_stm32f4xx.o(.text)
    CRYP_IRQHandler                          0x080013cb   Thumb Code     0  startup_stm32f4xx.o(.text)
    DCMI_IRQHandler                          0x080013cb   Thumb Code     0  startup_stm32f4xx.o(.text)
    DMA1_Stream0_IRQHandler                  0x080013cb   Thumb Code     0  startup_stm32f4xx.o(.text)
    DMA1_Stream1_IRQHandler                  0x080013cb   Thumb Code     0  startup_stm32f4xx.o(.text)
    DMA1_Stream2_IRQHandler                  0x080013cb   Thumb Code     0  startup_stm32f4xx.o(.text)
    DMA1_Stream3_IRQHandler                  0x080013cb   Thumb Code     0  startup_stm32f4xx.o(.text)
    DMA1_Stream4_IRQHandler                  0x080013cb   Thumb Code     0  startup_stm32f4xx.o(.text)
    DMA1_Stream5_IRQHandler                  0x080013cb   Thumb Code     0  startup_stm32f4xx.o(.text)
    DMA1_Stream6_IRQHandler                  0x080013cb   Thumb Code     0  startup_stm32f4xx.o(.text)
    DMA1_Stream7_IRQHandler                  0x080013cb   Thumb Code     0  startup_stm32f4xx.o(.text)
    DMA2_Stream0_IRQHandler                  0x080013cb   Thumb Code     0  startup_stm32f4xx.o(.text)
    DMA2_Stream1_IRQHandler                  0x080013cb   Thumb Code     0  startup_stm32f4xx.o(.text)
    DMA2_Stream2_IRQHandler                  0x080013cb   Thumb Code     0  startup_stm32f4xx.o(.text)
    DMA2_Stream3_IRQHandler                  0x080013cb   Thumb Code     0  startup_stm32f4xx.o(.text)
    DMA2_Stream4_IRQHandler                  0x080013cb   Thumb Code     0  startup_stm32f4xx.o(.text)
    DMA2_Stream5_IRQHandler                  0x080013cb   Thumb Code     0  startup_stm32f4xx.o(.text)
    DMA2_Stream6_IRQHandler                  0x080013cb   Thumb Code     0  startup_stm32f4xx.o(.text)
    DMA2_Stream7_IRQHandler                  0x080013cb   Thumb Code     0  startup_stm32f4xx.o(.text)
    ETH_IRQHandler                           0x080013cb   Thumb Code     0  startup_stm32f4xx.o(.text)
    ETH_WKUP_IRQHandler                      0x080013cb   Thumb Code     0  startup_stm32f4xx.o(.text)
    EXTI15_10_IRQHandler                     0x080013cb   Thumb Code     0  startup_stm32f4xx.o(.text)
    EXTI2_IRQHandler                         0x080013cb   Thumb Code     0  startup_stm32f4xx.o(.text)
    EXTI3_IRQHandler                         0x080013cb   Thumb Code     0  startup_stm32f4xx.o(.text)
    EXTI4_IRQHandler                         0x080013cb   Thumb Code     0  startup_stm32f4xx.o(.text)
    EXTI9_5_IRQHandler                       0x080013cb   Thumb Code     0  startup_stm32f4xx.o(.text)
    FLASH_IRQHandler                         0x080013cb   Thumb Code     0  startup_stm32f4xx.o(.text)
    FPU_IRQHandler                           0x080013cb   Thumb Code     0  startup_stm32f4xx.o(.text)
    FSMC_IRQHandler                          0x080013cb   Thumb Code     0  startup_stm32f4xx.o(.text)
    HASH_RNG_IRQHandler                      0x080013cb   Thumb Code     0  startup_stm32f4xx.o(.text)
    I2C1_ER_IRQHandler                       0x080013cb   Thumb Code     0  startup_stm32f4xx.o(.text)
    I2C1_EV_IRQHandler                       0x080013cb   Thumb Code     0  startup_stm32f4xx.o(.text)
    I2C2_ER_IRQHandler                       0x080013cb   Thumb Code     0  startup_stm32f4xx.o(.text)
    I2C2_EV_IRQHandler                       0x080013cb   Thumb Code     0  startup_stm32f4xx.o(.text)
    I2C3_ER_IRQHandler                       0x080013cb   Thumb Code     0  startup_stm32f4xx.o(.text)
    I2C3_EV_IRQHandler                       0x080013cb   Thumb Code     0  startup_stm32f4xx.o(.text)
    OTG_FS_IRQHandler                        0x080013cb   Thumb Code     0  startup_stm32f4xx.o(.text)
    OTG_FS_WKUP_IRQHandler                   0x080013cb   Thumb Code     0  startup_stm32f4xx.o(.text)
    OTG_HS_EP1_IN_IRQHandler                 0x080013cb   Thumb Code     0  startup_stm32f4xx.o(.text)
    OTG_HS_EP1_OUT_IRQHandler                0x080013cb   Thumb Code     0  startup_stm32f4xx.o(.text)
    OTG_HS_IRQHandler                        0x080013cb   Thumb Code     0  startup_stm32f4xx.o(.text)
    OTG_HS_WKUP_IRQHandler                   0x080013cb   Thumb Code     0  startup_stm32f4xx.o(.text)
    PVD_IRQHandler                           0x080013cb   Thumb Code     0  startup_stm32f4xx.o(.text)
    RCC_IRQHandler                           0x080013cb   Thumb Code     0  startup_stm32f4xx.o(.text)
    RTC_Alarm_IRQHandler                     0x080013cb   Thumb Code     0  startup_stm32f4xx.o(.text)
    RTC_WKUP_IRQHandler                      0x080013cb   Thumb Code     0  startup_stm32f4xx.o(.text)
    SDIO_IRQHandler                          0x080013cb   Thumb Code     0  startup_stm32f4xx.o(.text)
    SPI1_IRQHandler                          0x080013cb   Thumb Code     0  startup_stm32f4xx.o(.text)
    SPI2_IRQHandler                          0x080013cb   Thumb Code     0  startup_stm32f4xx.o(.text)
    SPI3_IRQHandler                          0x080013cb   Thumb Code     0  startup_stm32f4xx.o(.text)
    TAMP_STAMP_IRQHandler                    0x080013cb   Thumb Code     0  startup_stm32f4xx.o(.text)
    TIM1_BRK_TIM9_IRQHandler                 0x080013cb   Thumb Code     0  startup_stm32f4xx.o(.text)
    TIM1_CC_IRQHandler                       0x080013cb   Thumb Code     0  startup_stm32f4xx.o(.text)
    TIM1_TRG_COM_TIM11_IRQHandler            0x080013cb   Thumb Code     0  startup_stm32f4xx.o(.text)
    TIM1_UP_TIM10_IRQHandler                 0x080013cb   Thumb Code     0  startup_stm32f4xx.o(.text)
    TIM3_IRQHandler                          0x080013cb   Thumb Code     0  startup_stm32f4xx.o(.text)
    TIM4_IRQHandler                          0x080013cb   Thumb Code     0  startup_stm32f4xx.o(.text)
    TIM5_IRQHandler                          0x080013cb   Thumb Code     0  startup_stm32f4xx.o(.text)
    TIM7_IRQHandler                          0x080013cb   Thumb Code     0  startup_stm32f4xx.o(.text)
    TIM8_BRK_TIM12_IRQHandler                0x080013cb   Thumb Code     0  startup_stm32f4xx.o(.text)
    TIM8_CC_IRQHandler                       0x080013cb   Thumb Code     0  startup_stm32f4xx.o(.text)
    TIM8_TRG_COM_TIM14_IRQHandler            0x080013cb   Thumb Code     0  startup_stm32f4xx.o(.text)
    TIM8_UP_TIM13_IRQHandler                 0x080013cb   Thumb Code     0  startup_stm32f4xx.o(.text)
    UART4_IRQHandler                         0x080013cb   Thumb Code     0  startup_stm32f4xx.o(.text)
    UART5_IRQHandler                         0x080013cb   Thumb Code     0  startup_stm32f4xx.o(.text)
    WWDG_IRQHandler                          0x080013cb   Thumb Code     0  startup_stm32f4xx.o(.text)
    NMI_Handler                              0x080013d5   Thumb Code     2  stm32f4xx_it.o(.text)
    HardFault_Handler                        0x080013d7   Thumb Code     4  stm32f4xx_it.o(.text)
    MemManage_Handler                        0x080013db   Thumb Code     4  stm32f4xx_it.o(.text)
    BusFault_Handler                         0x080013df   Thumb Code     4  stm32f4xx_it.o(.text)
    UsageFault_Handler                       0x080013e3   Thumb Code     4  stm32f4xx_it.o(.text)
    SVC_Handler                              0x080013e7   Thumb Code     2  stm32f4xx_it.o(.text)
    DebugMon_Handler                         0x080013e9   Thumb Code     2  stm32f4xx_it.o(.text)
    PendSV_Handler                           0x080013eb   Thumb Code     2  stm32f4xx_it.o(.text)
    NVIC_PriorityGroupConfig                 0x080013ed   Thumb Code    10  misc.o(.text)
    NVIC_Init                                0x080013f7   Thumb Code   106  misc.o(.text)
    NVIC_SetVectorTable                      0x08001461   Thumb Code    14  misc.o(.text)
    NVIC_SystemLPConfig                      0x0800146f   Thumb Code    34  misc.o(.text)
    SysTick_CLKSourceConfig                  0x08001491   Thumb Code    40  misc.o(.text)
    CAN_DeInit                               0x080014cd   Thumb Code    50  stm32f4xx_can.o(.text)
    CAN_Init                                 0x080014ff   Thumb Code   276  stm32f4xx_can.o(.text)
    CAN_FilterInit                           0x08001613   Thumb Code   258  stm32f4xx_can.o(.text)
    CAN_StructInit                           0x08001715   Thumb Code    32  stm32f4xx_can.o(.text)
    CAN_SlaveStartBank                       0x08001735   Thumb Code    48  stm32f4xx_can.o(.text)
    CAN_DBGFreeze                            0x08001765   Thumb Code    22  stm32f4xx_can.o(.text)
    CAN_TTComModeCmd                         0x0800177b   Thumb Code   118  stm32f4xx_can.o(.text)
    CAN_Transmit                             0x080017f1   Thumb Code   304  stm32f4xx_can.o(.text)
    CAN_TransmitStatus                       0x08001921   Thumb Code   138  stm32f4xx_can.o(.text)
    CAN_CancelTransmit                       0x080019ab   Thumb Code    48  stm32f4xx_can.o(.text)
    CAN_Receive                              0x080019db   Thumb Code   240  stm32f4xx_can.o(.text)
    CAN_FIFORelease                          0x08001acb   Thumb Code    22  stm32f4xx_can.o(.text)
    CAN_MessagePending                       0x08001ae1   Thumb Code    30  stm32f4xx_can.o(.text)
    CAN_OperatingModeRequest                 0x08001aff   Thumb Code   162  stm32f4xx_can.o(.text)
    CAN_Sleep                                0x08001ba1   Thumb Code    30  stm32f4xx_can.o(.text)
    CAN_WakeUp                               0x08001bbf   Thumb Code    48  stm32f4xx_can.o(.text)
    CAN_GetLastErrorCode                     0x08001bef   Thumb Code    12  stm32f4xx_can.o(.text)
    CAN_GetReceiveErrorCounter               0x08001bfb   Thumb Code    10  stm32f4xx_can.o(.text)
    CAN_GetLSBTransmitErrorCounter           0x08001c05   Thumb Code    12  stm32f4xx_can.o(.text)
    CAN_ITConfig                             0x08001c11   Thumb Code    18  stm32f4xx_can.o(.text)
    CAN_GetFlagStatus                        0x08001c23   Thumb Code   120  stm32f4xx_can.o(.text)
    CAN_ClearFlag                            0x08001c9b   Thumb Code    52  stm32f4xx_can.o(.text)
    CAN_GetITStatus                          0x08001ce1   Thumb Code   310  stm32f4xx_can.o(.text)
    CAN_ClearITPendingBit                    0x08001e17   Thumb Code   162  stm32f4xx_can.o(.text)
    DMA_DeInit                               0x08001ebd   Thumb Code   324  stm32f4xx_dma.o(.text)
    DMA_Init                                 0x08002001   Thumb Code    82  stm32f4xx_dma.o(.text)
    DMA_StructInit                           0x08002053   Thumb Code    34  stm32f4xx_dma.o(.text)
    DMA_Cmd                                  0x08002075   Thumb Code    22  stm32f4xx_dma.o(.text)
    DMA_PeriphIncOffsetSizeConfig            0x0800208b   Thumb Code    22  stm32f4xx_dma.o(.text)
    DMA_FlowControllerConfig                 0x080020a1   Thumb Code    22  stm32f4xx_dma.o(.text)
    DMA_SetCurrDataCounter                   0x080020b7   Thumb Code     4  stm32f4xx_dma.o(.text)
    DMA_GetCurrDataCounter                   0x080020bb   Thumb Code     8  stm32f4xx_dma.o(.text)
    DMA_DoubleBufferModeConfig               0x080020c3   Thumb Code    24  stm32f4xx_dma.o(.text)
    DMA_DoubleBufferModeCmd                  0x080020db   Thumb Code    22  stm32f4xx_dma.o(.text)
    DMA_MemoryTargetConfig                   0x080020f1   Thumb Code    10  stm32f4xx_dma.o(.text)
    DMA_GetCurrentMemoryTarget               0x080020fb   Thumb Code    20  stm32f4xx_dma.o(.text)
    DMA_GetCmdStatus                         0x0800210f   Thumb Code    20  stm32f4xx_dma.o(.text)
    DMA_GetFIFOStatus                        0x08002123   Thumb Code    12  stm32f4xx_dma.o(.text)
    DMA_GetFlagStatus                        0x0800212f   Thumb Code    56  stm32f4xx_dma.o(.text)
    DMA_ClearFlag                            0x08002167   Thumb Code    40  stm32f4xx_dma.o(.text)
    DMA_ITConfig                             0x0800218f   Thumb Code    58  stm32f4xx_dma.o(.text)
    DMA_GetITStatus                          0x080021c9   Thumb Code    84  stm32f4xx_dma.o(.text)
    DMA_ClearITPendingBit                    0x0800221d   Thumb Code    40  stm32f4xx_dma.o(.text)
    EXTI_DeInit                              0x08002265   Thumb Code    28  stm32f4xx_exti.o(.text)
    EXTI_Init                                0x08002281   Thumb Code   142  stm32f4xx_exti.o(.text)
    EXTI_StructInit                          0x0800230f   Thumb Code    16  stm32f4xx_exti.o(.text)
    EXTI_GenerateSWInterrupt                 0x0800231f   Thumb Code    16  stm32f4xx_exti.o(.text)
    EXTI_GetFlagStatus                       0x0800232f   Thumb Code    22  stm32f4xx_exti.o(.text)
    EXTI_ClearFlag                           0x08002345   Thumb Code     8  stm32f4xx_exti.o(.text)
    EXTI_GetITStatus                         0x0800234d   Thumb Code    34  stm32f4xx_exti.o(.text)
    EXTI_ClearITPendingBit                   0x0800236f   Thumb Code     8  stm32f4xx_exti.o(.text)
    FLASH_SetLatency                         0x08002381   Thumb Code     6  stm32f4xx_flash.o(.text)
    FLASH_PrefetchBufferCmd                  0x08002387   Thumb Code    30  stm32f4xx_flash.o(.text)
    FLASH_InstructionCacheCmd                0x080023a5   Thumb Code    30  stm32f4xx_flash.o(.text)
    FLASH_DataCacheCmd                       0x080023c3   Thumb Code    30  stm32f4xx_flash.o(.text)
    FLASH_InstructionCacheReset              0x080023e1   Thumb Code    14  stm32f4xx_flash.o(.text)
    FLASH_DataCacheReset                     0x080023ef   Thumb Code    14  stm32f4xx_flash.o(.text)
    FLASH_Unlock                             0x080023fd   Thumb Code    26  stm32f4xx_flash.o(.text)
    FLASH_Lock                               0x08002417   Thumb Code    18  stm32f4xx_flash.o(.text)
    FLASH_GetStatus                          0x08002429   Thumb Code    74  stm32f4xx_flash.o(.text)
    FLASH_WaitForLastOperation               0x08002473   Thumb Code    34  stm32f4xx_flash.o(.text)
    FLASH_EraseSector                        0x08002495   Thumb Code   140  stm32f4xx_flash.o(.text)
    FLASH_EraseAllSectors                    0x08002521   Thumb Code   112  stm32f4xx_flash.o(.text)
    FLASH_ProgramDoubleWord                  0x08002591   Thumb Code    86  stm32f4xx_flash.o(.text)
    FLASH_ProgramWord                        0x080025e7   Thumb Code    82  stm32f4xx_flash.o(.text)
    FLASH_ProgramHalfWord                    0x08002639   Thumb Code    82  stm32f4xx_flash.o(.text)
    FLASH_ProgramByte                        0x0800268b   Thumb Code    78  stm32f4xx_flash.o(.text)
    FLASH_OB_Unlock                          0x080026d9   Thumb Code    26  stm32f4xx_flash.o(.text)
    FLASH_OB_Lock                            0x080026f3   Thumb Code    18  stm32f4xx_flash.o(.text)
    FLASH_OB_WRPConfig                       0x08002705   Thumb Code    54  stm32f4xx_flash.o(.text)
    FLASH_OB_RDPConfig                       0x0800273b   Thumb Code    24  stm32f4xx_flash.o(.text)
    FLASH_OB_UserConfig                      0x08002753   Thumb Code    68  stm32f4xx_flash.o(.text)
    FLASH_OB_BORConfig                       0x08002797   Thumb Code    22  stm32f4xx_flash.o(.text)
    FLASH_OB_Launch                          0x080027ad   Thumb Code    26  stm32f4xx_flash.o(.text)
    FLASH_OB_GetUser                         0x080027c7   Thumb Code    10  stm32f4xx_flash.o(.text)
    FLASH_OB_GetWRP                          0x080027d1   Thumb Code     8  stm32f4xx_flash.o(.text)
    FLASH_OB_GetRDP                          0x080027d9   Thumb Code    20  stm32f4xx_flash.o(.text)
    FLASH_OB_GetBOR                          0x080027ed   Thumb Code    10  stm32f4xx_flash.o(.text)
    FLASH_ITConfig                           0x080027f7   Thumb Code    34  stm32f4xx_flash.o(.text)
    FLASH_GetFlagStatus                      0x08002819   Thumb Code    22  stm32f4xx_flash.o(.text)
    FLASH_ClearFlag                          0x0800282f   Thumb Code     8  stm32f4xx_flash.o(.text)
    GPIO_DeInit                              0x0800283d   Thumb Code   220  stm32f4xx_gpio.o(.text)
    GPIO_Init                                0x08002919   Thumb Code   144  stm32f4xx_gpio.o(.text)
    GPIO_StructInit                          0x080029a9   Thumb Code    18  stm32f4xx_gpio.o(.text)
    GPIO_PinLockConfig                       0x080029bb   Thumb Code    34  stm32f4xx_gpio.o(.text)
    GPIO_ReadInputDataBit                    0x080029dd   Thumb Code    18  stm32f4xx_gpio.o(.text)
    GPIO_ReadInputData                       0x080029ef   Thumb Code     8  stm32f4xx_gpio.o(.text)
    GPIO_ReadOutputDataBit                   0x080029f7   Thumb Code    18  stm32f4xx_gpio.o(.text)
    GPIO_ReadOutputData                      0x08002a09   Thumb Code     8  stm32f4xx_gpio.o(.text)
    GPIO_SetBits                             0x08002a11   Thumb Code     4  stm32f4xx_gpio.o(.text)
    GPIO_ResetBits                           0x08002a15   Thumb Code     4  stm32f4xx_gpio.o(.text)
    GPIO_WriteBit                            0x08002a19   Thumb Code    10  stm32f4xx_gpio.o(.text)
    GPIO_Write                               0x08002a23   Thumb Code     4  stm32f4xx_gpio.o(.text)
    GPIO_ToggleBits                          0x08002a27   Thumb Code     8  stm32f4xx_gpio.o(.text)
    GPIO_PinAFConfig                         0x08002a2f   Thumb Code    70  stm32f4xx_gpio.o(.text)
    RCC_DeInit                               0x08002a99   Thumb Code    60  stm32f4xx_rcc.o(.text)
    RCC_HSEConfig                            0x08002ad5   Thumb Code    14  stm32f4xx_rcc.o(.text)
    RCC_GetFlagStatus                        0x08002ae3   Thumb Code    60  stm32f4xx_rcc.o(.text)
    RCC_WaitForHSEStartUp                    0x08002b1f   Thumb Code    56  stm32f4xx_rcc.o(.text)
    RCC_AdjustHSICalibrationValue            0x08002b57   Thumb Code    20  stm32f4xx_rcc.o(.text)
    RCC_HSICmd                               0x08002b6b   Thumb Code     6  stm32f4xx_rcc.o(.text)
    RCC_LSEConfig                            0x08002b71   Thumb Code    46  stm32f4xx_rcc.o(.text)
    RCC_LSICmd                               0x08002b9f   Thumb Code     6  stm32f4xx_rcc.o(.text)
    RCC_PLLConfig                            0x08002ba5   Thumb Code    32  stm32f4xx_rcc.o(.text)
    RCC_PLLCmd                               0x08002bc5   Thumb Code     6  stm32f4xx_rcc.o(.text)
    RCC_PLLI2SConfig                         0x08002bcb   Thumb Code    14  stm32f4xx_rcc.o(.text)
    RCC_PLLI2SCmd                            0x08002bd9   Thumb Code     6  stm32f4xx_rcc.o(.text)
    RCC_ClockSecuritySystemCmd               0x08002bdf   Thumb Code     6  stm32f4xx_rcc.o(.text)
    RCC_MCO1Config                           0x08002be5   Thumb Code    28  stm32f4xx_rcc.o(.text)
    RCC_MCO2Config                           0x08002c01   Thumb Code    28  stm32f4xx_rcc.o(.text)
    RCC_SYSCLKConfig                         0x08002c1d   Thumb Code    20  stm32f4xx_rcc.o(.text)
    RCC_GetSYSCLKSource                      0x08002c31   Thumb Code    12  stm32f4xx_rcc.o(.text)
    RCC_HCLKConfig                           0x08002c3d   Thumb Code    20  stm32f4xx_rcc.o(.text)
    RCC_PCLK1Config                          0x08002c51   Thumb Code    20  stm32f4xx_rcc.o(.text)
    RCC_PCLK2Config                          0x08002c65   Thumb Code    22  stm32f4xx_rcc.o(.text)
    RCC_GetClocksFreq                        0x08002c7b   Thumb Code   222  stm32f4xx_rcc.o(.text)
    RCC_RTCCLKConfig                         0x08002d59   Thumb Code    54  stm32f4xx_rcc.o(.text)
    RCC_RTCCLKCmd                            0x08002d8f   Thumb Code     8  stm32f4xx_rcc.o(.text)
    RCC_BackupResetCmd                       0x08002d97   Thumb Code     8  stm32f4xx_rcc.o(.text)
    RCC_I2SCLKConfig                         0x08002d9f   Thumb Code     6  stm32f4xx_rcc.o(.text)
    RCC_AHB1PeriphClockCmd                   0x08002da5   Thumb Code    34  stm32f4xx_rcc.o(.text)
    RCC_AHB2PeriphClockCmd                   0x08002dc7   Thumb Code    34  stm32f4xx_rcc.o(.text)
    RCC_AHB3PeriphClockCmd                   0x08002de9   Thumb Code    34  stm32f4xx_rcc.o(.text)
    RCC_APB1PeriphClockCmd                   0x08002e0b   Thumb Code    34  stm32f4xx_rcc.o(.text)
    RCC_APB2PeriphClockCmd                   0x08002e2d   Thumb Code    34  stm32f4xx_rcc.o(.text)
    RCC_AHB1PeriphResetCmd                   0x08002e4f   Thumb Code    34  stm32f4xx_rcc.o(.text)
    RCC_AHB2PeriphResetCmd                   0x08002e71   Thumb Code    72  stm32f4xx_rcc.o(.text)
    RCC_AHB3PeriphResetCmd                   0x08002eb9   Thumb Code    34  stm32f4xx_rcc.o(.text)
    RCC_APB1PeriphResetCmd                   0x08002edb   Thumb Code    34  stm32f4xx_rcc.o(.text)
    RCC_APB2PeriphResetCmd                   0x08002efd   Thumb Code    34  stm32f4xx_rcc.o(.text)
    RCC_AHB1PeriphClockLPModeCmd             0x08002f1f   Thumb Code    34  stm32f4xx_rcc.o(.text)
    RCC_AHB2PeriphClockLPModeCmd             0x08002f41   Thumb Code    34  stm32f4xx_rcc.o(.text)
    RCC_AHB3PeriphClockLPModeCmd             0x08002f63   Thumb Code    34  stm32f4xx_rcc.o(.text)
    RCC_APB1PeriphClockLPModeCmd             0x08002f85   Thumb Code    34  stm32f4xx_rcc.o(.text)
    RCC_APB2PeriphClockLPModeCmd             0x08002fa7   Thumb Code    34  stm32f4xx_rcc.o(.text)
    RCC_ITConfig                             0x08002fc9   Thumb Code    34  stm32f4xx_rcc.o(.text)
    RCC_ClearFlag                            0x08002feb   Thumb Code    18  stm32f4xx_rcc.o(.text)
    RCC_GetITStatus                          0x08002ffd   Thumb Code    22  stm32f4xx_rcc.o(.text)
    RCC_ClearITPendingBit                    0x08003013   Thumb Code     8  stm32f4xx_rcc.o(.text)
    SPI_I2S_DeInit                           0x08003021   Thumb Code    76  stm32f4xx_spi.o(.text)
    SPI_Init                                 0x0800306d   Thumb Code    60  stm32f4xx_spi.o(.text)
    I2S_Init                                 0x080030a9   Thumb Code   350  stm32f4xx_spi.o(.text)
    SPI_StructInit                           0x08003207   Thumb Code    24  stm32f4xx_spi.o(.text)
    I2S_StructInit                           0x0800321f   Thumb Code    20  stm32f4xx_spi.o(.text)
    SPI_Cmd                                  0x08003233   Thumb Code    24  stm32f4xx_spi.o(.text)
    I2S_Cmd                                  0x0800324b   Thumb Code    24  stm32f4xx_spi.o(.text)
    SPI_DataSizeConfig                       0x08003263   Thumb Code    18  stm32f4xx_spi.o(.text)
    SPI_BiDirectionalLineConfig              0x08003275   Thumb Code    28  stm32f4xx_spi.o(.text)
    SPI_NSSInternalSoftwareConfig            0x08003291   Thumb Code    30  stm32f4xx_spi.o(.text)
    SPI_SSOutputCmd                          0x080032af   Thumb Code    24  stm32f4xx_spi.o(.text)
    SPI_TIModeCmd                            0x080032c7   Thumb Code    24  stm32f4xx_spi.o(.text)
    I2S_FullDuplexConfig                     0x080032df   Thumb Code    80  stm32f4xx_spi.o(.text)
    SPI_I2S_ReceiveData                      0x0800332f   Thumb Code     6  stm32f4xx_spi.o(.text)
    SPI_I2S_SendData                         0x08003335   Thumb Code     4  stm32f4xx_spi.o(.text)
    SPI_CalculateCRC                         0x08003339   Thumb Code    24  stm32f4xx_spi.o(.text)
    SPI_TransmitCRC                          0x08003351   Thumb Code    10  stm32f4xx_spi.o(.text)
    SPI_GetCRC                               0x0800335b   Thumb Code    16  stm32f4xx_spi.o(.text)
    SPI_GetCRCPolynomial                     0x0800336b   Thumb Code     6  stm32f4xx_spi.o(.text)
    SPI_I2S_DMACmd                           0x08003371   Thumb Code    18  stm32f4xx_spi.o(.text)
    SPI_I2S_ITConfig                         0x08003383   Thumb Code    32  stm32f4xx_spi.o(.text)
    SPI_I2S_GetFlagStatus                    0x080033a3   Thumb Code    18  stm32f4xx_spi.o(.text)
    SPI_I2S_ClearFlag                        0x080033b5   Thumb Code     6  stm32f4xx_spi.o(.text)
    SPI_I2S_GetITStatus                      0x080033bb   Thumb Code    52  stm32f4xx_spi.o(.text)
    SPI_I2S_ClearITPendingBit                0x080033ef   Thumb Code    42  stm32f4xx_spi.o(.text)
    SYSCFG_DeInit                            0x08003419   Thumb Code    22  stm32f4xx_syscfg.o(.text)
    SYSCFG_MemoryRemapConfig                 0x0800342f   Thumb Code     6  stm32f4xx_syscfg.o(.text)
    SYSCFG_EXTILineConfig                    0x08003435   Thumb Code    66  stm32f4xx_syscfg.o(.text)
    SYSCFG_ETH_MediaInterfaceConfig          0x08003477   Thumb Code     6  stm32f4xx_syscfg.o(.text)
    SYSCFG_CompensationCellCmd               0x0800347d   Thumb Code     6  stm32f4xx_syscfg.o(.text)
    SYSCFG_GetCompensationCellStatus         0x08003483   Thumb Code    22  stm32f4xx_syscfg.o(.text)
    TIM_DeInit                               0x080034a5   Thumb Code   346  stm32f4xx_tim.o(.text)
    TIM_TimeBaseInit                         0x080035ff   Thumb Code   104  stm32f4xx_tim.o(.text)
    TIM_TimeBaseStructInit                   0x08003667   Thumb Code    18  stm32f4xx_tim.o(.text)
    TIM_PrescalerConfig                      0x08003679   Thumb Code     6  stm32f4xx_tim.o(.text)
    TIM_CounterModeConfig                    0x0800367f   Thumb Code    18  stm32f4xx_tim.o(.text)
    TIM_SetCounter                           0x08003691   Thumb Code     4  stm32f4xx_tim.o(.text)
    TIM_SetAutoreload                        0x08003695   Thumb Code     4  stm32f4xx_tim.o(.text)
    TIM_GetCounter                           0x08003699   Thumb Code     6  stm32f4xx_tim.o(.text)
    TIM_GetPrescaler                         0x0800369f   Thumb Code     6  stm32f4xx_tim.o(.text)
    TIM_UpdateDisableConfig                  0x080036a5   Thumb Code    24  stm32f4xx_tim.o(.text)
    TIM_UpdateRequestConfig                  0x080036bd   Thumb Code    24  stm32f4xx_tim.o(.text)
    TIM_ARRPreloadConfig                     0x080036d5   Thumb Code    24  stm32f4xx_tim.o(.text)
    TIM_SelectOnePulseMode                   0x080036ed   Thumb Code    18  stm32f4xx_tim.o(.text)
    TIM_SetClockDivision                     0x080036ff   Thumb Code    18  stm32f4xx_tim.o(.text)
    TIM_Cmd                                  0x08003711   Thumb Code    24  stm32f4xx_tim.o(.text)
    TIM_OC1Init                              0x08003729   Thumb Code   114  stm32f4xx_tim.o(.text)
    TIM_OC2Init                              0x0800379b   Thumb Code   154  stm32f4xx_tim.o(.text)
    TIM_OC3Init                              0x08003835   Thumb Code   204  stm32f4xx_tim.o(.text)
    TIM_OC4Init                              0x08003901   Thumb Code   112  stm32f4xx_tim.o(.text)
    TIM_OCStructInit                         0x08003971   Thumb Code    20  stm32f4xx_tim.o(.text)
    TIM_SelectOCxM                           0x08003985   Thumb Code    86  stm32f4xx_tim.o(.text)
    TIM_SetCompare1                          0x080039db   Thumb Code     4  stm32f4xx_tim.o(.text)
    TIM_SetCompare2                          0x080039df   Thumb Code     4  stm32f4xx_tim.o(.text)
    TIM_SetCompare3                          0x080039e3   Thumb Code     4  stm32f4xx_tim.o(.text)
    TIM_SetCompare4                          0x080039e7   Thumb Code     4  stm32f4xx_tim.o(.text)
    TIM_ForcedOC1Config                      0x080039eb   Thumb Code    18  stm32f4xx_tim.o(.text)
    TIM_ForcedOC2Config                      0x080039fd   Thumb Code    26  stm32f4xx_tim.o(.text)
    TIM_ForcedOC3Config                      0x08003a17   Thumb Code    18  stm32f4xx_tim.o(.text)
    TIM_ForcedOC4Config                      0x08003a29   Thumb Code    26  stm32f4xx_tim.o(.text)
    TIM_OC1PreloadConfig                     0x08003a43   Thumb Code    18  stm32f4xx_tim.o(.text)
    TIM_OC2PreloadConfig                     0x08003a55   Thumb Code    26  stm32f4xx_tim.o(.text)
    TIM_OC3PreloadConfig                     0x08003a6f   Thumb Code    18  stm32f4xx_tim.o(.text)
    TIM_OC4PreloadConfig                     0x08003a81   Thumb Code    26  stm32f4xx_tim.o(.text)
    TIM_OC1FastConfig                        0x08003a9b   Thumb Code    18  stm32f4xx_tim.o(.text)
    TIM_OC2FastConfig                        0x08003aad   Thumb Code    26  stm32f4xx_tim.o(.text)
    TIM_OC3FastConfig                        0x08003ac7   Thumb Code    18  stm32f4xx_tim.o(.text)
    TIM_OC4FastConfig                        0x08003ad9   Thumb Code    26  stm32f4xx_tim.o(.text)
    TIM_ClearOC1Ref                          0x08003af3   Thumb Code    18  stm32f4xx_tim.o(.text)
    TIM_ClearOC2Ref                          0x08003b05   Thumb Code    24  stm32f4xx_tim.o(.text)
    TIM_ClearOC3Ref                          0x08003b1d   Thumb Code    18  stm32f4xx_tim.o(.text)
    TIM_ClearOC4Ref                          0x08003b2f   Thumb Code    24  stm32f4xx_tim.o(.text)
    TIM_OC1PolarityConfig                    0x08003b47   Thumb Code    18  stm32f4xx_tim.o(.text)
    TIM_OC1NPolarityConfig                   0x08003b59   Thumb Code    18  stm32f4xx_tim.o(.text)
    TIM_OC2PolarityConfig                    0x08003b6b   Thumb Code    26  stm32f4xx_tim.o(.text)
    TIM_OC2NPolarityConfig                   0x08003b85   Thumb Code    26  stm32f4xx_tim.o(.text)
    TIM_OC3PolarityConfig                    0x08003b9f   Thumb Code    26  stm32f4xx_tim.o(.text)
    TIM_OC3NPolarityConfig                   0x08003bb9   Thumb Code    26  stm32f4xx_tim.o(.text)
    TIM_OC4PolarityConfig                    0x08003bd3   Thumb Code    26  stm32f4xx_tim.o(.text)
    TIM_CCxCmd                               0x08003bed   Thumb Code    30  stm32f4xx_tim.o(.text)
    TIM_CCxNCmd                              0x08003c0b   Thumb Code    30  stm32f4xx_tim.o(.text)
    TIM_SetIC4Prescaler                      0x08003c29   Thumb Code    26  stm32f4xx_tim.o(.text)
    TIM_SetIC3Prescaler                      0x08003c93   Thumb Code    18  stm32f4xx_tim.o(.text)
    TIM_SetIC2Prescaler                      0x08003ced   Thumb Code    26  stm32f4xx_tim.o(.text)
    TIM_SetIC1Prescaler                      0x08003d61   Thumb Code    18  stm32f4xx_tim.o(.text)
    TIM_ICInit                               0x08003dad   Thumb Code   110  stm32f4xx_tim.o(.text)
    TIM_ICStructInit                         0x08003e1b   Thumb Code    18  stm32f4xx_tim.o(.text)
    TIM_PWMIConfig                           0x08003e2d   Thumb Code   124  stm32f4xx_tim.o(.text)
    TIM_GetCapture1                          0x08003ea9   Thumb Code     6  stm32f4xx_tim.o(.text)
    TIM_GetCapture2                          0x08003eaf   Thumb Code     6  stm32f4xx_tim.o(.text)
    TIM_GetCapture3                          0x08003eb5   Thumb Code     6  stm32f4xx_tim.o(.text)
    TIM_GetCapture4                          0x08003ebb   Thumb Code     6  stm32f4xx_tim.o(.text)
    TIM_BDTRConfig                           0x08003ec1   Thumb Code    32  stm32f4xx_tim.o(.text)
    TIM_BDTRStructInit                       0x08003ee1   Thumb Code    18  stm32f4xx_tim.o(.text)
    TIM_CtrlPWMOutputs                       0x08003ef3   Thumb Code    30  stm32f4xx_tim.o(.text)
    TIM_SelectCOM                            0x08003f11   Thumb Code    24  stm32f4xx_tim.o(.text)
    TIM_CCPreloadControl                     0x08003f29   Thumb Code    24  stm32f4xx_tim.o(.text)
    TIM_ITConfig                             0x08003f41   Thumb Code    18  stm32f4xx_tim.o(.text)
    TIM_GenerateEvent                        0x08003f53   Thumb Code     4  stm32f4xx_tim.o(.text)
    TIM_GetFlagStatus                        0x08003f57   Thumb Code    18  stm32f4xx_tim.o(.text)
    TIM_ClearFlag                            0x08003f69   Thumb Code     6  stm32f4xx_tim.o(.text)
    TIM_GetITStatus                          0x08003f6f   Thumb Code    34  stm32f4xx_tim.o(.text)
    TIM_ClearITPendingBit                    0x08003f91   Thumb Code     6  stm32f4xx_tim.o(.text)
    TIM_DMAConfig                            0x08003f97   Thumb Code    10  stm32f4xx_tim.o(.text)
    TIM_DMACmd                               0x08003fa1   Thumb Code    18  stm32f4xx_tim.o(.text)
    TIM_SelectCCDMA                          0x08003fb3   Thumb Code    24  stm32f4xx_tim.o(.text)
    TIM_InternalClockConfig                  0x08003fcb   Thumb Code    12  stm32f4xx_tim.o(.text)
    TIM_SelectInputTrigger                   0x08003fd7   Thumb Code    18  stm32f4xx_tim.o(.text)
    TIM_ITRxExternalClockConfig              0x08003fe9   Thumb Code    24  stm32f4xx_tim.o(.text)
    TIM_TIxExternalClockConfig               0x08004001   Thumb Code    62  stm32f4xx_tim.o(.text)
    TIM_ETRConfig                            0x0800403f   Thumb Code    28  stm32f4xx_tim.o(.text)
    TIM_ETRClockMode1Config                  0x0800405b   Thumb Code    54  stm32f4xx_tim.o(.text)
    TIM_ETRClockMode2Config                  0x08004091   Thumb Code    32  stm32f4xx_tim.o(.text)
    TIM_SelectOutputTrigger                  0x080040b1   Thumb Code    18  stm32f4xx_tim.o(.text)
    TIM_SelectSlaveMode                      0x080040c3   Thumb Code    18  stm32f4xx_tim.o(.text)
    TIM_SelectMasterSlaveMode                0x080040d5   Thumb Code    18  stm32f4xx_tim.o(.text)
    TIM_EncoderInterfaceConfig               0x080040e7   Thumb Code    66  stm32f4xx_tim.o(.text)
    TIM_SelectHallSensor                     0x08004129   Thumb Code    24  stm32f4xx_tim.o(.text)
    TIM_RemapConfig                          0x08004141   Thumb Code     6  stm32f4xx_tim.o(.text)
    USART_DeInit                             0x08004149   Thumb Code   156  stm32f4xx_usart.o(.text)
    USART_Init                               0x080041e5   Thumb Code   204  stm32f4xx_usart.o(.text)
    USART_StructInit                         0x080042b1   Thumb Code    24  stm32f4xx_usart.o(.text)
    USART_ClockInit                          0x080042c9   Thumb Code    32  stm32f4xx_usart.o(.text)
    USART_ClockStructInit                    0x080042e9   Thumb Code    12  stm32f4xx_usart.o(.text)
    USART_Cmd                                0x080042f5   Thumb Code    24  stm32f4xx_usart.o(.text)
    USART_SetPrescaler                       0x0800430d   Thumb Code    16  stm32f4xx_usart.o(.text)
    USART_OverSampling8Cmd                   0x0800431d   Thumb Code    22  stm32f4xx_usart.o(.text)
    USART_OneBitMethodCmd                    0x08004333   Thumb Code    24  stm32f4xx_usart.o(.text)
    USART_SendData                           0x0800434b   Thumb Code     8  stm32f4xx_usart.o(.text)
    USART_ReceiveData                        0x08004353   Thumb Code    10  stm32f4xx_usart.o(.text)
    USART_SetAddress                         0x0800435d   Thumb Code    18  stm32f4xx_usart.o(.text)
    USART_ReceiverWakeUpCmd                  0x0800436f   Thumb Code    24  stm32f4xx_usart.o(.text)
    USART_WakeUpConfig                       0x08004387   Thumb Code    18  stm32f4xx_usart.o(.text)
    USART_LINBreakDetectLengthConfig         0x08004399   Thumb Code    18  stm32f4xx_usart.o(.text)
    USART_LINCmd                             0x080043ab   Thumb Code    24  stm32f4xx_usart.o(.text)
    USART_SendBreak                          0x080043c3   Thumb Code    10  stm32f4xx_usart.o(.text)
    USART_HalfDuplexCmd                      0x080043cd   Thumb Code    24  stm32f4xx_usart.o(.text)
    USART_SetGuardTime                       0x080043e5   Thumb Code    16  stm32f4xx_usart.o(.text)
    USART_SmartCardCmd                       0x080043f5   Thumb Code    24  stm32f4xx_usart.o(.text)
    USART_SmartCardNACKCmd                   0x0800440d   Thumb Code    24  stm32f4xx_usart.o(.text)
    USART_IrDAConfig                         0x08004425   Thumb Code    18  stm32f4xx_usart.o(.text)
    USART_IrDACmd                            0x08004437   Thumb Code    24  stm32f4xx_usart.o(.text)
    USART_DMACmd                             0x0800444f   Thumb Code    18  stm32f4xx_usart.o(.text)
    USART_ITConfig                           0x08004461   Thumb Code    74  stm32f4xx_usart.o(.text)
    USART_GetFlagStatus                      0x080044ab   Thumb Code    26  stm32f4xx_usart.o(.text)
    USART_ClearFlag                          0x080044c5   Thumb Code    18  stm32f4xx_usart.o(.text)
    USART_GetITStatus                        0x080044d7   Thumb Code   110  stm32f4xx_usart.o(.text)
    USART_ClearITPendingBit                  0x08004545   Thumb Code    30  stm32f4xx_usart.o(.text)
    SystemInit                               0x08004641   Thumb Code    88  system_stm32f4xx.o(.text)
    SystemCoreClockUpdate                    0x08004699   Thumb Code   174  system_stm32f4xx.o(.text)
    invSqrt                                  0x08004775   Thumb Code    56  imu.o(.text)
    Init_Quaternion                          0x080047ad   Thumb Code   664  imu.o(.text)
    IMU_getValues                            0x08004a45   Thumb Code   196  imu.o(.text)
    IMU_AHRSupdate                           0x08004b09   Thumb Code  2512  imu.o(.text)
    IMU_getQ                                 0x080054d9   Thumb Code    56  imu.o(.text)
    IMU_getYawPitchRoll                      0x08005511   Thumb Code   552  imu.o(.text)
    GetPitchYawGxGyGz                        0x08005739   Thumb Code   218  imu.o(.text)
    MPU6050_DataSave                         0x08005865   Thumb Code   494  mpu6500.o(.text)
    MPU6500_ReadValue                        0x08005a53   Thumb Code   558  mpu6500.o(.text)
    MPU6050_getlastMotion6                   0x08005c81   Thumb Code   142  mpu6500.o(.text)
    MPU6500_CE                               0x08005d6b   Thumb Code    78  mpu6500.o(.text)
    MPU6500_Date_Offset                      0x08005db9   Thumb Code   318  mpu6500.o(.text)
    MPU6500_Init                             0x08005ef7   Thumb Code   116  mpu6500.o(.text)
    SPI5_Read_Write_Byte                     0x08005f79   Thumb Code    78  mpu6500_driver.o(.text)
    MPU6500_Write_Reg                        0x08005fc7   Thumb Code    40  mpu6500_driver.o(.text)
    MPU6500_Read_Reg                         0x0800602f   Thumb Code    40  mpu6500_driver.o(.text)
    IST8310_Init                             0x0800611d   Thumb Code   242  mpu6500_driver.o(.text)
    HMC58X3_newValues                        0x0800620f   Thumb Code   334  mpu6500_driver.o(.text)
    IST8310_getRaw                           0x0800635d   Thumb Code   158  mpu6500_driver.o(.text)
    IST8310_getlastValues                    0x080063fb   Thumb Code    22  mpu6500_driver.o(.text)
    IST8310_mgetValues                       0x08006411   Thumb Code   106  mpu6500_driver.o(.text)
    SPI5_Init                                0x0800647b   Thumb Code   212  mpu6500_driver.o(.text)
    Is_AppParam_Calied                       0x0800656d   Thumb Code     6  iotask.o(.text)
    AppParamInit                             0x08006587   Thumb Code   276  iotask.o(.text)
    SetGimbalCaliData                        0x0800669b   Thumb Code    24  iotask.o(.text)
    SetGyroCaliData                          0x080066b3   Thumb Code    28  iotask.o(.text)
    SetAccCaliData                           0x080066cf   Thumb Code    24  iotask.o(.text)
    SetMagCaliData                           0x080066e7   Thumb Code    24  iotask.o(.text)
    SetPIDCaliData                           0x080066ff   Thumb Code   280  iotask.o(.text)
    GetGimbalCaliData                        0x08006817   Thumb Code    16  iotask.o(.text)
    GetGyroCaliData                          0x08006827   Thumb Code    20  iotask.o(.text)
    GetAccCaliData                           0x0800683b   Thumb Code    20  iotask.o(.text)
    GetMagCaliData                           0x0800684f   Thumb Code    20  iotask.o(.text)
    IsGimbalCalied                           0x08006863   Thumb Code    16  iotask.o(.text)
    IsGyroCalied                             0x08006873   Thumb Code    16  iotask.o(.text)
    IsAccCalied                              0x08006883   Thumb Code    18  iotask.o(.text)
    IsMagCalied                              0x08006895   Thumb Code    18  iotask.o(.text)
    SetCaliCmdFlag                           0x080068a7   Thumb Code    12  iotask.o(.text)
    ResetCaliCmdFlag                         0x080068b3   Thumb Code    12  iotask.o(.text)
    GetCaliCmdFlagGrp                        0x080068bf   Thumb Code     6  iotask.o(.text)
    IsCaliCmdFlagSet                         0x080068c5   Thumb Code    18  iotask.o(.text)
    Sensor_Offset_Param_Init                 0x080068d7   Thumb Code   112  iotask.o(.text)
    MagEndCaliProcess                        0x08006947   Thumb Code   190  iotask.o(.text)
    MagStartCaliProcess                      0x08006a05   Thumb Code    26  iotask.o(.text)
    GimbalCaliProcess                        0x08006a1f   Thumb Code   134  iotask.o(.text)
    GyroCaliProcess                          0x08006aa5   Thumb Code   202  iotask.o(.text)
    CalibrateLoop                            0x08006b6f   Thumb Code   234  iotask.o(.text)
    PIDCaliProcess                           0x08006c59   Thumb Code    22  iotask.o(.text)
    UploadParameter                          0x08006c6f   Thumb Code   616  iotask.o(.text)
    PrintFSM                                 0x08006f09   Thumb Code    64  controltask.o(.text)
    PrintError                               0x08006f49   Thumb Code   192  controltask.o(.text)
    GetWorkState                             0x0800700f   Thumb Code     6  controltask.o(.text)
    CMControlLoop                            0x08007015   Thumb Code  1132  controltask.o(.text)
    ShooterMControlLoop                      0x08007481   Thumb Code    56  controltask.o(.text)
    SetGimbalMotorOutput                     0x080074b9   Thumb Code    80  controltask.o(.text)
    GMYawControlLoop                         0x08007509   Thumb Code   274  controltask.o(.text)
    GMPitchControlLoop                       0x0800761b   Thumb Code   274  controltask.o(.text)
    GimbalYawControlModeSwitch               0x0800772d   Thumb Code   436  controltask.o(.text)
    ControtLoopTaskInit                      0x080078e1   Thumb Code   268  controltask.o(.text)
    WorkStateFSM                             0x08007a0b   Thumb Code   292  controltask.o(.text)
    Control_Task                             0x08007b2f   Thumb Code    94  controltask.o(.text)
    GetRemoteSwitchAction                    0x08007bd1   Thumb Code   120  remotetask.o(.text)
    IsRemoteBeingAction                      0x08007c49   Thumb Code   238  remotetask.o(.text)
    SetInputMode                             0x08007d37   Thumb Code    40  remotetask.o(.text)
    GetInputMode                             0x08007d5f   Thumb Code     6  remotetask.o(.text)
    SetShootState                            0x08007d65   Thumb Code     6  remotetask.o(.text)
    RemoteShootControl                       0x08007d6b   Thumb Code   264  remotetask.o(.text)
    MouseShootControl                        0x08007e73   Thumb Code   288  remotetask.o(.text)
    MouseKeyControlProcess                   0x08007f93   Thumb Code    20  remotetask.o(.text)
    GimbalAngleLimit                         0x08007fa7   Thumb Code    60  remotetask.o(.text)
    RemoteControlProcess                     0x08007fe3   Thumb Code   276  remotetask.o(.text)
    RemoteDataPrcess                         0x080080f7   Thumb Code   210  remotetask.o(.text)
    GetShootState                            0x080081c9   Thumb Code     6  remotetask.o(.text)
    GetFrictionState                         0x080081cf   Thumb Code     6  remotetask.o(.text)
    SetFrictionState                         0x080081d5   Thumb Code     6  remotetask.o(.text)
    RemoteTaskInit                           0x080081db   Thumb Code    78  remotetask.o(.text)
    GetEncoderBias                           0x08008255   Thumb Code    26  canbustask.o(.text)
    EncoderProcess                           0x0800826f   Thumb Code   202  canbustask.o(.text)
    CanReceiveMsgProcess                     0x08008339   Thumb Code   554  canbustask.o(.text)
    Set_CM_Speed                             0x08008563   Thumb Code    92  canbustask.o(.text)
    Set_Gimbal_Current                       0x080085bf   Thumb Code    82  canbustask.o(.text)
    LED_TOGGLE                               0x08008645   Thumb Code   224  supervisetask.o(.text)
    Get_Lost_Error                           0x08008725   Thumb Code    10  supervisetask.o(.text)
    GetLostCounter                           0x0800872f   Thumb Code    18  supervisetask.o(.text)
    SuperviseTask                            0x08008741   Thumb Code   426  supervisetask.o(.text)
    Set_Error_Flag                           0x080088eb   Thumb Code     2  supervisetask.o(.text)
    Is_Lost_Error_Set                        0x080088ed   Thumb Code    22  supervisetask.o(.text)
    Is_Serious_Error                         0x08008903   Thumb Code    46  supervisetask.o(.text)
    FrameUnpack                              0x080089d1   Thumb Code   234  protocal_parser.o(.text)
    FramePack                                0x08008abb   Thumb Code    50  protocal_parser.o(.text)
    SetFrameLength                           0x08008aed   Thumb Code    10  protocal_parser.o(.text)
    SetFrameCmd                              0x08008af7   Thumb Code    10  protocal_parser.o(.text)
    GetFrameCmd                              0x08008b01   Thumb Code     6  protocal_parser.o(.text)
    GetFrameDataAddress                      0x08008b07   Thumb Code     6  protocal_parser.o(.text)
    Version_Send                             0x08008b0d   Thumb Code    94  protocal_parser.o(.text)
    IMU_Info_Send                            0x08008b6b   Thumb Code   122  protocal_parser.o(.text)
    Sensor_Info_Send                         0x08008be5   Thumb Code   140  protocal_parser.o(.text)
    Mag_Cali_Info_Send                       0x08008c71   Thumb Code   122  protocal_parser.o(.text)
    Offset_Info_Send                         0x08008ceb   Thumb Code   174  protocal_parser.o(.text)
    Cali_Feedback_Info_Send                  0x08008d99   Thumb Code    88  protocal_parser.o(.text)
    Robot_Error_Code_Send                    0x08008df1   Thumb Code     2  protocal_parser.o(.text)
    PID_Paremeter_Send                       0x08008df3   Thumb Code   270  protocal_parser.o(.text)
    FIFO_Init                                0x08008f01   Thumb Code    78  fifo.o(.text)
    FIFO_Create                              0x08008f4f   Thumb Code    80  fifo.o(.text)
    FIFO_Destory                             0x08008f9f   Thumb Code    40  fifo.o(.text)
    FIFO_S_Init                              0x08008fc7   Thumb Code    62  fifo.o(.text)
    FIFO_S_Create                            0x08009005   Thumb Code    60  fifo.o(.text)
    FIFO_S_Destory                           0x08009041   Thumb Code    40  fifo.o(.text)
    FIFO_Put                                 0x08009069   Thumb Code   106  fifo.o(.text)
    FIFO_S_Put                               0x080090d3   Thumb Code    68  fifo.o(.text)
    FIFO_S_Puts                              0x08009117   Thumb Code    98  fifo.o(.text)
    FIFO_Get                                 0x08009179   Thumb Code   106  fifo.o(.text)
    FIFO_S_Get                               0x080091e3   Thumb Code    58  fifo.o(.text)
    FIFO_GetHead                             0x0800921d   Thumb Code   162  fifo.o(.text)
    FIFO_S_GetHead                           0x080092bf   Thumb Code    76  fifo.o(.text)
    FIFO_PreRead                             0x0800930b   Thumb Code   108  fifo.o(.text)
    FIFO_S_PreRead                           0x08009377   Thumb Code    48  fifo.o(.text)
    FIFO_IsEmpty                             0x080093a7   Thumb Code    24  fifo.o(.text)
    FIFO_S_IsEmpty                           0x080093bf   Thumb Code    24  fifo.o(.text)
    FIFO_IsFull                              0x080093d7   Thumb Code    24  fifo.o(.text)
    FIFO_S_IsFull                            0x080093ef   Thumb Code    24  fifo.o(.text)
    FIFO_CountUsed                           0x08009407   Thumb Code    16  fifo.o(.text)
    FIFO_S_CountUsed                         0x08009417   Thumb Code    16  fifo.o(.text)
    FIFO_CountFree                           0x08009427   Thumb Code    16  fifo.o(.text)
    FIFO_S_CountFree                         0x08009437   Thumb Code    16  fifo.o(.text)
    FIFO_Flush                               0x08009447   Thumb Code    50  fifo.o(.text)
    FIFO_S_Flush                             0x08009479   Thumb Code    44  fifo.o(.text)
    RampInit                                 0x080094a5   Thumb Code     8  ramp.o(.text)
    RampCalc                                 0x080094ad   Thumb Code    66  ramp.o(.text)
    RampSetCounter                           0x080094ef   Thumb Code     4  ramp.o(.text)
    RampResetCounter                         0x080094f3   Thumb Code     6  ramp.o(.text)
    RampSetScale                             0x080094f9   Thumb Code     4  ramp.o(.text)
    RampIsOverflow                           0x080094fd   Thumb Code    18  ramp.o(.text)
    LostCounterFeed                          0x08009515   Thumb Code     8  lostcounter.o(.text)
    LostCounterCount                         0x0800951d   Thumb Code    10  lostcounter.o(.text)
    LostCounterOverflowCheck                 0x08009527   Thumb Code    14  lostcounter.o(.text)
    PID_Reset                                0x08009535   Thumb Code    50  pid_regulator.o(.text)
    PID_Calc                                 0x08009567   Thumb Code   234  pid_regulator.o(.text)
    Get_CRC8_Check_Sum                       0x08009655   Thumb Code    30  mf_crc8.o(.text)
    Verify_CRC8_Check_Sum                    0x08009673   Thumb Code    46  mf_crc8.o(.text)
    Append_CRC8_Check_Sum                    0x080096a1   Thumb Code    36  mf_crc8.o(.text)
    Get_CRC16_Check_Sum                      0x080096c9   Thumb Code    46  mf_crc16.o(.text)
    Verify_CRC16_Check_Sum                   0x080096f7   Thumb Code    60  mf_crc16.o(.text)
    Append_CRC16_Check_Sum                   0x08009733   Thumb Code    44  mf_crc16.o(.text)
    __aeabi_memcpy                           0x08009769   Thumb Code    36  memcpya.o(.text)
    __aeabi_memcpy4                          0x08009769   Thumb Code     0  memcpya.o(.text)
    __aeabi_memcpy8                          0x08009769   Thumb Code     0  memcpya.o(.text)
    __aeabi_memset                           0x0800978d   Thumb Code    14  memseta.o(.text)
    __aeabi_memset4                          0x0800978d   Thumb Code     0  memseta.o(.text)
    __aeabi_memset8                          0x0800978d   Thumb Code     0  memseta.o(.text)
    __aeabi_memclr                           0x0800979b   Thumb Code     4  memseta.o(.text)
    __aeabi_memclr4                          0x0800979b   Thumb Code     0  memseta.o(.text)
    __aeabi_memclr8                          0x0800979b   Thumb Code     0  memseta.o(.text)
    _memset$wrapper                          0x0800979f   Thumb Code    18  memseta.o(.text)
    __aeabi_dadd                             0x080097b1   Thumb Code   322  dadd.o(.text)
    __aeabi_dsub                             0x080098f3   Thumb Code     6  dadd.o(.text)
    __aeabi_drsub                            0x080098f9   Thumb Code     6  dadd.o(.text)
    __aeabi_dmul                             0x080098ff   Thumb Code   228  dmul.o(.text)
    __aeabi_ddiv                             0x080099e3   Thumb Code   222  ddiv.o(.text)
    __aeabi_i2d                              0x08009ac1   Thumb Code    34  dflti.o(.text)
    __aeabi_d2uiz                            0x08009ae3   Thumb Code    50  dfixui.o(.text)
    __aeabi_f2d                              0x08009b15   Thumb Code    38  f2d.o(.text)
    __aeabi_cdcmpeq                          0x08009b3d   Thumb Code     0  cdcmple.o(.text)
    __aeabi_cdcmple                          0x08009b3d   Thumb Code    48  cdcmple.o(.text)
    __aeabi_cdrcmple                         0x08009b6d   Thumb Code    48  cdrcmple.o(.text)
    __aeabi_d2f                              0x08009b9d   Thumb Code    56  d2f.o(.text)
    __aeabi_uidiv                            0x08009bd5   Thumb Code     0  uidiv.o(.text)
    __aeabi_uidivmod                         0x08009bd5   Thumb Code    44  uidiv.o(.text)
    __aeabi_llsl                             0x08009c01   Thumb Code    30  llshl.o(.text)
    _ll_shift_l                              0x08009c01   Thumb Code     0  llshl.o(.text)
    __aeabi_llsr                             0x08009c1f   Thumb Code    32  llushr.o(.text)
    _ll_ushift_r                             0x08009c1f   Thumb Code     0  llushr.o(.text)
    __aeabi_lasr                             0x08009c3f   Thumb Code    36  llsshr.o(.text)
    _ll_sshift_r                             0x08009c3f   Thumb Code     0  llsshr.o(.text)
    __I$use$fp                               0x08009c63   Thumb Code     0  iusefp.o(.text)
    _float_round                             0x08009c63   Thumb Code    18  fepilogue.o(.text)
    _float_epilogue                          0x08009c75   Thumb Code    92  fepilogue.o(.text)
    _double_round                            0x08009cd1   Thumb Code    30  depilogue.o(.text)
    _double_epilogue                         0x08009cef   Thumb Code   156  depilogue.o(.text)
    _dsqrt                                   0x08009d8b   Thumb Code   162  dsqrt.o(.text)
    __scatterload                            0x08009e2d   Thumb Code    28  init.o(.text)
    __scatterload_rt2                        0x08009e2d   Thumb Code     0  init.o(.text)
    __decompress                             0x08009e51   Thumb Code     0  __dczerorl2.o(.text)
    __decompress1                            0x08009e51   Thumb Code    86  __dczerorl2.o(.text)
    __0printf$1                              0x08009ea9   Thumb Code    22  printf1.o(i.__0printf$1)
    __1printf$1                              0x08009ea9   Thumb Code     0  printf1.o(i.__0printf$1)
    __2printf                                0x08009ea9   Thumb Code     0  printf1.o(i.__0printf$1)
    __ARM_fpclassify                         0x08009ec9   Thumb Code    48  fpclassify.o(i.__ARM_fpclassify)
    __hardfp_asin                            0x08009ef9   Thumb Code   770  asin.o(i.__hardfp_asin)
    __hardfp_atan                            0x0800a259   Thumb Code   622  atan.o(i.__hardfp_atan)
    __hardfp_atan2                           0x0800a531   Thumb Code   432  atan2.o(i.__hardfp_atan2)
    __hardfp_fabs                            0x0800a721   Thumb Code    20  fabs.o(i.__hardfp_fabs)
    __hardfp_sqrt                            0x0800a735   Thumb Code   122  sqrt.o(i.__hardfp_sqrt)
    __kernel_poly                            0x0800a7af   Thumb Code   248  poly.o(i.__kernel_poly)
    __mathlib_dbl_infnan                     0x0800a8a7   Thumb Code    20  dunder.o(i.__mathlib_dbl_infnan)
    __mathlib_dbl_infnan2                    0x0800a8bb   Thumb Code    20  dunder.o(i.__mathlib_dbl_infnan2)
    __mathlib_dbl_invalid                    0x0800a8d1   Thumb Code    24  dunder.o(i.__mathlib_dbl_invalid)
    __mathlib_dbl_underflow                  0x0800a8f1   Thumb Code    24  dunder.o(i.__mathlib_dbl_underflow)
    __scatterload_copy                       0x0800a911   Thumb Code    14  handlers.o(i.__scatterload_copy)
    __scatterload_null                       0x0800a91f   Thumb Code     2  handlers.o(i.__scatterload_null)
    __scatterload_zeroinit                   0x0800a921   Thumb Code    14  handlers.o(i.__scatterload_zeroinit)
    __set_errno                              0x0800a931   Thumb Code     6  errno.o(i.__set_errno)
    atan                                     0x0800aa91   Thumb Code    16  atan.o(i.atan)
    fabs                                     0x0800aaa1   Thumb Code    24  fabs.o(i.fabs)
    free                                     0x0800aab9   Thumb Code    76  malloc.o(i.free)
    malloc                                   0x0800ab09   Thumb Code    92  malloc.o(i.malloc)
    sqrt                                     0x0800ab75   Thumb Code   110  sqrt.o(i.sqrt)
    lost_counter_len                         0x0800abe4   Data          44  supervisetask.o(.constdata)
    CRC8_INIT                                0x0800ac10   Data           1  mf_crc8.o(.constdata)
    CRC8_TAB                                 0x0800ac11   Data         256  mf_crc8.o(.constdata)
    wCRC_Table                               0x0800ad12   Data         512  mf_crc16.o(.constdata)
    __mathlib_zero                           0x0800b000   Data           8  qnan.o(.constdata)
    Region$$Table$$Base                      0x0800b008   Number         0  anon$$obj.o(Region$$Table)
    Region$$Table$$Limit                     0x0800b028   Number         0  anon$$obj.o(Region$$Table)
    Upload_Speed                             0x20000000   Data           4  main.o(.data)
    power1                                   0x20000004   Data           2  main.o(.data)
    power2                                   0x20000006   Data           2  main.o(.data)
    system_micrsecond                        0x20000008   Data           4  main.o(.data)
    count2                                   0x20000010   Data           1  usart2.o(.data)
    TxCounter2                               0x20000011   Data           1  usart2.o(.data)
    UART_TranFifo                            0x20000014   Data           4  usart3.o(.data)
    count6                                   0x20000018   Data           1  usart6.o(.data)
    TxCounter6                               0x20000019   Data           1  usart6.o(.data)
    SystemCoreClock                          0x2000002c   Data           4  system_stm32f4xx.o(.data)
    AHBPrescTable                            0x20000030   Data          16  system_stm32f4xx.o(.data)
    exInt                                    0x20000040   Data           4  imu.o(.data)
    eyInt                                    0x20000044   Data           4  imu.o(.data)
    ezInt                                    0x20000048   Data           4  imu.o(.data)
    q0                                       0x2000004c   Data           4  imu.o(.data)
    q1                                       0x20000050   Data           4  imu.o(.data)
    q2                                       0x20000054   Data           4  imu.o(.data)
    q3                                       0x20000058   Data           4  imu.o(.data)
    lastUpdate                               0x20000080   Data           4  imu.o(.data)
    now                                      0x20000084   Data           4  imu.o(.data)
    yaw_temp                                 0x20000088   Data           4  imu.o(.data)
    pitch_temp                               0x2000008c   Data           4  imu.o(.data)
    roll_temp                                0x20000090   Data           4  imu.o(.data)
    last_yaw_temp                            0x20000094   Data           4  imu.o(.data)
    last_pitch_temp                          0x20000098   Data           4  imu.o(.data)
    last_roll_temp                           0x2000009c   Data           4  imu.o(.data)
    yaw_angle                                0x200000a0   Data           4  imu.o(.data)
    pitch_angle                              0x200000a4   Data           4  imu.o(.data)
    roll_angle                               0x200000a8   Data           4  imu.o(.data)
    offset_flag                              0x200000b0   Data           1  mpu6500.o(.data)
    MPU6500_Acc_Offset                       0x200000b2   Data           6  mpu6500.o(.data)
    MPU6500_Gyro_Offset                      0x200000b8   Data           6  mpu6500.o(.data)
    MPU6500_Acc                              0x200000be   Data           6  mpu6500.o(.data)
    MPU6500_Gyro                             0x200000c4   Data           6  mpu6500.o(.data)
    mpu6500_tempreature                      0x200000cc   Data           4  mpu6500.o(.data)
    mpu6500_tempreature_temp                 0x200000d0   Data           2  mpu6500.o(.data)
    mpu6500_tempreature_Offset               0x200000d2   Data           2  mpu6500.o(.data)
    MPU6050_Lastax                           0x200000d4   Data           2  mpu6500.o(.data)
    MPU6050_Lastay                           0x200000d6   Data           2  mpu6500.o(.data)
    MPU6050_Lastaz                           0x200000d8   Data           2  mpu6500.o(.data)
    MPU6050_Lastgx                           0x200000da   Data           2  mpu6500.o(.data)
    MPU6050_Lastgy                           0x200000dc   Data           2  mpu6500.o(.data)
    MPU6050_Lastgz                           0x200000de   Data           2  mpu6500.o(.data)
    HMC5883_lastx                            0x200000e0   Data           4  mpu6500_driver.o(.data)
    HMC5883_lasty                            0x200000e4   Data           4  mpu6500_driver.o(.data)
    HMC5883_lastz                            0x200000e8   Data           4  mpu6500_driver.o(.data)
    PIDCaliData                              0x200000f8   Data           8  iotask.o(.data)
    GimbalSavedCaliData                      0x20000100   Data           5  iotask.o(.data)
    GyroSavedCaliData                        0x20000105   Data           7  iotask.o(.data)
    PitchPositionSavedPID                    0x2000010c   Data           8  iotask.o(.data)
    PitchSpeedSavedPID                       0x20000114   Data           8  iotask.o(.data)
    YawPositionSavedPID                      0x2000011c   Data           8  iotask.o(.data)
    YawSpeedSavedPID                         0x20000124   Data           8  iotask.o(.data)
    app_param_calied_flag                    0x2000012c   Data           1  iotask.o(.data)
    GMPPositionPID                           0x20000168   Data          80  controltask.o(.data)
    GMPSpeedPID                              0x200001b8   Data          80  controltask.o(.data)
    GMYPositionPID                           0x20000208   Data          80  controltask.o(.data)
    GMYSpeedPID                              0x20000258   Data          80  controltask.o(.data)
    CMRotatePID                              0x200002a8   Data          80  controltask.o(.data)
    CM1SpeedPID                              0x200002f8   Data          80  controltask.o(.data)
    CM2SpeedPID                              0x20000348   Data          80  controltask.o(.data)
    CM3SpeedPID                              0x20000398   Data          80  controltask.o(.data)
    CM4SpeedPID                              0x200003e8   Data          80  controltask.o(.data)
    ShootMotorPositionPID                    0x20000438   Data          80  controltask.o(.data)
    ShootMotorSpeedPID                       0x20000488   Data          80  controltask.o(.data)
    lastWorkState                            0x200004d8   Data           1  controltask.o(.data)
    workState                                0x200004d9   Data           1  controltask.o(.data)
    GMPitchRamp                              0x200004dc   Data          36  controltask.o(.data)
    GMYawRamp                                0x20000500   Data          36  controltask.o(.data)
    pwm_ccr                                  0x20000524   Data           2  controltask.o(.data)
    time_old                                 0x2000052c   Data           4  controltask.o(.data)
    ChassisSpeedRef                          0x2000053c   Data           6  remotetask.o(.data)
    friction_wheel_state                     0x20000542   Data           1  remotetask.o(.data)
    frictionRamp                             0x20000548   Data          36  remotetask.o(.data)
    LRSpeedRamp                              0x2000056c   Data          36  remotetask.o(.data)
    FBSpeedRamp                              0x20000590   Data          36  remotetask.o(.data)
    ZGyroModuleAngle                         0x200005c4   Data           4  canbustask.o(.data)
    lost_counter                             0x200005c8   Data          44  supervisetask.o(.data)
    lost_err                                 0x200005f4   Data           4  supervisetask.o(.data)
    CRC_INIT                                 0x2000060a   Data           2  mf_crc16.o(.data)
    __stdout                                 0x2000060c   Data           4  stdout.o(.data)
    __microlib_freelist                      0x20000610   Data           4  mvars.o(.data)
    __microlib_freelist_initialised          0x20000614   Data           4  mvars.o(.data)
    Rx2_Buf                                  0x20000748   Data         256  usart2.o(.bss)
    Tx2_Buf                                  0x20000848   Data         256  usart2.o(.bss)
    Rx6_Buf                                  0x20000a48   Data         256  usart6.o(.bss)
    Tx6_Buf                                  0x20000b48   Data         256  usart6.o(.bss)
    mygetqval                                0x20000c48   Data          36  imu.o(.bss)
    angle                                    0x20000c7c   Data          12  imu.o(.bss)
    mpu6500_buf                              0x20000c88   Data          14  mpu6500.o(.bss)
    MPU6050_Raw_Data                         0x20000c96   Data          20  mpu6500.o(.bss)
    MPU6050_Real_Data                        0x20000cac   Data          40  mpu6500.o(.bss)
    ahrs                                     0x20000cd4   Data          12  mpu6500.o(.bss)
    MPU6050_FIFO                             0x20000ce0   Data         132  mpu6500.o(.bss)
    HMC5883_FIFO                             0x20000d64   Data          66  mpu6500.o(.bss)
    MagMaxMinData                            0x20000dc0   Data          12  mpu6500_driver.o(.bss)
    gAppParamStruct                          0x20000dcc   Data          87  iotask.o(.bss)
    AccSavedCaliData                         0x20000e36   Data          19  iotask.o(.bss)
    MagSavedCaliData                         0x20000e49   Data          19  iotask.o(.bss)
    RC_CtrlData                              0x20000e5c   Data          22  remotetask.o(.bss)
    GimbalRef                                0x20000e74   Data          24  remotetask.o(.bss)
    CM1Encoder                               0x20000ea4   Data          68  canbustask.o(.bss)
    CM2Encoder                               0x20000ee8   Data          68  canbustask.o(.bss)
    CM3Encoder                               0x20000f2c   Data          68  canbustask.o(.bss)
    CM4Encoder                               0x20000f70   Data          68  canbustask.o(.bss)
    GMYawEncoder                             0x20000fb4   Data          68  canbustask.o(.bss)
    GMPitchEncoder                           0x20000ff8   Data          68  canbustask.o(.bss)
    __heap_base                              0x20001148   Data           0  startup_stm32f4xx.o(HEAP)
    __heap_limit                             0x20001348   Data           0  startup_stm32f4xx.o(HEAP)
    __initial_sp                             0x20001d48   Data           0  startup_stm32f4xx.o(STACK)



==============================================================================

Memory Map of the image

  Image Entry point : 0x08000189

  Load Region LR_IROM1 (Base: 0x08000000, Size: 0x0000b644, Max: 0x00200000, ABSOLUTE, COMPRESSED[0x0000b0fc])

    Execution Region ER_IROM1 (Base: 0x08000000, Size: 0x0000b028, Max: 0x00200000, ABSOLUTE)

    Base Addr    Size         Type   Attr      Idx    E Section Name        Object

    0x08000000   0x00000188   Data   RO          552    RESET               startup_stm32f4xx.o
    0x08000188   0x00000000   Code   RO         1661  * .ARM.Collect$$$$00000000  mc_w.l(entry.o)
    0x08000188   0x00000004   Code   RO         2012    .ARM.Collect$$$$00000001  mc_w.l(entry2.o)
    0x0800018c   0x00000004   Code   RO         2015    .ARM.Collect$$$$00000004  mc_w.l(entry5.o)
    0x08000190   0x00000000   Code   RO         2017    .ARM.Collect$$$$00000008  mc_w.l(entry7b.o)
    0x08000190   0x00000000   Code   RO         2019    .ARM.Collect$$$$0000000A  mc_w.l(entry8b.o)
    0x08000190   0x00000008   Code   RO         2020    .ARM.Collect$$$$0000000B  mc_w.l(entry9a.o)
    0x08000198   0x00000000   Code   RO         2022    .ARM.Collect$$$$0000000D  mc_w.l(entry10a.o)
    0x08000198   0x00000000   Code   RO         2024    .ARM.Collect$$$$0000000F  mc_w.l(entry11a.o)
    0x08000198   0x00000004   Code   RO         2013    .ARM.Collect$$$$00002712  mc_w.l(entry2.o)
    0x0800019c   0x0000005c   Code   RO            3    .text               main.o
    0x080001f8   0x0000007c   Code   RO          207    .text               bsp.o
    0x08000274   0x00000078   Code   RO          234    .text               led.o
    0x080002ec   0x000000d0   Code   RO          254    .text               gun.o
    0x080003bc   0x00000150   Code   RO          277    .text               can2.o
    0x0800050c   0x0000006c   Code   RO          300    .text               delay.o
    0x08000578   0x00000104   Code   RO          320    .text               exti.o
    0x0800067c   0x0000003c   Code   RO          340    .text               laser.o
    0x080006b8   0x000001b8   Code   RO          360    .text               timer.o
    0x08000870   0x0000021c   Code   RO          383    .text               usart1.o
    0x08000a8c   0x000001c4   Code   RO          412    .text               usart2.o
    0x08000c50   0x00000200   Code   RO          436    .text               usart3.o
    0x08000e50   0x000001a0   Code   RO          463    .text               usart6.o
    0x08000ff0   0x000001b0   Code   RO          487    .text               can1.o
    0x080011a0   0x0000009c   Code   RO          507    .text               encoder.o
    0x0800123c   0x00000174   Code   RO          529    .text               bsp_flash.o
    0x080013b0   0x00000024   Code   RO          553    .text               startup_stm32f4xx.o
    0x080013d4   0x00000018   Code   RO          559    .text               stm32f4xx_it.o
    0x080013ec   0x000000e0   Code   RO          582    .text               misc.o
    0x080014cc   0x000009f0   Code   RO          651    .text               stm32f4xx_can.o
    0x08001ebc   0x000003a8   Code   RO          720    .text               stm32f4xx_dma.o
    0x08002264   0x0000011c   Code   RO          743    .text               stm32f4xx_exti.o
    0x08002380   0x000004bc   Code   RO          766    .text               stm32f4xx_flash.o
    0x0800283c   0x0000025c   Code   RO          789    .text               stm32f4xx_gpio.o
    0x08002a98   0x00000588   Code   RO          835    .text               stm32f4xx_rcc.o
    0x08003020   0x000003f8   Code   RO          860    .text               stm32f4xx_spi.o
    0x08003418   0x0000008c   Code   RO          883    .text               stm32f4xx_syscfg.o
    0x080034a4   0x00000ca2   Code   RO          906    .text               stm32f4xx_tim.o
    0x08004146   0x00000002   PAD
    0x08004148   0x0000041a   Code   RO          929    .text               stm32f4xx_usart.o
    0x08004562   0x00000002   PAD
    0x08004564   0x00000210   Code   RO          952    .text               system_stm32f4xx.o
    0x08004774   0x000010f0   Code   RO         1001    .text               imu.o
    0x08005864   0x00000714   Code   RO         1029    .text               mpu6500.o
    0x08005f78   0x000005f4   Code   RO         1064    .text               mpu6500_driver.o
    0x0800656c   0x0000099c   Code   RO         1096    .text               iotask.o
    0x08006f08   0x00000cc8   Code   RO         1124    .text               controltask.o
    0x08007bd0   0x00000684   Code   RO         1150    .text               remotetask.o
    0x08008254   0x000003f0   Code   RO         1177    .text               canbustask.o
    0x08008644   0x0000030c   Code   RO         1204    .text               supervisetask.o
    0x08008950   0x000005b0   Code   RO         1232    .text               Protocol.lib(protocal_parser.o)
    0x08008f00   0x000005a4   Code   RO         1323    .text               RMLib.lib(fifo.o)
    0x080094a4   0x00000070   Code   RO         1403    .text               RMLib.lib(ramp.o)
    0x08009514   0x00000020   Code   RO         1536    .text               RMLib.lib(lostcounter.o)
    0x08009534   0x00000120   Code   RO         1559    .text               RMLib.lib(pid_regulator.o)
    0x08009654   0x00000074   Code   RO         1583    .text               Protocol.lib(mf_crc8.o)
    0x080096c8   0x000000a0   Code   RO         1598    .text               Protocol.lib(mf_crc16.o)
    0x08009768   0x00000024   Code   RO         1664    .text               mc_w.l(memcpya.o)
    0x0800978c   0x00000024   Code   RO         1666    .text               mc_w.l(memseta.o)
    0x080097b0   0x0000014e   Code   RO         1959    .text               mf_w.l(dadd.o)
    0x080098fe   0x000000e4   Code   RO         1961    .text               mf_w.l(dmul.o)
    0x080099e2   0x000000de   Code   RO         1963    .text               mf_w.l(ddiv.o)
    0x08009ac0   0x00000022   Code   RO         1967    .text               mf_w.l(dflti.o)
    0x08009ae2   0x00000032   Code   RO         1969    .text               mf_w.l(dfixui.o)
    0x08009b14   0x00000026   Code   RO         1971    .text               mf_w.l(f2d.o)
    0x08009b3a   0x00000002   PAD
    0x08009b3c   0x00000030   Code   RO         1973    .text               mf_w.l(cdcmple.o)
    0x08009b6c   0x00000030   Code   RO         1975    .text               mf_w.l(cdrcmple.o)
    0x08009b9c   0x00000038   Code   RO         1977    .text               mf_w.l(d2f.o)
    0x08009bd4   0x0000002c   Code   RO         2027    .text               mc_w.l(uidiv.o)
    0x08009c00   0x0000001e   Code   RO         2031    .text               mc_w.l(llshl.o)
    0x08009c1e   0x00000020   Code   RO         2033    .text               mc_w.l(llushr.o)
    0x08009c3e   0x00000024   Code   RO         2035    .text               mc_w.l(llsshr.o)
    0x08009c62   0x00000000   Code   RO         2046    .text               mc_w.l(iusefp.o)
    0x08009c62   0x0000006e   Code   RO         2047    .text               mf_w.l(fepilogue.o)
    0x08009cd0   0x000000ba   Code   RO         2049    .text               mf_w.l(depilogue.o)
    0x08009d8a   0x000000a2   Code   RO         2051    .text               mf_w.l(dsqrt.o)
    0x08009e2c   0x00000024   Code   RO         2055    .text               mc_w.l(init.o)
    0x08009e50   0x00000056   Code   RO         2065    .text               mc_w.l(__dczerorl2.o)
    0x08009ea6   0x00000002   PAD
    0x08009ea8   0x00000020   Code   RO         1715    i.__0printf$1       mc_w.l(printf1.o)
    0x08009ec8   0x00000030   Code   RO         2007    i.__ARM_fpclassify  m_wm.l(fpclassify.o)
    0x08009ef8   0x00000360   Code   RO         1617    i.__hardfp_asin     m_wm.l(asin.o)
    0x0800a258   0x000002d8   Code   RO         1979    i.__hardfp_atan     m_wm.l(atan.o)
    0x0800a530   0x000001f0   Code   RO         1631    i.__hardfp_atan2    m_wm.l(atan2.o)
    0x0800a720   0x00000014   Code   RO         1643    i.__hardfp_fabs     m_wm.l(fabs.o)
    0x0800a734   0x0000007a   Code   RO         1649    i.__hardfp_sqrt     m_wm.l(sqrt.o)
    0x0800a7ae   0x000000f8   Code   RO         2009    i.__kernel_poly     m_wm.l(poly.o)
    0x0800a8a6   0x00000014   Code   RO         1994    i.__mathlib_dbl_infnan  m_wm.l(dunder.o)
    0x0800a8ba   0x00000014   Code   RO         1995    i.__mathlib_dbl_infnan2  m_wm.l(dunder.o)
    0x0800a8ce   0x00000002   PAD
    0x0800a8d0   0x00000020   Code   RO         1996    i.__mathlib_dbl_invalid  m_wm.l(dunder.o)
    0x0800a8f0   0x00000020   Code   RO         1999    i.__mathlib_dbl_underflow  m_wm.l(dunder.o)
    0x0800a910   0x0000000e   Code   RO         2059    i.__scatterload_copy  mc_w.l(handlers.o)
    0x0800a91e   0x00000002   Code   RO         2060    i.__scatterload_null  mc_w.l(handlers.o)
    0x0800a920   0x0000000e   Code   RO         2061    i.__scatterload_zeroinit  mc_w.l(handlers.o)
    0x0800a92e   0x00000002   PAD
    0x0800a930   0x0000000c   Code   RO         2041    i.__set_errno       mc_w.l(errno.o)
    0x0800a93c   0x00000154   Code   RO         1722    i._printf_core      mc_w.l(printf1.o)
    0x0800aa90   0x00000010   Code   RO         1981    i.atan              m_wm.l(atan.o)
    0x0800aaa0   0x00000018   Code   RO         1645    i.fabs              m_wm.l(fabs.o)
    0x0800aab8   0x00000050   Code   RO         1931    i.free              mc_w.l(malloc.o)
    0x0800ab08   0x0000006c   Code   RO         1932    i.malloc            mc_w.l(malloc.o)
    0x0800ab74   0x0000006e   Code   RO         1651    i.sqrt              m_wm.l(sqrt.o)
    0x0800abe2   0x00000002   PAD
    0x0800abe4   0x0000002c   Data   RO         1206    .constdata          supervisetask.o
    0x0800ac10   0x00000101   Data   RO         1584    .constdata          Protocol.lib(mf_crc8.o)
    0x0800ad11   0x00000001   PAD
    0x0800ad12   0x00000200   Data   RO         1599    .constdata          Protocol.lib(mf_crc16.o)
    0x0800af12   0x00000006   PAD
    0x0800af18   0x00000050   Data   RO         1620    .constdata          m_wm.l(asin.o)
    0x0800af68   0x00000098   Data   RO         1982    .constdata          m_wm.l(atan.o)
    0x0800b000   0x00000008   Data   RO         2011    .constdata          m_wm.l(qnan.o)
    0x0800b008   0x00000020   Data   RO         2057    Region$$Table       anon$$obj.o


    Execution Region RW_IRAM1 (Base: 0x20000000, Size: 0x00001d48, Max: 0x00030000, ABSOLUTE, COMPRESSED[0x000000d4])

    Base Addr    Size         Type   Attr      Idx    E Section Name        Object

    0x20000000   0x0000000c   Data   RW            4    .data               main.o
    0x2000000c   0x00000004   Data   RW          385    .data               usart1.o
    0x20000010   0x00000002   Data   RW          414    .data               usart2.o
    0x20000012   0x00000002   PAD
    0x20000014   0x00000004   Data   RW          438    .data               usart3.o
    0x20000018   0x00000002   Data   RW          465    .data               usart6.o
    0x2000001a   0x00000001   Data   RW          508    .data               encoder.o
    0x2000001b   0x00000010   Data   RW          836    .data               stm32f4xx_rcc.o
    0x2000002b   0x00000001   PAD
    0x2000002c   0x00000014   Data   RW          953    .data               system_stm32f4xx.o
    0x20000040   0x00000070   Data   RW         1003    .data               imu.o
    0x200000b0   0x00000030   Data   RW         1031    .data               mpu6500.o
    0x200000e0   0x0000000c   Data   RW         1066    .data               mpu6500_driver.o
    0x200000ec   0x0000007a   Data   RW         1098    .data               iotask.o
    0x20000166   0x00000002   PAD
    0x20000168   0x000003d4   Data   RW         1125    .data               controltask.o
    0x2000053c   0x00000084   Data   RW         1152    .data               remotetask.o
    0x200005c0   0x00000008   Data   RW         1179    .data               canbustask.o
    0x200005c8   0x0000003c   Data   RW         1207    .data               supervisetask.o
    0x20000604   0x00000005   Data   RW         1234    .data               Protocol.lib(protocal_parser.o)
    0x20000609   0x00000001   PAD
    0x2000060a   0x00000002   Data   RW         1600    .data               Protocol.lib(mf_crc16.o)
    0x2000060c   0x00000004   Data   RW         2026    .data               mc_w.l(stdout.o)
    0x20000610   0x00000004   Data   RW         2037    .data               mc_w.l(mvars.o)
    0x20000614   0x00000004   Data   RW         2038    .data               mc_w.l(mvars.o)
    0x20000618   0x00000004   Data   RW         2042    .data               mc_w.l(errno.o)
    0x2000061c   0x0000012c   Zero   RW          384    .bss                usart1.o
    0x20000748   0x00000200   Zero   RW          413    .bss                usart2.o
    0x20000948   0x00000100   Zero   RW          437    .bss                usart3.o
    0x20000a48   0x00000200   Zero   RW          464    .bss                usart6.o
    0x20000c48   0x00000040   Zero   RW         1002    .bss                imu.o
    0x20000c88   0x00000138   Zero   RW         1030    .bss                mpu6500.o
    0x20000dc0   0x0000000c   Zero   RW         1065    .bss                mpu6500_driver.o
    0x20000dcc   0x00000090   Zero   RW         1097    .bss                iotask.o
    0x20000e5c   0x00000047   Zero   RW         1151    .bss                remotetask.o
    0x20000ea3   0x00000001   PAD
    0x20000ea4   0x00000198   Zero   RW         1178    .bss                canbustask.o
    0x2000103c   0x0000010a   Zero   RW         1233    .bss                Protocol.lib(protocal_parser.o)
    0x20001146   0x00000002   PAD
    0x20001148   0x00000200   Zero   RW          551    HEAP                startup_stm32f4xx.o
    0x20001348   0x00000a00   Zero   RW          550    STACK               startup_stm32f4xx.o


==============================================================================

Image component sizes


      Code (inc. data)   RO Data    RW Data    ZI Data      Debug   Object Name

       124          6          0          0          0        551   bsp.o
       372         48          0          0          0       2238   bsp_flash.o
       432         14          0          0          0       1301   can1.o
       336          8          0          0          0       1080   can2.o
      1008         52          0          8        408       3160   canbustask.o
      3272        592          0        980          0       6815   controltask.o
       108          0          0          0          0       1230   delay.o
       156         14          0          1          0       1278   encoder.o
       260          8          0          0          0        951   exti.o
       208         10          0          0          0        660   gun.o
      4336        356          0        112         64       4517   imu.o
      2460        210          0        122        144       9999   iotask.o
        60          6          0          0          0        538   laser.o
       120          8          0          0          0        576   led.o
        92         18          0         12          0     305131   main.o
       224         20          0          0          0     210993   misc.o
      1812        122          0         48        312       8538   mpu6500.o
      1524         46          0         12         12       5836   mpu6500_driver.o
      1668        100          0        132         71       7712   remotetask.o
        36          8        392          0       3072        844   startup_stm32f4xx.o
      2544         38          0          0          0      16244   stm32f4xx_can.o
       936         32          0          0          0      18889   stm32f4xx_dma.o
       284         10          0          0          0       4679   stm32f4xx_exti.o
      1212         26          0          0          0      12229   stm32f4xx_flash.o
       604         36          0          0          0      10405   stm32f4xx_gpio.o
        24          0          0          0          0       1158   stm32f4xx_it.o
      1416         48          0         16          0      23899   stm32f4xx_rcc.o
      1016         22          0          0          0      14853   stm32f4xx_spi.o
       140         12          0          0          0       1699   stm32f4xx_syscfg.o
      3234         60          0          0          0      42052   stm32f4xx_tim.o
      1050         26          0          0          0      13724   stm32f4xx_usart.o
       780         32         44         60          0       5247   supervisetask.o
       528         46          0         20          0       1907   system_stm32f4xx.o
       440         20          0          0          0       1729   timer.o
       540         28          0          4        300       2773   usart1.o
       452         26          0          2        512       2343   usart2.o
       512         18          0          4        256       2948   usart3.o
       416         22          0          2        512       2029   usart6.o

    ----------------------------------------------------------------------
     34740       2148        468       1540       5664     752755   Object Totals
         0          0         32          0          0          0   (incl. Generated)
         4          0          0          5          1          0   (incl. Padding)

    ----------------------------------------------------------------------

      Code (inc. data)   RO Data    RW Data    ZI Data      Debug   Library Member Name

       160         10        512          2          0       2386   mf_crc16.o
       116          4        257          0          0       1882   mf_crc8.o
      1456         28          0          5        266      13116   protocal_parser.o
      1444          0          0          0          0       8256   fifo.o
        32          0          0          0          0       1640   lostcounter.o
       288          4          0          0          0       1785   pid_regulator.o
       112          6          0          0          0       2612   ramp.o
       864         94         80          0          0        280   asin.o
       744        106        152          0          0        352   atan.o
       496         64          0          0          0        192   atan2.o
       104         16          0          0          0        496   dunder.o
        44          0          0          0          0        248   fabs.o
        48          0          0          0          0        124   fpclassify.o
       248          0          0          0          0        152   poly.o
         0          0          8          0          0          0   qnan.o
       232          0          0          0          0        296   sqrt.o
        86          0          0          0          0          0   __dczerorl2.o
         0          0          0          0          0          0   entry.o
         0          0          0          0          0          0   entry10a.o
         0          0          0          0          0          0   entry11a.o
         8          4          0          0          0          0   entry2.o
         4          0          0          0          0          0   entry5.o
         0          0          0          0          0          0   entry7b.o
         0          0          0          0          0          0   entry8b.o
         8          4          0          0          0          0   entry9a.o
        12          6          0          4          0         68   errno.o
        30          0          0          0          0          0   handlers.o
        36          8          0          0          0         68   init.o
         0          0          0          0          0          0   iusefp.o
        30          0          0          0          0         68   llshl.o
        36          0          0          0          0         68   llsshr.o
        32          0          0          0          0         68   llushr.o
       188         20          0          0          0        160   malloc.o
        36          0          0          0          0         68   memcpya.o
        36          0          0          0          0        108   memseta.o
         0          0          0          8          0          0   mvars.o
       372         14          0          0          0        184   printf1.o
         0          0          0          4          0          0   stdout.o
        44          0          0          0          0         80   uidiv.o
        48          0          0          0          0         68   cdcmple.o
        48          0          0          0          0         68   cdrcmple.o
        56          0          0          0          0         88   d2f.o
       334          0          0          0          0        148   dadd.o
       222          0          0          0          0        100   ddiv.o
       186          0          0          0          0        176   depilogue.o
        50          0          0          0          0         76   dfixui.o
        34          0          0          0          0         76   dflti.o
       228          0          0          0          0         96   dmul.o
       162          0          0          0          0        100   dsqrt.o
        38          0          0          0          0         68   f2d.o
       110          0          0          0          0        168   fepilogue.o

    ----------------------------------------------------------------------
      8872        388       1016         24        268      35989   Library Totals
        10          0          7          1          2          0   (incl. Padding)

    ----------------------------------------------------------------------

      Code (inc. data)   RO Data    RW Data    ZI Data      Debug   Library Name

      1732         42        769          7        266      17384   Protocol.lib
      1876         10          0          0          0      14293   RMLib.lib
      2780        280        240          0          0       2140   m_wm.l
       958         56          0         16          0        940   mc_w.l
      1516          0          0          0          0       1232   mf_w.l

    ----------------------------------------------------------------------
      8872        388       1016         24        268      35989   Library Totals

    ----------------------------------------------------------------------

==============================================================================


      Code (inc. data)   RO Data    RW Data    ZI Data      Debug   

     43612       2536       1484       1564       5932     777136   Grand Totals
     43612       2536       1484        212       5932     777136   ELF Image Totals (compressed)
     43612       2536       1484        212          0          0   ROM Totals

==============================================================================

    Total RO  Size (Code + RO Data)                45096 (  44.04kB)
    Total RW  Size (RW Data + ZI Data)              7496 (   7.32kB)
    Total ROM Size (Code + RO Data + RW Data)      45308 (  44.25kB)

==============================================================================

